 model_sfun

 Timestamp is 685800f1 (Sun Jun 22 14:11:13 2025)

 Preferred load address is 0000000180000000

 Start         Length     Name                   Class
 0001:00000000 00010af0H .text$mn                CODE
 0001:00010af0 00000036H .text$mn$00             CODE
 0001:00010b26 00000092H .text$x                 CODE
 0002:00000000 00000470H .idata$5                DATA
 0002:00000470 00000038H .00cfg                  DATA
 0002:000004a8 00000008H .CRT$XCA                DATA
 0002:000004b0 00000008H .CRT$XCZ                DATA
 0002:000004b8 00000008H .CRT$XIA                DATA
 0002:000004c0 00000008H .CRT$XIZ                DATA
 0002:000004c8 00000008H .CRT$XPA                DATA
 0002:000004d0 00000008H .CRT$XPZ                DATA
 0002:000004d8 00000008H .CRT$XTA                DATA
 0002:000004e0 00000010H .CRT$XTZ                DATA
 0002:000004e8 00000000H .gehcont$y              DATA
 0002:000004e8 00000000H .gfids$y                DATA
 0002:000004f0 00000290H .rdata                  DATA
 0002:00000780 00000080H .rdata$CastGuardVftablesA DATA
 0002:00000800 00000080H .rdata$CastGuardVftablesC DATA
 0002:00000880 00000180H .rdata$voltmd           DATA
 0002:00000a00 00000278H .rdata$zzzdbg           DATA
 0002:00000c78 00000008H .rtc$IAA                DATA
 0002:00000c80 00000008H .rtc$IZZ                DATA
 0002:00000c88 00000008H .rtc$TAA                DATA
 0002:00000c90 00000008H .rtc$TZZ                DATA
 0002:00000c98 00000a68H .xdata                  DATA
 0002:00001700 00000074H .edata                  DATA
 0002:00001774 00000104H .idata$2                DATA
 0002:00001878 00000018H .idata$3                DATA
 0002:00001890 00000470H .idata$4                DATA
 0002:00001d00 00000c6aH .idata$6                DATA
 0003:00000000 00004900H .data                   DATA
 0003:00004900 00000bb0H .bss                    DATA
 0004:00000000 00000cccH .pdata                  DATA

  Address         Publics by Value              Rva+Base               Lib:Object

 0000:00000000       __AbsoluteZero             0000000000000000     <absolute>
 0000:00000000       ___safe_se_handler_count   0000000000000000     <absolute>
 0000:00000000       ___safe_se_handler_table   0000000000000000     <absolute>
 0000:00000000       __arm64x_extra_rfe_table   0000000000000000     <absolute>
 0000:00000000       __arm64x_extra_rfe_table_size 0000000000000000     <absolute>
 0000:00000000       __arm64x_native_entrypoint 0000000000000000     <absolute>
 0000:00000000       __arm64x_redirection_metadata 0000000000000000     <absolute>
 0000:00000000       __arm64x_redirection_metadata_count 0000000000000000     <absolute>
 0000:00000000       __dynamic_value_reloc_table 0000000000000000     <absolute>
 0000:00000000       __enclave_config           0000000000000000     <absolute>
 0000:00000000       __guard_check_icall_a64n_fptr 0000000000000000     <absolute>
 0000:00000000       __guard_eh_cont_count      0000000000000000     <absolute>
 0000:00000000       __guard_eh_cont_table      0000000000000000     <absolute>
 0000:00000000       __guard_fids_count         0000000000000000     <absolute>
 0000:00000000       __guard_fids_table         0000000000000000     <absolute>
 0000:00000000       __guard_iat_count          0000000000000000     <absolute>
 0000:00000000       __guard_iat_table          0000000000000000     <absolute>
 0000:00000000       __guard_longjmp_count      0000000000000000     <absolute>
 0000:00000000       __guard_longjmp_table      0000000000000000     <absolute>
 0000:00000000       __hybrid_auxiliary_delayload_iat 0000000000000000     <absolute>
 0000:00000000       __hybrid_auxiliary_delayload_iat_copy 0000000000000000     <absolute>
 0000:00000000       __hybrid_auxiliary_iat     0000000000000000     <absolute>
 0000:00000000       __hybrid_auxiliary_iat_copy 0000000000000000     <absolute>
 0000:00000000       __hybrid_code_map          0000000000000000     <absolute>
 0000:00000000       __hybrid_code_map_count    0000000000000000     <absolute>
 0000:00000000       __hybrid_image_info_bitfield 0000000000000000     <absolute>
 0000:00000000       __x64_code_ranges_to_entry_points 0000000000000000     <absolute>
 0000:00000000       __x64_code_ranges_to_entry_points_count 0000000000000000     <absolute>
 0000:00000100       __guard_flags              0000000000000100     <absolute>
 0000:00000000       __ImageBase                0000000180000000     <linker-defined>
 0001:00000000       model_initializer          0000000180001000 f   model_sfun.obj
 0001:00000010       model_terminator           0000000180001010 f   model_sfun.obj
 0001:00000020       load_model_optimization_info 0000000180001020 f   model_sfun.obj
 0001:000000d0       unload_model_optimization_info 00000001800010d0 f   model_sfun.obj
 0001:00000100       sf_model_method_dispatcher 0000000180001100 f   model_sfun.obj
 0001:00000150       sf_model_process_check_sum_call 0000000180001150 f   model_sfun.obj
 0001:00000650       sf_model_get_eml_resolved_functions_info 0000000180001650 f   model_sfun.obj
 0001:00000840       sf_model_third_party_uses_info 0000000180001840 f   model_sfun.obj
 0001:00000a10       sf_model_jit_fallback_info 0000000180001a10 f   model_sfun.obj
 0001:00000be0       sf_model_get_post_codegen_info 0000000180001be0 f   model_sfun.obj
 0001:00000dc0       sf_model_updateBuildInfo_args_info 0000000180001dc0 f   model_sfun.obj
 0001:00000f90       sf_c2_model_get_eml_resolved_functions_info 0000000180001f90 f   c2_model.obj
 0001:00001010       sf_c2_model_get_check_sum  0000000180002010 f   c2_model.obj
 0001:000010e0       c2_model_method_dispatcher 00000001800020e0 f   c2_model.obj
 0001:00003990       sf_c2_model_third_party_uses_info 0000000180004990 f   c2_model.obj
 0001:000039e0       sf_c2_model_jit_fallback_info 00000001800049e0 f   c2_model.obj
 0001:00003b70       sf_c2_model_updateBuildInfo_args_info 0000000180004b70 f   c2_model.obj
 0001:00003ea0       sf_c2_model_get_post_codegen_info 0000000180004ea0 f   c2_model.obj
 0001:00004380       mexFunction                0000000180005380 f   model_sfun_registry.obj
 0001:00006cc0       _ssSetInputPortDirectFeedThroughFcn 0000000180007cc0 f   model_sfun_registry.obj
 0001:00006e30       _ssSetRWorkValueFcn        0000000180007e30 f   model_sfun_registry.obj
 0001:00006eb0       _ssGetRWorkValueFcn        0000000180007eb0 f   model_sfun_registry.obj
 0001:00006f20       _ssSetIWorkValueFcn        0000000180007f20 f   model_sfun_registry.obj
 0001:00006fa0       _ssGetIWorkValueFcn        0000000180007fa0 f   model_sfun_registry.obj
 0001:00007010       _ssSetPWorkValueFcn        0000000180008010 f   model_sfun_registry.obj
 0001:00007090       _ssGetPWorkValueFcn        0000000180008090 f   model_sfun_registry.obj
 0001:00007100       _ssGetInputPortSignalFcn   0000000180008100 f   model_sfun_registry.obj
 0001:00007490       _ssGetInputPortBufferDstPortFcn 0000000180008490 f   model_sfun_registry.obj
 0001:00007510       _ssGetInputPortSignalPtrsFcn 0000000180008510 f   model_sfun_registry.obj
 0001:000078a0       ssGetParameterTuningCompliance 00000001800088a0 f   model_sfun_registry.obj
 0001:00007910       _ssReadInputStringFcn      0000000180008910 f   model_sfun_registry.obj
 0001:00007980       ssGetDTypeIdFromMxArray    0000000180008980 f   model_sfun_registry.obj
 0001:00007aa0       ssWriteRTWMx2dMatParam     0000000180008aa0 f   model_sfun_registry.obj
 0001:00007b30       ssWriteRTWMxVectParam      0000000180008b30 f   model_sfun_registry.obj
 0001:00007bb0       ssWriteRTWParameters       0000000180008bb0 f   model_sfun_registry.obj
 0001:00008170       ssWriteRTWParamSettings    0000000180009170 f   model_sfun_registry.obj
 0001:00008860       ssWriteRTWStr              0000000180009860 f   model_sfun_registry.obj
 0001:000088c0       ssWriteRTWWorkVect         00000001800098c0 f   model_sfun_registry.obj
 0001:00008e20       ssWarning                  0000000180009e20 f   model_sfun_registry.obj
 0001:00008f10       ssGetRootSS                0000000180009f10 f   model_sfun_registry.obj
 0001:00008fd0       ssGetParentSS              0000000180009fd0 f   model_sfun_registry.obj
 0001:00009090       ssWriteRTWNameValuePair    000000018000a090 f   model_sfun_registry.obj
 0001:00009590       _ssSetInputPortMatrixDimensions 000000018000a590 f   model_sfun_registry.obj
 0001:000096e0       _ssSetOutputPortMatrixDimensions 000000018000a6e0 f   model_sfun_registry.obj
 0001:00009830       _ssSetInputPortVectorDimension 000000018000a830 f   model_sfun_registry.obj
 0001:000098e0       _ssSetOutputPortVectorDimension 000000018000a8e0 f   model_sfun_registry.obj
 0001:00009990       ssIsRunTimeParamTunable    000000018000a990 f   model_sfun_registry.obj
 0001:00009a00       ssGetSFuncBlockHandle      000000018000aa00 f   model_sfun_registry.obj
 0001:00009a70       _ssGetCallSystemNumFcnCallDestinations 000000018000aa70 f   model_sfun_registry.obj
 0001:00009ae0       _ssGetCurrentInputPortWidth 000000018000aae0 f   model_sfun_registry.obj
 0001:00009c20       _ssGetCurrentOutputPortWidth 000000018000ac20 f   model_sfun_registry.obj
 0001:00009d60       ssGetIsZeroCrossControlDisabled 000000018000ad60 f   model_sfun_registry.obj
 0001:00009dd0       ssSetIsInputPortUsedForContZcSignal 000000018000add0 f   model_sfun_registry.obj
 0001:00009e40       ssSetZcSignalIsZcElementDisc 000000018000ae40 f   model_sfun_registry.obj
 0001:00009ef0       ssSetZcSignalName          000000018000aef0 f   model_sfun_registry.obj
 0001:00009f60       ssSetZcSignalWidth         000000018000af60 f   model_sfun_registry.obj
 0001:00009fd0       ssSetZcSignalZcEventType   000000018000afd0 f   model_sfun_registry.obj
 0001:0000a040       ssSetZcSignalType          000000018000b040 f   model_sfun_registry.obj
 0001:0000a0b0       ssSetZcSignalZcTol         000000018000b0b0 f   model_sfun_registry.obj
 0001:0000a120       ssSetZcSignalNeedsEventNotification 000000018000b120 f   model_sfun_registry.obj
 0001:0000a190       ssCreateAndAddZcSignalInfo 000000018000b190 f   model_sfun_registry.obj
 0001:0000a200       ssCloneAndAddZcSignalInfo  000000018000b200 f   model_sfun_registry.obj
 0001:0000a270       ssGetNumZcSignals          000000018000b270 f   model_sfun_registry.obj
 0001:0000a2e0       ssGetZcSignalVector        000000018000b2e0 f   model_sfun_registry.obj
 0001:0000a350       ssGetZcSignalName          000000018000b350 f   model_sfun_registry.obj
 0001:0000a3c0       ssGetZcSignalWidth         000000018000b3c0 f   model_sfun_registry.obj
 0001:0000a430       ssGetZcSignalZcEventType   000000018000b430 f   model_sfun_registry.obj
 0001:0000a4a0       ssGetZcSignalZcEvents      000000018000b4a0 f   model_sfun_registry.obj
 0001:0000a510       ssGetZcSignalType          000000018000b510 f   model_sfun_registry.obj
 0001:0000a580       ssGetZcSignalZcTol         000000018000b580 f   model_sfun_registry.obj
 0001:0000a600       ssGetZcSignalNeedsEventNotification 000000018000b600 f   model_sfun_registry.obj
 0001:0000a670       ssGetZcSignalIsZcElementDisc 000000018000b670 f   model_sfun_registry.obj
 0001:0000a710       ssGetIsInputPortElementContinuous 000000018000b710 f   model_sfun_registry.obj
 0001:0000a7b0       _ssGetAbsTol               000000018000b7b0 f   model_sfun_registry.obj
 0001:0000a820       _ssSetStateAbsTol          000000018000b820 f   model_sfun_registry.obj
 0001:0000a900       _ssSetInputPortReusableFcn 000000018000b900 f   model_sfun_registry.obj
 0001:0000aa00       _ssSetOutputPortReusableFcn 000000018000ba00 f   model_sfun_registry.obj
 0001:0000ab00       _ssSetSymbolicDimsSupport  000000018000bb00 f   model_sfun_registry.obj
 0001:0000ab70       _ssRegisterSymbolicDimsExpr 000000018000bb70 f   model_sfun_registry.obj
 0001:0000abf0       _ssRegisterSymbolicDimsMATLABExpr 000000018000bbf0 f   model_sfun_registry.obj
 0001:0000ac80       _ssRegisterSymbolicDims    000000018000bc80 f   model_sfun_registry.obj
 0001:0000ad20       _ssRegisterSymbolicDimsString 000000018000bd20 f   model_sfun_registry.obj
 0001:0000ada0       _ssRegisterSymbolicDimsIntValue 000000018000bda0 f   model_sfun_registry.obj
 0001:0000ae10       _ssRegisterSymbolicEqualRelation 000000018000be10 f   model_sfun_registry.obj
 0001:0000ae80       _ssRegisterSymbolicEqualValue 000000018000be80 f   model_sfun_registry.obj
 0001:0000aef0       _ssAmendLeadingSymbolicDims 000000018000bef0 f   model_sfun_registry.obj
 0001:0000af70       _ssAmendTrailingSymbolicDims 000000018000bf70 f   model_sfun_registry.obj
 0001:0000aff0       _ssRegisterSymbolicDimsPlus 000000018000bff0 f   model_sfun_registry.obj
 0001:0000b070       _ssRegisterSymbolicDimsMinus 000000018000c070 f   model_sfun_registry.obj
 0001:0000b0f0       _ssRegisterSymbolicDimsMultiply 000000018000c0f0 f   model_sfun_registry.obj
 0001:0000b170       _ssRegisterSymbolicDimsDivide 000000018000c170 f   model_sfun_registry.obj
 0001:0000b1f0       _ssGetNumSymbolicDims      000000018000c1f0 f   model_sfun_registry.obj
 0001:0000b260       _ssGetSymbolicDim          000000018000c260 f   model_sfun_registry.obj
 0001:0000b2e0       _ssSetInputPortSymbolicDimsId 000000018000c2e0 f   model_sfun_registry.obj
 0001:0000b350       _ssGetCompInputPortSymbolicDimsId 000000018000c350 f   model_sfun_registry.obj
 0001:0000b3c0       _ssSetCompInputPortSymbolicDimsId 000000018000c3c0 f   model_sfun_registry.obj
 0001:0000b430       _ssSetOutputPortSymbolicDimsId 000000018000c430 f   model_sfun_registry.obj
 0001:0000b4a0       _ssGetCompOutputPortSymbolicDimsId 000000018000c4a0 f   model_sfun_registry.obj
 0001:0000b510       _ssSetCompOutputPortSymbolicDimsId 000000018000c510 f   model_sfun_registry.obj
 0001:0000b580       _ssGetDWorkSymbolicDimsId  000000018000c580 f   model_sfun_registry.obj
 0001:0000b5f0       _ssSetDWorkSymbolicDimsId  000000018000c5f0 f   model_sfun_registry.obj
 0001:0000b660       _ssGetCompDWorkSymbolicDimsId 000000018000c660 f   model_sfun_registry.obj
 0001:0000b6d0       _ssSetCompDWorkSymbolicDimsId 000000018000c6d0 f   model_sfun_registry.obj
 0001:0000b740       _ssCreateSLCGStringBuffer  000000018000c740 f   model_sfun_registry.obj
 0001:0000b7b0       _ssAddToSLCGStringBuffer   000000018000c7b0 f   model_sfun_registry.obj
 0001:0000b820       _ssGetPointerContainedData 000000018000c820 f   model_sfun_registry.obj
 0001:0000b8b0       _ssGetPointerContainedDataWidth 000000018000c8b0 f   model_sfun_registry.obj
 0001:0000b940       _ssRegisterDynamicArrayDataTypeFcn 000000018000c940 f   model_sfun_registry.obj
 0001:0000b9e0       _ssGetDynamicArrayContainedDataCurrentWidthFcn 000000018000c9e0 f   model_sfun_registry.obj
 0001:0000bab0       _ssGetDynamicArrayContainedDataFcn 000000018000cab0 f   model_sfun_registry.obj
 0001:0000bb80       _ssGetInputPortDynamicArrayDataFcn 000000018000cb80 f   model_sfun_registry.obj
 0001:0000bc40       _ssGetOutputPortDynamicArrayDataFcn 000000018000cc40 f   model_sfun_registry.obj
 0001:0000bd00       _ssGetInputPortDynamicArrayContainedDataFcn 000000018000cd00 f   model_sfun_registry.obj
 0001:0000bdc0       _ssGetOutputPortDynamicArrayContainedDataFcn 000000018000cdc0 f   model_sfun_registry.obj
 0001:0000be80       _ssGetDynamicArrayDWorkContainedDataFcn 000000018000ce80 f   model_sfun_registry.obj
 0001:0000bf40       sf_process_check_sum_call  000000018000cf40 f   model_sfun_registry.obj
 0001:0000bf90       sf_process_get_third_party_uses_info_call 000000018000cf90 f   model_sfun_registry.obj
 0001:0000c1c0       sf_process_get_jit_fallback_info_call 000000018000d1c0 f   model_sfun_registry.obj
 0001:0000c3f0       sf_process_get_post_codegen_info_call 000000018000d3f0 f   model_sfun_registry.obj
 0001:0000c620       sf_process_get_updateBuildInfo_args_info_call 000000018000d620 f   model_sfun_registry.obj
 0001:0000c850       sf_process_get_eml_resolved_functions_info_call 000000018000d850 f   model_sfun_registry.obj
 0001:0000ca80       sf_mex_unlock_call         000000018000da80 f   model_sfun_registry.obj
 0001:0000cca0       sf_machine_global_initializer_called 000000018000dca0 f   model_sfun_registry.obj
 0001:0000ccd0       sf_machine_global_method_dispatcher 000000018000dcd0 f   model_sfun_registry.obj
 0001:0000cd30       sf_machine_global_terminator 000000018000dd30 f   model_sfun_registry.obj
 0001:0000cd70       callCustomFcn              000000018000dd70 f   model_sfun_registry.obj
 0001:0000cd80       sf_machine_global_initializer 000000018000dd80 f   model_sfun_registry.obj
 0001:0000cdb0       mdlGetSimState             000000018000ddb0 f   model_sfun_registry.obj
 0001:0000cdf0       mdlSetSimState             000000018000ddf0 f   model_sfun_registry.obj
 0001:0000d7a0       ProcessMexSfunctionEveryCall 000000018000e7a0 f   model_sfun_registry.obj
 0001:0000e930       __local_stdio_printf_options 000000018000f930 f i model_sfun_registry.obj
 0001:0000e940       _vsnprintf_l               000000018000f940 f i model_sfun_registry.obj
 0001:0000e9c0       _vsprintf_l                000000018000f9c0 f i model_sfun_registry.obj
 0001:0000ea10       sprintf                    000000018000fa10 f i model_sfun_registry.obj
 0001:0000ea60       mexfilerequiredapiversion  000000018000fa60 f   c_mexapi_version.obj
 0001:0000ea90       getBitfieldFromFloat       000000018000fa90 f   half_type.obj
 0001:0000eac0       getFloatFromBitfield       000000018000fac0 f   half_type.obj
 0001:0000eaf0       getBitfieldFromHalf        000000018000faf0 f   half_type.obj
 0001:0000eb10       getHalfFromBitfield        000000018000fb10 f   half_type.obj
 0001:0000eb40       halfToFloat                000000018000fb40 f   half_type.obj
 0001:0000ecc0       halfToDouble               000000018000fcc0 f   half_type.obj
 0001:0000ecf0       floatToHalf                000000018000fcf0 f   half_type.obj
 0001:0000ef50       doubleToHalf               000000018000ff50 f   half_type.obj
 0001:0000f23b       kdtreeDeleteObj_single     000000018001023b f   libmwkdtree:libmwkdtree.dll
 0001:0000f241       kdtreeDeleteLocationDataPointer_single 0000000180010241 f   libmwkdtree:libmwkdtree.dll
 0001:0000f247       sf_load_rtw_optimization_info 0000000180010247 f   sf_runtime:sf_runtime.dll
 0001:0000f24d       sf_mex_decode              000000018001024d f   sf_runtime:sf_runtime.dll
 0001:0000f253       sf_init_ChartRunTimeInfo   0000000180010253 f   sf_runtime:sf_runtime.dll
 0001:0000f259       sf_free_ChartRunTimeInfo   0000000180010259 f   sf_runtime:sf_runtime.dll
 0001:0000f25f       sf_reset_warnings_ChartRunTimeInfo 000000018001025f f   sf_runtime:sf_runtime.dll
 0001:0000f265       sfrtGetEmlrtCtx            0000000180010265 f   sf_runtime:sf_runtime.dll
 0001:0000f26b       sfrtGetCovrtInstance       000000018001026b f   sf_runtime:sf_runtime.dll
 0001:0000f271       sf_get_chart_instance_ptr  0000000180010271 f   sf_runtime:sf_runtime.dll
 0001:0000f277       sfSetAnimationVectors      0000000180010277 f   sf_runtime:sf_runtime.dll
 0001:0000f27d       sim_mode_is_rtw_gen        000000018001027d f   sf_runtime:sf_runtime.dll
 0001:0000f283       sim_mode_is_external       0000000180010283 f   sf_runtime:sf_runtime.dll
 0001:0000f289       sf_clear_rtw_identifier    0000000180010289 f   sf_runtime:sf_runtime.dll
 0001:0000f28f       sf_get_time                000000018001028f f   sf_runtime:sf_runtime.dll
 0001:0000f295       sf_set_work_widths         0000000180010295 f   sf_runtime:sf_runtime.dll
 0001:0000f29b       mdlProcessParamsCommon     000000018001029b f   sf_runtime:sf_runtime.dll
 0001:0000f2a1       sf_mex_error_message       00000001800102a1 f   sf_runtime:sf_runtime.dll
 0001:0000f2a7       sf_mex_create              00000001800102a7 f   sf_runtime:sf_runtime.dll
 0001:0000f2ad       sf_mex_createcellmatrix    00000001800102ad f   sf_runtime:sf_runtime.dll
 0001:0000f2b3       sf_mex_setcell             00000001800102b3 f   sf_runtime:sf_runtime.dll
 0001:0000f2b9       sf_mex_getcell             00000001800102b9 f   sf_runtime:sf_runtime.dll
 0001:0000f2bf       sf_mex_assign              00000001800102bf f   sf_runtime:sf_runtime.dll
 0001:0000f2c5       sf_mex_dup                 00000001800102c5 f   sf_runtime:sf_runtime.dll
 0001:0000f2cb       sf_mex_destroy             00000001800102cb f   sf_runtime:sf_runtime.dll
 0001:0000f2d1       sf_mex_import              00000001800102d1 f   sf_runtime:sf_runtime.dll
 0001:0000f2d7       ssGetInputPortSignal_wrapper 00000001800102d7 f   sf_runtime:sf_runtime.dll
 0001:0000f2dd       ssGetOutputPortSignal_wrapper 00000001800102dd f   sf_runtime:sf_runtime.dll
 0001:0000f2e3       sf_get_ChartInfoStruct_CodeGen 00000001800102e3 f   sf_runtime:sf_runtime.dll
 0001:0000f2e9       sf_get_hasSeparateUpdateOutputs 00000001800102e9 f   sf_runtime:sf_runtime.dll
 0001:0000f2ef       callMdlMethodAndReportError 00000001800102ef f   sf_runtime:sf_runtime.dll
 0001:0000f2f5       call_sf_machine_global_method_dispatcher 00000001800102f5 f   sf_runtime:sf_runtime.dll
 0001:0000f2fb       getRuntimeInstanceInfoAsVoid 00000001800102fb f   sf_runtime:sf_runtime.dll
 0001:0000f301       sf_mex_error_direct_call   0000000180010301 f   sf_runtime:sf_runtime.dll
 0001:0000f307       sf_clear_error_manager_info 0000000180010307 f   sf_runtime:sf_runtime.dll
 0001:0000f30d       mxIsChar_800               000000018001030d f   libmx:libmx.dll
 0001:0000f313       mxGetScalar_800            0000000180010313 f   libmx:libmx.dll
 0001:0000f319       mxGetPr_800                0000000180010319 f   libmx:libmx.dll
 0001:0000f31f       mxDestroyArray_800         000000018001031f f   libmx:libmx.dll
 0001:0000f325       mxCreateDoubleMatrix_800   0000000180010325 f   libmx:libmx.dll
 0001:0000f32b       mxGetString_800            000000018001032b f   libmx:libmx.dll
 0001:0000f331       mxDuplicateArray_800       0000000180010331 f   libmx:libmx.dll
 0001:0000f337       mxSetCell_800              0000000180010337 f   libmx:libmx.dll
 0001:0000f33d       mxSetField_800             000000018001033d f   libmx:libmx.dll
 0001:0000f343       mxCreateString_800         0000000180010343 f   libmx:libmx.dll
 0001:0000f349       mxCreateCellMatrix_800     0000000180010349 f   libmx:libmx.dll
 0001:0000f34f       mxCreateStructMatrix_800   000000018001034f f   libmx:libmx.dll
 0001:0000f355       mxCalloc_800               0000000180010355 f   libmx:libmx.dll
 0001:0000f35b       mxGetM_800                 000000018001035b f   libmx:libmx.dll
 0001:0000f361       mxGetClassID_800           0000000180010361 f   libmx:libmx.dll
 0001:0000f367       mxIsNumeric_800            0000000180010367 f   libmx:libmx.dll
 0001:0000f36d       mxIsComplex_800            000000018001036d f   libmx:libmx.dll
 0001:0000f373       mxGetN_800                 0000000180010373 f   libmx:libmx.dll
 0001:0000f379       mxCreateDoubleScalar_800   0000000180010379 f   libmx:libmx.dll
 0001:0000f37f       mexMakeArrayPersistent_800 000000018001037f f   libmex:libmex.dll
 0001:0000f385       mexErrMsgTxt_800           0000000180010385 f   libmex:libmex.dll
 0001:0000f38b       mexWarnMsgTxt_800          000000018001038b f   libmex:libmex.dll
 0001:0000f391       mexCallMATLAB_800          0000000180010391 f   libmex:libmex.dll
 0001:0000f397       mexLock_800                0000000180010397 f   libmex:libmex.dll
 0001:0000f39d       mexUnlock_800              000000018001039d f   libmex:libmex.dll
 0001:0000f3a3       mexIsLocked_800            00000001800103a3 f   libmex:libmex.dll
 0001:0000f3a9       utMalloc                   00000001800103a9 f   libut:libut.dll
 0001:0000f3af       utFree                     00000001800103af f   libut:libut.dll
 0001:0000f3b5       emlrtLicenseCheckR2022a    00000001800103b5 f   libemlrt:libemlrt.dll
 0001:0000f3bb       emlrtSizeMulR2012b         00000001800103bb f   libemlrt:libemlrt.dll
 0001:0000f3c1       emlrtMallocMex             00000001800103c1 f   libemlrt:libemlrt.dll
 0001:0000f3c7       emlrtFreeMex               00000001800103c7 f   libemlrt:libemlrt.dll
 0001:0000f3cd       emlrtHeapReferenceStackEnterFcnR2012b 00000001800103cd f   libemlrt:libemlrt.dll
 0001:0000f3d3       emlrtHeapReferenceStackLeaveFcnR2012b 00000001800103d3 f   libemlrt:libemlrt.dll
 0001:0000f3d9       emlrtPushHeapReferenceStackR2021a 00000001800103d9 f   libemlrt:libemlrt.dll
 0001:0000f3df       emlrtHeapAllocationErrorR2012b 00000001800103df f   libemlrt:libemlrt.dll
 0001:0000f3e5       covrtCreateStateflowInstanceData 00000001800103e5 f   libcovrt:libcovrt.dll
 0001:0000f3eb       covrtDeleteStateflowInstanceData 00000001800103eb f   libcovrt:libcovrt.dll
 0001:0000f3f1       covrtTransInitFcn          00000001800103f1 f   libcovrt:libcovrt.dll
 0001:0000f3f7       covrtStateInitFcn          00000001800103f7 f   libcovrt:libcovrt.dll
 0001:0000f3fd       covrtChartInitFcn          00000001800103fd f   libcovrt:libcovrt.dll
 0001:0000f403       covrtRelationalopUpdateFcn 0000000180010403 f   libcovrt:libcovrt.dll
 0001:0000f409       covrtSigUpdateFcnAssumingCovEnabled 0000000180010409 f   libcovrt:libcovrt.dll
 0001:0000f40f       covrtIsSigCovEnabledFcn    000000018001040f f   libcovrt:libcovrt.dll
 0001:0000f415       covrtEmlInitFcn            0000000180010415 f   libcovrt:libcovrt.dll
 0001:0000f41b       covrtEmlFcnInitFcn         000000018001041b f   libcovrt:libcovrt.dll
 0001:0000f421       covrtEmlIfInitFcn          0000000180010421 f   libcovrt:libcovrt.dll
 0001:0000f427       covrtEmlMCDCInitFcn        0000000180010427 f   libcovrt:libcovrt.dll
 0001:0000f42d       covrtEmlRelationalInitFcn  000000018001042d f   libcovrt:libcovrt.dll
 0001:0000f433       covrtEmlFcnEval            0000000180010433 f   libcovrt:libcovrt.dll
 0001:0000f439       covrtEmlIfEval             0000000180010439 f   libcovrt:libcovrt.dll
 0001:0000f43f       covrtEmlCondEval           000000018001043f f   libcovrt:libcovrt.dll
 0001:0000f445       covrtEmlMcdcEval           0000000180010445 f   libcovrt:libcovrt.dll
 0001:0000f44c       __raise_securityfailure    000000018001044c f   MSVCRT:gs_report.obj
 0001:0000f480       __report_gsfailure         0000000180010480 f   MSVCRT:gs_report.obj
 0001:0000f554       __report_rangecheckfailure 0000000180010554 f   MSVCRT:gs_report.obj
 0001:0000f568       __report_securityfailure   0000000180010568 f   MSVCRT:gs_report.obj
 0001:0000f608       __report_securityfailureEx 0000000180010608 f   MSVCRT:gs_report.obj
 0001:0000f7fc       __GSHandlerCheck           00000001800107fc f   MSVCRT:gshandler.obj
 0001:0000f81c       __GSHandlerCheckCommon     000000018001081c f   MSVCRT:gshandler.obj
 0001:0000f890       __security_check_cookie    0000000180010890 f   MSVCRT:amdsecgs.obj
 0001:0000fbe0       _CRT_INIT                  0000000180010be0 f   MSVCRT:dll_dllmain.obj
 0001:0000fbe8       _DllMainCRTStartup         0000000180010be8 f   MSVCRT:dll_dllmain.obj
 0001:0000fc98       __security_init_cookie     0000000180010c98 f   MSVCRT:gs_support.obj
 0001:0000fd48       DllMain                    0000000180010d48 f   MSVCRT:dll_dllmain_stub.obj
 0001:0000fd6c       ?__scrt_initialize_type_info@@YAXXZ 0000000180010d6c f   MSVCRT:tncleanup.obj
 0001:0000fd7c       ?__scrt_uninitialize_type_info@@YAXXZ 0000000180010d7c f   MSVCRT:tncleanup.obj
 0001:0000fd88       __local_stdio_scanf_options 0000000180010d88 f i MSVCRT:default_local_stdio_options.obj
 0001:0000fd90       __scrt_initialize_default_local_stdio_options 0000000180010d90 f   MSVCRT:default_local_stdio_options.obj
 0001:0000fdac       ?configure_argv@__scrt_narrow_argv_policy@@SAHXZ 0000000180010dac f i MSVCRT:utility.obj
 0001:0000fe0c       ?initialize_environment@__scrt_narrow_environment_policy@@SAHXZ 0000000180010e0c f i MSVCRT:utility.obj
 0001:0000fe44       NtCurrentTeb               0000000180010e44 f i MSVCRT:utility.obj
 0001:0000fe50       __scrt_acquire_startup_lock 0000000180010e50 f   MSVCRT:utility.obj
 0001:0000fe8c       __scrt_dllmain_after_initialize_c 0000000180010e8c f   MSVCRT:utility.obj
 0001:0000fec0       __scrt_dllmain_before_initialize_c 0000000180010ec0 f   MSVCRT:utility.obj
 0001:0000fed8       __scrt_dllmain_crt_thread_attach 0000000180010ed8 f   MSVCRT:utility.obj
 0001:0000ff00       __scrt_dllmain_crt_thread_detach 0000000180010f00 f   MSVCRT:utility.obj
 0001:0000ff18       __scrt_dllmain_exception_filter 0000000180010f18 f   MSVCRT:utility.obj
 0001:0000ff78       __scrt_dllmain_uninitialize_c 0000000180010f78 f   MSVCRT:utility.obj
 0001:0000ffa8       __scrt_dllmain_uninitialize_critical 0000000180010fa8 f   MSVCRT:utility.obj
 0001:0000ffbc       __scrt_initialize_crt      0000000180010fbc f   MSVCRT:utility.obj
 0001:0000fff8       __scrt_initialize_onexit_tables 0000000180010ff8 f   MSVCRT:utility.obj
 0001:00010084       __scrt_is_nonwritable_in_current_image 0000000180011084 f   MSVCRT:utility.obj
 0001:0001011c       __scrt_release_startup_lock 000000018001111c f   MSVCRT:utility.obj
 0001:00010140       __scrt_uninitialize_crt    0000000180011140 f   MSVCRT:utility.obj
 0001:0001016c       _onexit                    000000018001116c f   MSVCRT:utility.obj
 0001:000101a8       at_quick_exit              00000001800111a8 f   MSVCRT:utility.obj
 0001:000101c8       atexit                     00000001800111c8 f   MSVCRT:utility.obj
 0001:000101e0       __scrt_get_dyn_tls_init_callback 00000001800111e0 f   MSVCRT:dyn_tls_init.obj
 0001:000101e8       __crt_debugger_hook        00000001800111e8 f   MSVCRT:utility_desktop.obj
 0001:000101f4       __scrt_fastfail            00000001800111f4 f   MSVCRT:utility_desktop.obj
 0001:00010340       __scrt_get_show_window_mode 0000000180011340 f   MSVCRT:utility_desktop.obj
 0001:0001037c       __scrt_initialize_mta      000000018001137c f   MSVCRT:utility_desktop.obj
 0001:00010384       __scrt_initialize_winrt    0000000180011384 f   MSVCRT:utility_desktop.obj
 0001:00010388       __scrt_is_managed_app      0000000180011388 f   MSVCRT:utility_desktop.obj
 0001:000103dc       __scrt_set_unhandled_exception_filter 00000001800113dc f   MSVCRT:utility_desktop.obj
 0001:000103ec       __scrt_exe_initialize_mta  00000001800113ec f   MSVCRT:utility_desktop.obj
 0001:000103ec       __scrt_stub_for_initialize_mta 00000001800113ec f   MSVCRT:utility_desktop.obj
 0001:000103f0       __scrt_unhandled_exception_filter 00000001800113f0 f   MSVCRT:utility_desktop.obj
 0001:00010454       _RTC_Initialize            0000000180011454 f   MSVCRT:initsect.obj
 0001:00010490       _RTC_Terminate             0000000180011490 f   MSVCRT:initsect.obj
 0001:000104cc       _guard_check_icall_nop     00000001800114cc f i MSVCRT:guard_support.obj
 0001:000104d0       ReadNoFence64              00000001800114d0 f i MSVCRT:guard_support.obj
 0001:000104d4       ReadPointerNoFence         00000001800114d4 f i MSVCRT:guard_support.obj
 0001:000104d8       __castguard_check_failure_debugbreak 00000001800114d8 f i MSVCRT:guard_support.obj
 0001:000104f4       __castguard_check_failure_fastfail 00000001800114f4 f i MSVCRT:guard_support.obj
 0001:00010518       __castguard_check_failure_nop 0000000180011518 f i MSVCRT:guard_support.obj
 0001:0001051c       __castguard_check_failure_os_handled 000000018001151c f i MSVCRT:guard_support.obj
 0001:00010568       __castguard_check_failure_user_handled 0000000180011568 f i MSVCRT:guard_support.obj
 0001:000105dc       __castguard_set_user_handler 00000001800115dc f i MSVCRT:guard_support.obj
 0001:000105e8       __castguard_slow_path_check_debugbreak 00000001800115e8 f i MSVCRT:guard_support.obj
 0001:0001061c       __castguard_slow_path_check_fastfail 000000018001161c f i MSVCRT:guard_support.obj
 0001:00010658       __castguard_slow_path_check_nop 0000000180011658 f i MSVCRT:guard_support.obj
 0001:0001065c       __castguard_slow_path_check_os_handled 000000018001165c f i MSVCRT:guard_support.obj
 0001:000106a8       __castguard_slow_path_check_user_handled 00000001800116a8 f i MSVCRT:guard_support.obj
 0001:00010714       _guard_icall_checks_enforced 0000000180011714 f i MSVCRT:guard_support.obj
 0001:0001072c       _guard_rf_checks_enforced  000000018001172c f i MSVCRT:guard_support.obj
 0001:00010730       __isa_available_init       0000000180011730 f   MSVCRT:cpu_disp.obj
 0001:000109c8       _get_startup_argv_mode     00000001800119c8 f   MSVCRT:argv_mode.obj
 0001:000109d0       __scrt_is_ucrt_dll_in_use  00000001800119d0 f   MSVCRT:ucrt_detection.obj
 0001:000109e0       RtlCaptureContext          00000001800119e0 f   kernel32:KERNEL32.dll
 0001:000109e6       RtlLookupFunctionEntry     00000001800119e6 f   kernel32:KERNEL32.dll
 0001:000109ec       RtlVirtualUnwind           00000001800119ec f   kernel32:KERNEL32.dll
 0001:000109f2       UnhandledExceptionFilter   00000001800119f2 f   kernel32:KERNEL32.dll
 0001:000109f8       SetUnhandledExceptionFilter 00000001800119f8 f   kernel32:KERNEL32.dll
 0001:000109fe       GetCurrentProcess          00000001800119fe f   kernel32:KERNEL32.dll
 0001:00010a04       TerminateProcess           0000000180011a04 f   kernel32:KERNEL32.dll
 0001:00010a0a       IsProcessorFeaturePresent  0000000180011a0a f   kernel32:KERNEL32.dll
 0001:00010a10       QueryPerformanceCounter    0000000180011a10 f   kernel32:KERNEL32.dll
 0001:00010a16       GetCurrentProcessId        0000000180011a16 f   kernel32:KERNEL32.dll
 0001:00010a1c       GetCurrentThreadId         0000000180011a1c f   kernel32:KERNEL32.dll
 0001:00010a22       GetSystemTimeAsFileTime    0000000180011a22 f   kernel32:KERNEL32.dll
 0001:00010a28       DisableThreadLibraryCalls  0000000180011a28 f   kernel32:KERNEL32.dll
 0001:00010a2e       InitializeSListHead        0000000180011a2e f   kernel32:KERNEL32.dll
 0001:00010a34       IsDebuggerPresent          0000000180011a34 f   kernel32:KERNEL32.dll
 0001:00010a3a       GetStartupInfoW            0000000180011a3a f   kernel32:KERNEL32.dll
 0001:00010a40       GetModuleHandleW           0000000180011a40 f   kernel32:KERNEL32.dll
 0001:00010a46       memcpy                     0000000180011a46 f   vcruntime:VCRUNTIME140.dll
 0001:00010a4c       memset                     0000000180011a4c f   vcruntime:VCRUNTIME140.dll
 0001:00010a52       __C_specific_handler       0000000180011a52 f   vcruntime:VCRUNTIME140.dll
 0001:00010a58       __std_type_info_destroy_list 0000000180011a58 f   vcruntime:VCRUNTIME140.dll
 0001:00010a5e       __current_exception        0000000180011a5e f   vcruntime:VCRUNTIME140.dll
 0001:00010a64       __current_exception_context 0000000180011a64 f   vcruntime:VCRUNTIME140.dll
 0001:00010a6a       strcmp                     0000000180011a6a f   ucrt:api-ms-win-crt-string-l1-1-0.dll
 0001:00010a70       strcat                     0000000180011a70 f   ucrt:api-ms-win-crt-string-l1-1-0.dll
 0001:00010a76       __stdio_common_vsprintf    0000000180011a76 f   ucrt:api-ms-win-crt-stdio-l1-1-0.dll
 0001:00010a7c       free                       0000000180011a7c f   ucrt:api-ms-win-crt-heap-l1-1-0.dll
 0001:00010a82       malloc                     0000000180011a82 f   ucrt:api-ms-win-crt-heap-l1-1-0.dll
 0001:00010a88       strlen                     0000000180011a88 f   ucrt:api-ms-win-crt-string-l1-1-0.dll
 0001:00010a8e       _initterm                  0000000180011a8e f   ucrt:api-ms-win-crt-runtime-l1-1-0.dll
 0001:00010a94       _initterm_e                0000000180011a94 f   ucrt:api-ms-win-crt-runtime-l1-1-0.dll
 0001:00010a9a       _seh_filter_dll            0000000180011a9a f   ucrt:api-ms-win-crt-runtime-l1-1-0.dll
 0001:00010aa0       _configure_narrow_argv     0000000180011aa0 f   ucrt:api-ms-win-crt-runtime-l1-1-0.dll
 0001:00010aa6       _initialize_narrow_environment 0000000180011aa6 f   ucrt:api-ms-win-crt-runtime-l1-1-0.dll
 0001:00010aac       _initialize_onexit_table   0000000180011aac f   ucrt:api-ms-win-crt-runtime-l1-1-0.dll
 0001:00010ab2       _register_onexit_function  0000000180011ab2 f   ucrt:api-ms-win-crt-runtime-l1-1-0.dll
 0001:00010ab8       _execute_onexit_table      0000000180011ab8 f   ucrt:api-ms-win-crt-runtime-l1-1-0.dll
 0001:00010abe       _crt_atexit                0000000180011abe f   ucrt:api-ms-win-crt-runtime-l1-1-0.dll
 0001:00010ac4       _crt_at_quick_exit         0000000180011ac4 f   ucrt:api-ms-win-crt-runtime-l1-1-0.dll
 0001:00010aca       _cexit                     0000000180011aca f   ucrt:api-ms-win-crt-runtime-l1-1-0.dll
 0001:00010ad0       terminate                  0000000180011ad0 f   ucrt:api-ms-win-crt-runtime-l1-1-0.dll
 0001:00010ad8       __acrt_initialize          0000000180011ad8 f   MSVCRT:ucrt_stubs.obj
 0001:00010ad8       __scrt_stub_for_acrt_initialize 0000000180011ad8 f   MSVCRT:ucrt_stubs.obj
 0001:00010ad8       __vcrt_initialize          0000000180011ad8 f   MSVCRT:ucrt_stubs.obj
 0001:00010adc       __acrt_thread_attach       0000000180011adc f   MSVCRT:ucrt_stubs.obj
 0001:00010adc       __scrt_stub_for_acrt_thread_attach 0000000180011adc f   MSVCRT:ucrt_stubs.obj
 0001:00010adc       __vcrt_thread_attach       0000000180011adc f   MSVCRT:ucrt_stubs.obj
 0001:00010ae0       __acrt_thread_detach       0000000180011ae0 f   MSVCRT:ucrt_stubs.obj
 0001:00010ae0       __scrt_stub_for_acrt_thread_detach 0000000180011ae0 f   MSVCRT:ucrt_stubs.obj
 0001:00010ae0       __vcrt_thread_detach       0000000180011ae0 f   MSVCRT:ucrt_stubs.obj
 0001:00010ae4       __acrt_uninitialize        0000000180011ae4 f   MSVCRT:ucrt_stubs.obj
 0001:00010ae4       __scrt_stub_for_acrt_uninitialize 0000000180011ae4 f   MSVCRT:ucrt_stubs.obj
 0001:00010ae4       __vcrt_uninitialize        0000000180011ae4 f   MSVCRT:ucrt_stubs.obj
 0001:00010ae8       __acrt_uninitialize_critical 0000000180011ae8 f   MSVCRT:ucrt_stubs.obj
 0001:00010ae8       __scrt_stub_for_acrt_uninitialize_critical 0000000180011ae8 f   MSVCRT:ucrt_stubs.obj
 0001:00010ae8       __vcrt_uninitialize_critical 0000000180011ae8 f   MSVCRT:ucrt_stubs.obj
 0001:00010aec       __scrt_stub_for_is_c_termination_complete 0000000180011aec f   MSVCRT:ucrt_stubs.obj
 0001:00010aec       _is_c_termination_complete 0000000180011aec f   MSVCRT:ucrt_stubs.obj
 0001:00010b00       _guard_dispatch_icall_nop  0000000180011b00 f   MSVCRT:guard_dispatch.obj
 0001:00010b20       _guard_xfg_dispatch_icall_nop 0000000180011b20 f   MSVCRT:guard_xfg_dispatch.obj
 0002:00000000       __imp_IsDebuggerPresent    0000000180012000     kernel32:KERNEL32.dll
 0002:00000008       __imp_IsProcessorFeaturePresent 0000000180012008     kernel32:KERNEL32.dll
 0002:00000010       __imp_RtlCaptureContext    0000000180012010     kernel32:KERNEL32.dll
 0002:00000018       __imp_RtlLookupFunctionEntry 0000000180012018     kernel32:KERNEL32.dll
 0002:00000020       __imp_QueryPerformanceCounter 0000000180012020     kernel32:KERNEL32.dll
 0002:00000028       __imp_GetCurrentProcessId  0000000180012028     kernel32:KERNEL32.dll
 0002:00000030       __imp_GetCurrentThreadId   0000000180012030     kernel32:KERNEL32.dll
 0002:00000038       __imp_GetSystemTimeAsFileTime 0000000180012038     kernel32:KERNEL32.dll
 0002:00000040       __imp_DisableThreadLibraryCalls 0000000180012040     kernel32:KERNEL32.dll
 0002:00000048       __imp_InitializeSListHead  0000000180012048     kernel32:KERNEL32.dll
 0002:00000050       __imp_GetStartupInfoW      0000000180012050     kernel32:KERNEL32.dll
 0002:00000058       __imp_GetModuleHandleW     0000000180012058     kernel32:KERNEL32.dll
 0002:00000060       __imp_GetCurrentProcess    0000000180012060     kernel32:KERNEL32.dll
 0002:00000068       __imp_SetUnhandledExceptionFilter 0000000180012068     kernel32:KERNEL32.dll
 0002:00000070       __imp_UnhandledExceptionFilter 0000000180012070     kernel32:KERNEL32.dll
 0002:00000078       __imp_RtlVirtualUnwind     0000000180012078     kernel32:KERNEL32.dll
 0002:00000080       __imp_TerminateProcess     0000000180012080     kernel32:KERNEL32.dll
 0002:00000088       \177KERNEL32_NULL_THUNK_DATA 0000000180012088     kernel32:KERNEL32.dll
 0002:00000090       __imp_memcpy               0000000180012090     vcruntime:VCRUNTIME140.dll
 0002:00000098       __imp_memset               0000000180012098     vcruntime:VCRUNTIME140.dll
 0002:000000a0       __imp___C_specific_handler 00000001800120a0     vcruntime:VCRUNTIME140.dll
 0002:000000a8       __imp___std_type_info_destroy_list 00000001800120a8     vcruntime:VCRUNTIME140.dll
 0002:000000b0       __imp___current_exception  00000001800120b0     vcruntime:VCRUNTIME140.dll
 0002:000000b8       __imp___current_exception_context 00000001800120b8     vcruntime:VCRUNTIME140.dll
 0002:000000c0       \177VCRUNTIME140_NULL_THUNK_DATA 00000001800120c0     vcruntime:VCRUNTIME140.dll
 0002:000000c8       __imp_malloc               00000001800120c8     ucrt:api-ms-win-crt-heap-l1-1-0.dll
 0002:000000d0       __imp_free                 00000001800120d0     ucrt:api-ms-win-crt-heap-l1-1-0.dll
 0002:000000d8       \177api-ms-win-crt-heap-l1-1-0_NULL_THUNK_DATA 00000001800120d8     ucrt:api-ms-win-crt-heap-l1-1-0.dll
 0002:000000e0       __imp__initterm_e          00000001800120e0     ucrt:api-ms-win-crt-runtime-l1-1-0.dll
 0002:000000e8       __imp__seh_filter_dll      00000001800120e8     ucrt:api-ms-win-crt-runtime-l1-1-0.dll
 0002:000000f0       __imp__initialize_narrow_environment 00000001800120f0     ucrt:api-ms-win-crt-runtime-l1-1-0.dll
 0002:000000f8       __imp__initialize_onexit_table 00000001800120f8     ucrt:api-ms-win-crt-runtime-l1-1-0.dll
 0002:00000100       __imp__configure_narrow_argv 0000000180012100     ucrt:api-ms-win-crt-runtime-l1-1-0.dll
 0002:00000108       __imp__register_onexit_function 0000000180012108     ucrt:api-ms-win-crt-runtime-l1-1-0.dll
 0002:00000110       __imp__execute_onexit_table 0000000180012110     ucrt:api-ms-win-crt-runtime-l1-1-0.dll
 0002:00000118       __imp__crt_atexit          0000000180012118     ucrt:api-ms-win-crt-runtime-l1-1-0.dll
 0002:00000120       __imp__crt_at_quick_exit   0000000180012120     ucrt:api-ms-win-crt-runtime-l1-1-0.dll
 0002:00000128       __imp__cexit               0000000180012128     ucrt:api-ms-win-crt-runtime-l1-1-0.dll
 0002:00000130       __imp_terminate            0000000180012130     ucrt:api-ms-win-crt-runtime-l1-1-0.dll
 0002:00000138       __imp__initterm            0000000180012138     ucrt:api-ms-win-crt-runtime-l1-1-0.dll
 0002:00000140       \177api-ms-win-crt-runtime-l1-1-0_NULL_THUNK_DATA 0000000180012140     ucrt:api-ms-win-crt-runtime-l1-1-0.dll
 0002:00000148       __imp___stdio_common_vsprintf 0000000180012148     ucrt:api-ms-win-crt-stdio-l1-1-0.dll
 0002:00000150       \177api-ms-win-crt-stdio-l1-1-0_NULL_THUNK_DATA 0000000180012150     ucrt:api-ms-win-crt-stdio-l1-1-0.dll
 0002:00000158       __imp_strlen               0000000180012158     ucrt:api-ms-win-crt-string-l1-1-0.dll
 0002:00000160       __imp_strcat               0000000180012160     ucrt:api-ms-win-crt-string-l1-1-0.dll
 0002:00000168       __imp_strcmp               0000000180012168     ucrt:api-ms-win-crt-string-l1-1-0.dll
 0002:00000170       \177api-ms-win-crt-string-l1-1-0_NULL_THUNK_DATA 0000000180012170     ucrt:api-ms-win-crt-string-l1-1-0.dll
 0002:00000178       __imp_covrtDeleteStateflowInstanceData 0000000180012178     libcovrt:libcovrt.dll
 0002:00000180       __imp_covrtEmlMcdcEval     0000000180012180     libcovrt:libcovrt.dll
 0002:00000188       __imp_covrtEmlCondEval     0000000180012188     libcovrt:libcovrt.dll
 0002:00000190       __imp_covrtEmlIfEval       0000000180012190     libcovrt:libcovrt.dll
 0002:00000198       __imp_covrtEmlFcnEval      0000000180012198     libcovrt:libcovrt.dll
 0002:000001a0       __imp_covrtEmlRelationalInitFcn 00000001800121a0     libcovrt:libcovrt.dll
 0002:000001a8       __imp_covrtEmlMCDCInitFcn  00000001800121a8     libcovrt:libcovrt.dll
 0002:000001b0       __imp_covrtEmlIfInitFcn    00000001800121b0     libcovrt:libcovrt.dll
 0002:000001b8       __imp_covrtEmlFcnInitFcn   00000001800121b8     libcovrt:libcovrt.dll
 0002:000001c0       __imp_covrtEmlInitFcn      00000001800121c0     libcovrt:libcovrt.dll
 0002:000001c8       __imp_covrtIsSigCovEnabledFcn 00000001800121c8     libcovrt:libcovrt.dll
 0002:000001d0       __imp_covrtSigUpdateFcnAssumingCovEnabled 00000001800121d0     libcovrt:libcovrt.dll
 0002:000001d8       __imp_covrtRelationalopUpdateFcn 00000001800121d8     libcovrt:libcovrt.dll
 0002:000001e0       __imp_covrtChartInitFcn    00000001800121e0     libcovrt:libcovrt.dll
 0002:000001e8       __imp_covrtStateInitFcn    00000001800121e8     libcovrt:libcovrt.dll
 0002:000001f0       __imp_covrtTransInitFcn    00000001800121f0     libcovrt:libcovrt.dll
 0002:000001f8       __imp_covrtCreateStateflowInstanceData 00000001800121f8     libcovrt:libcovrt.dll
 0002:00000200       \177libcovrt_NULL_THUNK_DATA 0000000180012200     libcovrt:libcovrt.dll
 0002:00000208       __imp_emlrtHeapAllocationErrorR2012b 0000000180012208     libemlrt:libemlrt.dll
 0002:00000210       __imp_emlrtPushHeapReferenceStackR2021a 0000000180012210     libemlrt:libemlrt.dll
 0002:00000218       __imp_emlrtHeapReferenceStackLeaveFcnR2012b 0000000180012218     libemlrt:libemlrt.dll
 0002:00000220       __imp_emlrtLicenseCheckR2022a 0000000180012220     libemlrt:libemlrt.dll
 0002:00000228       __imp_emlrtSizeMulR2012b   0000000180012228     libemlrt:libemlrt.dll
 0002:00000230       __imp_emlrtMallocMex       0000000180012230     libemlrt:libemlrt.dll
 0002:00000238       __imp_emlrtFreeMex         0000000180012238     libemlrt:libemlrt.dll
 0002:00000240       __imp_emlrtHeapReferenceStackEnterFcnR2012b 0000000180012240     libemlrt:libemlrt.dll
 0002:00000248       \177libemlrt_NULL_THUNK_DATA 0000000180012248     libemlrt:libemlrt.dll
 0002:00000250       __imp_mexWarnMsgTxt_800    0000000180012250     libmex:libmex.dll
 0002:00000258       __imp_mexErrMsgTxt_800     0000000180012258     libmex:libmex.dll
 0002:00000260       __imp_mexUnlock_800        0000000180012260     libmex:libmex.dll
 0002:00000268       __imp_mexCallMATLAB_800    0000000180012268     libmex:libmex.dll
 0002:00000270       __imp_mexIsLocked_800      0000000180012270     libmex:libmex.dll
 0002:00000278       __imp_mexMakeArrayPersistent_800 0000000180012278     libmex:libmex.dll
 0002:00000280       __imp_mexLock_800          0000000180012280     libmex:libmex.dll
 0002:00000288       \177libmex_NULL_THUNK_DATA 0000000180012288     libmex:libmex.dll
 0002:00000290       __imp_kdtreeDeleteLocationDataPointer_single 0000000180012290     libmwkdtree:libmwkdtree.dll
 0002:00000298       __imp_kdtreeDeleteObj_single 0000000180012298     libmwkdtree:libmwkdtree.dll
 0002:000002a0       \177libmwkdtree_NULL_THUNK_DATA 00000001800122a0     libmwkdtree:libmwkdtree.dll
 0002:000002a8       __imp_mxSetField_800       00000001800122a8     libmx:libmx.dll
 0002:000002b0       __imp_mxCreateDoubleScalar_800 00000001800122b0     libmx:libmx.dll
 0002:000002b8       __imp_mxGetN_800           00000001800122b8     libmx:libmx.dll
 0002:000002c0       __imp_mxIsComplex_800      00000001800122c0     libmx:libmx.dll
 0002:000002c8       __imp_mxIsNumeric_800      00000001800122c8     libmx:libmx.dll
 0002:000002d0       __imp_mxIsChar_800         00000001800122d0     libmx:libmx.dll
 0002:000002d8       __imp_mxGetM_800           00000001800122d8     libmx:libmx.dll
 0002:000002e0       __imp_mxCalloc_800         00000001800122e0     libmx:libmx.dll
 0002:000002e8       __imp_mxCreateStructMatrix_800 00000001800122e8     libmx:libmx.dll
 0002:000002f0       __imp_mxCreateCellMatrix_800 00000001800122f0     libmx:libmx.dll
 0002:000002f8       __imp_mxCreateString_800   00000001800122f8     libmx:libmx.dll
 0002:00000300       __imp_mxGetClassID_800     0000000180012300     libmx:libmx.dll
 0002:00000308       __imp_mxSetCell_800        0000000180012308     libmx:libmx.dll
 0002:00000310       __imp_mxDuplicateArray_800 0000000180012310     libmx:libmx.dll
 0002:00000318       __imp_mxGetString_800      0000000180012318     libmx:libmx.dll
 0002:00000320       __imp_mxCreateDoubleMatrix_800 0000000180012320     libmx:libmx.dll
 0002:00000328       __imp_mxDestroyArray_800   0000000180012328     libmx:libmx.dll
 0002:00000330       __imp_mxGetPr_800          0000000180012330     libmx:libmx.dll
 0002:00000338       __imp_mxGetScalar_800      0000000180012338     libmx:libmx.dll
 0002:00000340       \177libmx_NULL_THUNK_DATA  0000000180012340     libmx:libmx.dll
 0002:00000348       __imp_utFree               0000000180012348     libut:libut.dll
 0002:00000350       __imp_utMalloc             0000000180012350     libut:libut.dll
 0002:00000358       \177libut_NULL_THUNK_DATA  0000000180012358     libut:libut.dll
 0002:00000360       __imp_getRuntimeInstanceInfoAsVoid 0000000180012360     sf_runtime:sf_runtime.dll
 0002:00000368       __imp_call_sf_machine_global_method_dispatcher 0000000180012368     sf_runtime:sf_runtime.dll
 0002:00000370       __imp_callMdlMethodAndReportError 0000000180012370     sf_runtime:sf_runtime.dll
 0002:00000378       __imp_sf_get_hasSeparateUpdateOutputs 0000000180012378     sf_runtime:sf_runtime.dll
 0002:00000380       __imp_sf_get_ChartInfoStruct_CodeGen 0000000180012380     sf_runtime:sf_runtime.dll
 0002:00000388       __imp_ssGetOutputPortSignal_wrapper 0000000180012388     sf_runtime:sf_runtime.dll
 0002:00000390       __imp_ssGetInputPortSignal_wrapper 0000000180012390     sf_runtime:sf_runtime.dll
 0002:00000398       __imp_sf_mex_import        0000000180012398     sf_runtime:sf_runtime.dll
 0002:000003a0       __imp_sf_mex_destroy       00000001800123a0     sf_runtime:sf_runtime.dll
 0002:000003a8       __imp_sf_mex_dup           00000001800123a8     sf_runtime:sf_runtime.dll
 0002:000003b0       __imp_sf_mex_assign        00000001800123b0     sf_runtime:sf_runtime.dll
 0002:000003b8       __imp_sf_mex_getcell       00000001800123b8     sf_runtime:sf_runtime.dll
 0002:000003c0       __imp_sf_mex_setcell       00000001800123c0     sf_runtime:sf_runtime.dll
 0002:000003c8       __imp_sf_mex_createcellmatrix 00000001800123c8     sf_runtime:sf_runtime.dll
 0002:000003d0       __imp_sf_mex_create        00000001800123d0     sf_runtime:sf_runtime.dll
 0002:000003d8       __imp_sf_mex_error_message 00000001800123d8     sf_runtime:sf_runtime.dll
 0002:000003e0       __imp_mdlProcessParamsCommon 00000001800123e0     sf_runtime:sf_runtime.dll
 0002:000003e8       __imp_sf_set_work_widths   00000001800123e8     sf_runtime:sf_runtime.dll
 0002:000003f0       __imp_sf_get_time          00000001800123f0     sf_runtime:sf_runtime.dll
 0002:000003f8       __imp_sf_clear_rtw_identifier 00000001800123f8     sf_runtime:sf_runtime.dll
 0002:00000400       __imp_sim_mode_is_external 0000000180012400     sf_runtime:sf_runtime.dll
 0002:00000408       __imp_sim_mode_is_rtw_gen  0000000180012408     sf_runtime:sf_runtime.dll
 0002:00000410       __imp_sfSetAnimationVectors 0000000180012410     sf_runtime:sf_runtime.dll
 0002:00000418       __imp_sf_get_chart_instance_ptr 0000000180012418     sf_runtime:sf_runtime.dll
 0002:00000420       __imp_sfrtGetCovrtInstance 0000000180012420     sf_runtime:sf_runtime.dll
 0002:00000428       __imp_sfrtGetEmlrtCtx      0000000180012428     sf_runtime:sf_runtime.dll
 0002:00000430       __imp_sf_reset_warnings_ChartRunTimeInfo 0000000180012430     sf_runtime:sf_runtime.dll
 0002:00000438       __imp_sf_free_ChartRunTimeInfo 0000000180012438     sf_runtime:sf_runtime.dll
 0002:00000440       __imp_sf_init_ChartRunTimeInfo 0000000180012440     sf_runtime:sf_runtime.dll
 0002:00000448       __imp_sf_mex_decode        0000000180012448     sf_runtime:sf_runtime.dll
 0002:00000450       __imp_sf_load_rtw_optimization_info 0000000180012450     sf_runtime:sf_runtime.dll
 0002:00000458       __imp_sf_clear_error_manager_info 0000000180012458     sf_runtime:sf_runtime.dll
 0002:00000460       __imp_sf_mex_error_direct_call 0000000180012460     sf_runtime:sf_runtime.dll
 0002:00000468       \177sf_runtime_NULL_THUNK_DATA 0000000180012468     sf_runtime:sf_runtime.dll
 0002:00000470       __guard_check_icall_fptr   0000000180012470     MSVCRT:guard_support.obj
 0002:00000478       __guard_xfg_check_icall_fptr 0000000180012478     MSVCRT:guard_support.obj
 0002:00000480       __guard_dispatch_icall_fptr 0000000180012480     MSVCRT:guard_support.obj
 0002:00000488       __guard_xfg_dispatch_icall_fptr 0000000180012488     MSVCRT:guard_support.obj
 0002:00000490       __guard_xfg_table_dispatch_icall_fptr 0000000180012490     MSVCRT:guard_support.obj
 0002:00000498       __castguard_check_failure_os_handled_fptr 0000000180012498     MSVCRT:guard_support.obj
 0002:000004a0       __guard_memcpy_fptr        00000001800124a0     vcruntime:softmemtag.obj
 0002:000004a8       __xc_a                     00000001800124a8     MSVCRT:initializers.obj
 0002:000004b0       __xc_z                     00000001800124b0     MSVCRT:initializers.obj
 0002:000004b8       __xi_a                     00000001800124b8     MSVCRT:initializers.obj
 0002:000004c0       __xi_z                     00000001800124c0     MSVCRT:initializers.obj
 0002:000004c8       __xp_a                     00000001800124c8     MSVCRT:initializers.obj
 0002:000004d0       __xp_z                     00000001800124d0     MSVCRT:initializers.obj
 0002:000004d8       __xt_a                     00000001800124d8     MSVCRT:initializers.obj
 0002:000004e0       __xt_z                     00000001800124e0     MSVCRT:initializers.obj
 0002:000004f0       __real@41910e6dc0000000    00000001800124f0     model_sfun.obj
 0002:000004f8       __real@41a935fb7a000000    00000001800124f8     model_sfun.obj
 0002:00000500       __real@41b82a9620000000    0000000180012500     model_sfun.obj
 0002:00000508       __real@41bc2fdec6000000    0000000180012508     model_sfun.obj
 0002:00000510       __real@41c25c6bf7000000    0000000180012510     model_sfun.obj
 0002:00000518       __real@41d458ddc1800000    0000000180012518     model_sfun.obj
 0002:00000520       __real@41d6fe0789400000    0000000180012520     model_sfun.obj
 0002:00000528       __real@41e151093b600000    0000000180012528     model_sfun.obj
 0002:00000530       __real@41e32cc2e3400000    0000000180012530     model_sfun.obj
 0002:00000538       __real@41e33ad0f2200000    0000000180012538     model_sfun.obj
 0002:00000540       __real@41eb09d283600000    0000000180012540     model_sfun.obj
 0002:00000548       __real@41ed7962bea00000    0000000180012548     model_sfun.obj
 0002:00000578       __real@3ff0000000000000    0000000180012578     c2_model.obj
 0002:00000580       __real@40a1940000000000    0000000180012580     c2_model.obj
 0002:00000588       __real@41d101f371800000    0000000180012588     c2_model.obj
 0002:00000590       __real@41d4dfc1bf400000    0000000180012590     c2_model.obj
 0002:00000598       __real@41dd12aff1800000    0000000180012598     c2_model.obj
 0002:000005a0       __real@41ee87a6d6600000    00000001800125a0     c2_model.obj
 0002:000005a8       DYNAMIC_DIMENSION_DEF      00000001800125a8     model_sfun_registry.obj
 0002:000005c0       __real@0000000000000000    00000001800125c0     model_sfun_registry.obj
 0002:000005c8       __real@4010000000000000    00000001800125c8     model_sfun_registry.obj
 0002:000005d0       __real@41602cbca0000000    00000001800125d0     model_sfun_registry.obj
 0002:000005d8       __real@bff0000000000000    00000001800125d8     model_sfun_registry.obj
 0002:000005f0       _pDefaultRawDllMain        00000001800125f0     MSVCRT:dll_dllmain.obj
 0002:000005f0       _pRawDllMain               00000001800125f0     MSVCRT:dll_dllmain.obj
 0002:00000600       __xmm@ffffffffffffffffffffffffffffffff 0000000180012600     MSVCRT:utility.obj
 0002:00000610       _load_config_used          0000000180012610     MSVCRT:loadcfg.obj
 0002:00000780       __CastGuardVftablesStart   0000000180012780     MSVCRT:guard_support.obj
 0002:00000800       __CastGuardVftablesEnd     0000000180012800     MSVCRT:guard_support.obj
 0002:00000880       __volatile_metadata        0000000180012880     <linker-defined>
 0002:00000c78       __rtc_iaa                  0000000180012c78     MSVCRT:initsect.obj
 0002:00000c80       __rtc_izz                  0000000180012c80     MSVCRT:initsect.obj
 0002:00000c88       __rtc_taa                  0000000180012c88     MSVCRT:initsect.obj
 0002:00000c90       __rtc_tzz                  0000000180012c90     MSVCRT:initsect.obj
 0002:00001774       __IMPORT_DESCRIPTOR_libmwkdtree 0000000180013774     libmwkdtree:libmwkdtree.dll
 0002:00001788       __IMPORT_DESCRIPTOR_sf_runtime 0000000180013788     sf_runtime:sf_runtime.dll
 0002:0000179c       __IMPORT_DESCRIPTOR_libmx  000000018001379c     libmx:libmx.dll
 0002:000017b0       __IMPORT_DESCRIPTOR_libmex 00000001800137b0     libmex:libmex.dll
 0002:000017c4       __IMPORT_DESCRIPTOR_libut  00000001800137c4     libut:libut.dll
 0002:000017d8       __IMPORT_DESCRIPTOR_libemlrt 00000001800137d8     libemlrt:libemlrt.dll
 0002:000017ec       __IMPORT_DESCRIPTOR_libcovrt 00000001800137ec     libcovrt:libcovrt.dll
 0002:00001800       __IMPORT_DESCRIPTOR_KERNEL32 0000000180013800     kernel32:KERNEL32.dll
 0002:00001814       __IMPORT_DESCRIPTOR_VCRUNTIME140 0000000180013814     vcruntime:VCRUNTIME140.dll
 0002:00001828       __IMPORT_DESCRIPTOR_api-ms-win-crt-string-l1-1-0 0000000180013828     ucrt:api-ms-win-crt-string-l1-1-0.dll
 0002:0000183c       __IMPORT_DESCRIPTOR_api-ms-win-crt-stdio-l1-1-0 000000018001383c     ucrt:api-ms-win-crt-stdio-l1-1-0.dll
 0002:00001850       __IMPORT_DESCRIPTOR_api-ms-win-crt-heap-l1-1-0 0000000180013850     ucrt:api-ms-win-crt-heap-l1-1-0.dll
 0002:00001864       __IMPORT_DESCRIPTOR_api-ms-win-crt-runtime-l1-1-0 0000000180013864     ucrt:api-ms-win-crt-runtime-l1-1-0.dll
 0002:00001878       __NULL_IMPORT_DESCRIPTOR   0000000180013878     libmwkdtree:libmwkdtree.dll
 0003:00002200       DYNAMIC_DIMENSION          0000000180017200     model_sfun_registry.obj
 0003:00004880       __security_cookie          0000000180019880     MSVCRT:gs_cookie.obj
 0003:000048c0       __security_cookie_complement 00000001800198c0     MSVCRT:gs_cookie.obj
 0003:000048c8       _fltused                   00000001800198c8     MSVCRT:fltused.obj
 0003:000048cc       __scrt_native_dllmain_reason 00000001800198cc     MSVCRT:utility.obj
 0003:000048d0       __isa_inverted             00000001800198d0     MSVCRT:cpu_disp.obj
 0003:000048d8       __isa_available            00000001800198d8     MSVCRT:cpu_disp.obj
 0003:000048dc       __isa_enabled              00000001800198dc     MSVCRT:cpu_disp.obj
 0003:000048e0       __memset_fast_string_threshold 00000001800198e0     MSVCRT:cpu_disp.obj
 0003:000048e8       __memset_nt_threshold      00000001800198e8     MSVCRT:cpu_disp.obj
 0003:000048f0       __scrt_ucrt_dll_is_in_use  00000001800198f0     MSVCRT:ucrt_stubs.obj
 0003:00005420       ?__type_info_root_node@@3U__type_info_node@@A 000000018001a420     MSVCRT:tncleanup.obj
 0003:00005430       ?_OptionsStorage@?1??__local_stdio_printf_options@@9@4_KA 000000018001a430     MSVCRT:default_local_stdio_options.obj
 0003:00005438       ?_OptionsStorage@?1??__local_stdio_scanf_options@@9@4_KA 000000018001a438     MSVCRT:default_local_stdio_options.obj
 0003:00005440       __scrt_current_native_startup_state 000000018001a440     MSVCRT:utility.obj
 0003:00005448       __scrt_native_startup_lock 000000018001a448     MSVCRT:utility.obj
 0003:00005488       __scrt_debugger_hook_flag  000000018001a488     MSVCRT:utility_desktop.obj
 0003:00005490       __castguard_check_failure_user_handled_fptr 000000018001a490     MSVCRT:guard_support.obj
 0003:00005498       __avx10_version            000000018001a498     MSVCRT:cpu_disp.obj
 0003:0000549c       __favor                    000000018001a49c     MSVCRT:cpu_disp.obj
 0003:000054a0       ?_OptionsStorage@?1??__local_stdio_printf_options@@9@9 000000018001a4a0     <common>
 0003:000054a8       __dyn_tls_init_callback    000000018001a4a8     <common>

 entry point at        0001:0000fbe8

 Static symbols

 0000:00000000       _volmd                     0000000180000000     c2_model.obj
 0000:00000000       .debug$S                   0000000180000000     model_sfun.exp
 0000:00000000       _volmd                     0000000180000000     model_sfun.obj
 0000:00000000       _volmd                     0000000180000000     model_sfun_registry.obj
 0000:00000000       .debug$S                   0000000180000000     ucrt:api-ms-win-crt-heap-l1-1-0.dll
 0000:00000000       .debug$S                   0000000180000000     ucrt:api-ms-win-crt-heap-l1-1-0.dll
 0000:00000000       .debug$S                   0000000180000000     ucrt:api-ms-win-crt-runtime-l1-1-0.dll
 0000:00000000       .debug$S                   0000000180000000     ucrt:api-ms-win-crt-runtime-l1-1-0.dll
 0000:00000000       .debug$S                   0000000180000000     ucrt:api-ms-win-crt-runtime-l1-1-0.dll
 0000:00000000       .debug$S                   0000000180000000     ucrt:api-ms-win-crt-runtime-l1-1-0.dll
 0000:00000000       .debug$S                   0000000180000000     ucrt:api-ms-win-crt-runtime-l1-1-0.dll
 0000:00000000       .debug$S                   0000000180000000     ucrt:api-ms-win-crt-runtime-l1-1-0.dll
 0000:00000000       .debug$S                   0000000180000000     ucrt:api-ms-win-crt-runtime-l1-1-0.dll
 0000:00000000       .debug$S                   0000000180000000     ucrt:api-ms-win-crt-runtime-l1-1-0.dll
 0000:00000000       .debug$S                   0000000180000000     ucrt:api-ms-win-crt-runtime-l1-1-0.dll
 0000:00000000       .debug$S                   0000000180000000     ucrt:api-ms-win-crt-runtime-l1-1-0.dll
 0000:00000000       .debug$S                   0000000180000000     ucrt:api-ms-win-crt-runtime-l1-1-0.dll
 0000:00000000       .debug$S                   0000000180000000     ucrt:api-ms-win-crt-runtime-l1-1-0.dll
 0000:00000000       .debug$S                   0000000180000000     ucrt:api-ms-win-crt-stdio-l1-1-0.dll
 0000:00000000       .debug$S                   0000000180000000     ucrt:api-ms-win-crt-string-l1-1-0.dll
 0000:00000000       .debug$S                   0000000180000000     ucrt:api-ms-win-crt-string-l1-1-0.dll
 0000:00000000       .debug$S                   0000000180000000     ucrt:api-ms-win-crt-string-l1-1-0.dll
 0000:00000000       .debug$S                   0000000180000000     kernel32:KERNEL32.dll
 0000:00000000       .debug$S                   0000000180000000     kernel32:KERNEL32.dll
 0000:00000000       .debug$S                   0000000180000000     kernel32:KERNEL32.dll
 0000:00000000       .debug$S                   0000000180000000     kernel32:KERNEL32.dll
 0000:00000000       .debug$S                   0000000180000000     kernel32:KERNEL32.dll
 0000:00000000       .debug$S                   0000000180000000     kernel32:KERNEL32.dll
 0000:00000000       .debug$S                   0000000180000000     kernel32:KERNEL32.dll
 0000:00000000       .debug$S                   0000000180000000     kernel32:KERNEL32.dll
 0000:00000000       .debug$S                   0000000180000000     kernel32:KERNEL32.dll
 0000:00000000       .debug$S                   0000000180000000     kernel32:KERNEL32.dll
 0000:00000000       .debug$S                   0000000180000000     kernel32:KERNEL32.dll
 0000:00000000       .debug$S                   0000000180000000     kernel32:KERNEL32.dll
 0000:00000000       .debug$S                   0000000180000000     kernel32:KERNEL32.dll
 0000:00000000       .debug$S                   0000000180000000     kernel32:KERNEL32.dll
 0000:00000000       .debug$S                   0000000180000000     kernel32:KERNEL32.dll
 0000:00000000       .debug$S                   0000000180000000     kernel32:KERNEL32.dll
 0000:00000000       .debug$S                   0000000180000000     kernel32:KERNEL32.dll
 0000:00000000       .debug$S                   0000000180000000     libcovrt:libcovrt.dll
 0000:00000000       .debug$S                   0000000180000000     libcovrt:libcovrt.dll
 0000:00000000       .debug$S                   0000000180000000     libcovrt:libcovrt.dll
 0000:00000000       .debug$S                   0000000180000000     libcovrt:libcovrt.dll
 0000:00000000       .debug$S                   0000000180000000     libcovrt:libcovrt.dll
 0000:00000000       .debug$S                   0000000180000000     libcovrt:libcovrt.dll
 0000:00000000       .debug$S                   0000000180000000     libcovrt:libcovrt.dll
 0000:00000000       .debug$S                   0000000180000000     libcovrt:libcovrt.dll
 0000:00000000       .debug$S                   0000000180000000     libcovrt:libcovrt.dll
 0000:00000000       .debug$S                   0000000180000000     libcovrt:libcovrt.dll
 0000:00000000       .debug$S                   0000000180000000     libcovrt:libcovrt.dll
 0000:00000000       .debug$S                   0000000180000000     libcovrt:libcovrt.dll
 0000:00000000       .debug$S                   0000000180000000     libcovrt:libcovrt.dll
 0000:00000000       .debug$S                   0000000180000000     libcovrt:libcovrt.dll
 0000:00000000       .debug$S                   0000000180000000     libcovrt:libcovrt.dll
 0000:00000000       .debug$S                   0000000180000000     libcovrt:libcovrt.dll
 0000:00000000       .debug$S                   0000000180000000     libcovrt:libcovrt.dll
 0000:00000000       .debug$S                   0000000180000000     libemlrt:libemlrt.dll
 0000:00000000       .debug$S                   0000000180000000     libemlrt:libemlrt.dll
 0000:00000000       .debug$S                   0000000180000000     libemlrt:libemlrt.dll
 0000:00000000       .debug$S                   0000000180000000     libemlrt:libemlrt.dll
 0000:00000000       .debug$S                   0000000180000000     libemlrt:libemlrt.dll
 0000:00000000       .debug$S                   0000000180000000     libemlrt:libemlrt.dll
 0000:00000000       .debug$S                   0000000180000000     libemlrt:libemlrt.dll
 0000:00000000       .debug$S                   0000000180000000     libemlrt:libemlrt.dll
 0000:00000000       .debug$S                   0000000180000000     libmex:libmex.dll
 0000:00000000       .debug$S                   0000000180000000     libmex:libmex.dll
 0000:00000000       .debug$S                   0000000180000000     libmex:libmex.dll
 0000:00000000       .debug$S                   0000000180000000     libmex:libmex.dll
 0000:00000000       .debug$S                   0000000180000000     libmex:libmex.dll
 0000:00000000       .debug$S                   0000000180000000     libmex:libmex.dll
 0000:00000000       .debug$S                   0000000180000000     libmex:libmex.dll
 0000:00000000       .debug$S                   0000000180000000     libmwkdtree:libmwkdtree.dll
 0000:00000000       .debug$S                   0000000180000000     libmwkdtree:libmwkdtree.dll
 0000:00000000       .debug$S                   0000000180000000     libmx:libmx.dll
 0000:00000000       .debug$S                   0000000180000000     libmx:libmx.dll
 0000:00000000       .debug$S                   0000000180000000     libmx:libmx.dll
 0000:00000000       .debug$S                   0000000180000000     libmx:libmx.dll
 0000:00000000       .debug$S                   0000000180000000     libmx:libmx.dll
 0000:00000000       .debug$S                   0000000180000000     libmx:libmx.dll
 0000:00000000       .debug$S                   0000000180000000     libmx:libmx.dll
 0000:00000000       .debug$S                   0000000180000000     libmx:libmx.dll
 0000:00000000       .debug$S                   0000000180000000     libmx:libmx.dll
 0000:00000000       .debug$S                   0000000180000000     libmx:libmx.dll
 0000:00000000       .debug$S                   0000000180000000     libmx:libmx.dll
 0000:00000000       .debug$S                   0000000180000000     libmx:libmx.dll
 0000:00000000       .debug$S                   0000000180000000     libmx:libmx.dll
 0000:00000000       .debug$S                   0000000180000000     libmx:libmx.dll
 0000:00000000       .debug$S                   0000000180000000     libmx:libmx.dll
 0000:00000000       .debug$S                   0000000180000000     libmx:libmx.dll
 0000:00000000       .debug$S                   0000000180000000     libmx:libmx.dll
 0000:00000000       .debug$S                   0000000180000000     libmx:libmx.dll
 0000:00000000       .debug$S                   0000000180000000     libmx:libmx.dll
 0000:00000000       .debug$S                   0000000180000000     libut:libut.dll
 0000:00000000       .debug$S                   0000000180000000     libut:libut.dll
 0000:00000000       .debug$S                   0000000180000000     sf_runtime:sf_runtime.dll
 0000:00000000       .debug$S                   0000000180000000     sf_runtime:sf_runtime.dll
 0000:00000000       .debug$S                   0000000180000000     sf_runtime:sf_runtime.dll
 0000:00000000       .debug$S                   0000000180000000     sf_runtime:sf_runtime.dll
 0000:00000000       .debug$S                   0000000180000000     sf_runtime:sf_runtime.dll
 0000:00000000       .debug$S                   0000000180000000     sf_runtime:sf_runtime.dll
 0000:00000000       .debug$S                   0000000180000000     sf_runtime:sf_runtime.dll
 0000:00000000       .debug$S                   0000000180000000     sf_runtime:sf_runtime.dll
 0000:00000000       .debug$S                   0000000180000000     sf_runtime:sf_runtime.dll
 0000:00000000       .debug$S                   0000000180000000     sf_runtime:sf_runtime.dll
 0000:00000000       .debug$S                   0000000180000000     sf_runtime:sf_runtime.dll
 0000:00000000       .debug$S                   0000000180000000     sf_runtime:sf_runtime.dll
 0000:00000000       .debug$S                   0000000180000000     sf_runtime:sf_runtime.dll
 0000:00000000       .debug$S                   0000000180000000     sf_runtime:sf_runtime.dll
 0000:00000000       .debug$S                   0000000180000000     sf_runtime:sf_runtime.dll
 0000:00000000       .debug$S                   0000000180000000     sf_runtime:sf_runtime.dll
 0000:00000000       .debug$S                   0000000180000000     sf_runtime:sf_runtime.dll
 0000:00000000       .debug$S                   0000000180000000     sf_runtime:sf_runtime.dll
 0000:00000000       .debug$S                   0000000180000000     sf_runtime:sf_runtime.dll
 0000:00000000       .debug$S                   0000000180000000     sf_runtime:sf_runtime.dll
 0000:00000000       .debug$S                   0000000180000000     sf_runtime:sf_runtime.dll
 0000:00000000       .debug$S                   0000000180000000     sf_runtime:sf_runtime.dll
 0000:00000000       .debug$S                   0000000180000000     sf_runtime:sf_runtime.dll
 0000:00000000       .debug$S                   0000000180000000     sf_runtime:sf_runtime.dll
 0000:00000000       .debug$S                   0000000180000000     sf_runtime:sf_runtime.dll
 0000:00000000       .debug$S                   0000000180000000     sf_runtime:sf_runtime.dll
 0000:00000000       .debug$S                   0000000180000000     sf_runtime:sf_runtime.dll
 0000:00000000       .debug$S                   0000000180000000     sf_runtime:sf_runtime.dll
 0000:00000000       .debug$S                   0000000180000000     sf_runtime:sf_runtime.dll
 0000:00000000       .debug$S                   0000000180000000     sf_runtime:sf_runtime.dll
 0000:00000000       .debug$S                   0000000180000000     sf_runtime:sf_runtime.dll
 0000:00000000       .debug$S                   0000000180000000     sf_runtime:sf_runtime.dll
 0000:00000000       .debug$S                   0000000180000000     sf_runtime:sf_runtime.dll
 0000:00000000       _volmd                     0000000180000000     MSVCRT:cpu_disp.obj
 0002:fffee000       __guard_ehcont_?dllmain_dispatch@@YAHQEAUHINSTANCE__@@KQEAX@Z 0000000180000000     MSVCRT:dll_dllmain.obj
 0002:fffee000       __guard_fids_?dllmain_dispatch@@YAHQEAUHINSTANCE__@@KQEAX@Z 0000000180000000     MSVCRT:dll_dllmain.obj
 0000:00000000       _volmd                     0000000180000000     MSVCRT:gs_report.obj
 0000:00000000       _volmd                     0000000180000000     MSVCRT:gs_report.obj
 0000:00000000       _volmd                     0000000180000000     MSVCRT:gs_report.obj
 0002:fffee000       __guard_fids__             0000000180000000     MSVCRT:guard_support.obj
 0002:fffee000       __guard_fids__             0000000180000000     MSVCRT:guard_support.obj
 0002:fffee000       __guard_fids__guard_icall_checks_enforced 0000000180000000     MSVCRT:guard_support.obj
 0000:00000000       _volmd                     0000000180000000     MSVCRT:guard_support.obj
 0000:00000000       _volmd                     0000000180000000     MSVCRT:guard_support.obj
 0000:00000000       _volmd                     0000000180000000     MSVCRT:guard_support.obj
 0000:00000000       _volmd                     0000000180000000     MSVCRT:guard_support.obj
 0000:00000000       _volmd                     0000000180000000     MSVCRT:guard_support.obj
 0000:00000000       _volmd                     0000000180000000     MSVCRT:guard_support.obj
 0000:00000000       _volmd                     0000000180000000     MSVCRT:guard_support.obj
 0000:00000000       _volmd                     0000000180000000     MSVCRT:guard_support.obj
 0000:00000000       _volmd                     0000000180000000     MSVCRT:guard_support.obj
 0000:00000000       _volmd                     0000000180000000     MSVCRT:guard_support.obj
 0002:fffee000       __guard_ehcont___scrt_is_nonwritable_in_current_image 0000000180000000     MSVCRT:utility.obj
 0000:00000000       _volmd                     0000000180000000     MSVCRT:utility.obj
 0000:00000000       _volmd                     0000000180000000     MSVCRT:utility.obj
 0000:00000000       _volmd                     0000000180000000     MSVCRT:utility.obj
 0002:fffee000       __guard_fids___scrt_set_unhandled_exception_filter 0000000180000000     MSVCRT:utility_desktop.obj
 0000:00000000       _volmd                     0000000180000000     MSVCRT:utility_desktop.obj
 0002:fffee000       __guard_fids__             0000000180000000     vcruntime:softmemtag.obj
 0000:00000000       .debug$S                   0000000180000000     vcruntime:VCRUNTIME140.dll
 0000:00000000       .debug$S                   0000000180000000     vcruntime:VCRUNTIME140.dll
 0000:00000000       .debug$S                   0000000180000000     vcruntime:VCRUNTIME140.dll
 0000:00000000       .debug$S                   0000000180000000     vcruntime:VCRUNTIME140.dll
 0000:00000000       .debug$S                   0000000180000000     vcruntime:VCRUNTIME140.dll
 0000:00000000       .debug$S                   0000000180000000     vcruntime:VCRUNTIME140.dll
 0000:00000010       _volmd                     0000000180000010     c2_model.obj
 0000:00000010       _volmd                     0000000180000010     model_sfun.obj
 0000:00000010       _volmd                     0000000180000010     model_sfun_registry.obj
 0000:00000020       _volmd                     0000000180000020     c2_model.obj
 0000:00000020       _volmd                     0000000180000020     model_sfun.obj
 0000:00000020       _volmd                     0000000180000020     model_sfun_registry.obj
 0000:00000030       _volmd                     0000000180000030     model_sfun.obj
 0000:00000030       _volmd                     0000000180000030     model_sfun_registry.obj
 0000:00000040       _volmd                     0000000180000040     model_sfun.obj
 0000:00000040       _volmd                     0000000180000040     model_sfun_registry.obj
 0000:00000050       _volmd                     0000000180000050     model_sfun.obj
 0000:00000050       _volmd                     0000000180000050     model_sfun_registry.obj
 0000:00000060       _volmd                     0000000180000060     model_sfun_registry.obj
 0000:00000070       _volmd                     0000000180000070     model_sfun_registry.obj
 0000:00000080       _volmd                     0000000180000080     model_sfun_registry.obj
 0000:00000090       _volmd                     0000000180000090     model_sfun_registry.obj
 0000:000000a0       _volmd                     00000001800000a0     model_sfun_registry.obj
 0000:000000b0       _volmd                     00000001800000b0     model_sfun_registry.obj
 0000:000000c0       _volmd                     00000001800000c0     model_sfun_registry.obj
 0000:000000d0       _volmd                     00000001800000d0     model_sfun_registry.obj
 0000:000000e0       _volmd                     00000001800000e0     model_sfun_registry.obj
 0000:000000f0       _volmd                     00000001800000f0     model_sfun_registry.obj
 0000:00000100       _volmd                     0000000180000100     model_sfun_registry.obj
 0001:00001160       initialize_c2_model        0000000180002160 f   c2_model.obj
 0001:00001200       initialize_params_c2_model 0000000180002200 f   c2_model.obj
 0001:00001210       mdl_start_c2_model         0000000180002210 f   c2_model.obj
 0001:00001240       mdl_terminate_c2_model     0000000180002240 f   c2_model.obj
 0001:00001250       mdl_setup_runtime_resources_c2_model 0000000180002250 f   c2_model.obj
 0001:00001550       mdl_cleanup_runtime_resources_c2_model 0000000180002550 f   c2_model.obj
 0001:00001580       enable_c2_model            0000000180002580 f   c2_model.obj
 0001:000015b0       disable_c2_model           00000001800025b0 f   c2_model.obj
 0001:000015e0       sf_gateway_c2_model        00000001800025e0 f   c2_model.obj
 0001:00001a30       get_sim_state_c2_model     0000000180002a30 f   c2_model.obj
 0001:00001b20       set_sim_state_c2_model     0000000180002b20 f   c2_model.obj
 0001:00001c00       c2_pointCloud_pointCloud   0000000180002c00 f   c2_model.obj
 0001:00001fb0       c2_pointCloud_initializePointCloudArray 0000000180002fb0 f   c2_model.obj
 0001:00002550       c2_handle_matlabCodegenDestructor 0000000180003550 f   c2_model.obj
 0001:00002600       c2_emlrt_marshallIn        0000000180003600 f   c2_model.obj
 0001:00002670       c2_b_emlrt_marshallIn      0000000180003670 f   c2_model.obj
 0001:00002760       c2_array_uint8_T_3D_SetSize 0000000180003760 f   c2_model.obj
 0001:00002960       c2_array_real32_T_3D_SetSize 0000000180003960 f   c2_model.obj
 0001:00002b70       c2_array_real32_T_2D_SetSize 0000000180003b70 f   c2_model.obj
 0001:00002d30       c2_array_pointclouds_internal_code 0000000180003d30 f   c2_model.obj
 0001:00002f90       c2_array_real32_T_3D_Destructor 0000000180003f90 f   c2_model.obj
 0001:00002fd0       c2_b_array_pointclouds_internal_code 0000000180003fd0 f   c2_model.obj
 0001:00003040       c2_array_uint8_T_3D_Destructor 0000000180004040 f   c2_model.obj
 0001:00003080       c2_array_real32_T_2D_Destructor 0000000180004080 f   c2_model.obj
 0001:000030c0       c2_c_array_pointclouds_internal_code 00000001800040c0 f   c2_model.obj
 0001:00003130       c2_array_real32_T_3D_Constructor 0000000180004130 f   c2_model.obj
 0001:000031b0       c2_array_uint8_T_3D_Constructor 00000001800041b0 f   c2_model.obj
 0001:00003230       c2_array_real32_T_2D_Constructor 0000000180004230 f   c2_model.obj
 0001:000032a0       c2_array_pointCloud_Constructor 00000001800042a0 f   c2_model.obj
 0001:00003380       c2_d_array_pointclouds_internal_code 0000000180004380 f   c2_model.obj
 0001:000033f0       c2_array_pointCloud_Destructor 00000001800043f0 f   c2_model.obj
[...]
 0003:00001ad0       $SG22324                   0000000180016ad0     c2_model.obj
 0003:00001b70       $SG22397                   0000000180016b70     c2_model.obj
 0003:00001bc0       $SG22399                   0000000180016bc0     c2_model.obj
 0003:00001c10       $SG22401                   0000000180016c10     c2_model.obj
 0003:00001c60       $SG22403                   0000000180016c60     c2_model.obj
 0003:00001cb0       $SG22405                   0000000180016cb0     c2_model.obj
 0003:00001d00       $SG22407                   0000000180016d00     c2_model.obj
 0003:00001d50       $SG22409                   0000000180016d50     c2_model.obj
 0003:00001da0       $SG22411                   0000000180016da0     c2_model.obj
 0003:00001df0       $SG22413                   0000000180016df0     c2_model.obj
 0003:00001e40       $SG22415                   0000000180016e40     c2_model.obj
 0003:00001e90       $SG22417                   0000000180016e90     c2_model.obj
 0003:00001ee0       $SG22419                   0000000180016ee0     c2_model.obj
 0003:00001f30       $SG22421                   0000000180016f30     c2_model.obj
 0003:00001f80       $SG22423                   0000000180016f80     c2_model.obj
 0003:00001fd0       $SG22425                   0000000180016fd0     c2_model.obj
 0003:00002020       $SG22427                   0000000180017020     c2_model.obj
 0003:00002070       $SG22429                   0000000180017070     c2_model.obj
 0003:000020c0       $SG22431                   00000001800170c0     c2_model.obj
 0003:00002110       $SG22433                   0000000180017110     c2_model.obj
 0003:00002140       $SG22444                   0000000180017140     c2_model.obj
 0003:00002150       $SG22445                   0000000180017150     c2_model.obj
 0003:00002168       $SG22466                   0000000180017168     c2_model.obj
 0003:000021a0       $SG22478                   00000001800171a0     c2_model.obj
 0003:00002208       $SG21295                   0000000180017208     model_sfun_registry.obj
 0003:00002224       $SG21297                   0000000180017224     model_sfun_registry.obj
 0003:00002230       $SG21325                   0000000180017230     model_sfun_registry.obj
 0003:00002248       $SG21327                   0000000180017248     model_sfun_registry.obj
 0003:00002250       $SG21355                   0000000180017250     model_sfun_registry.obj
 0003:00002268       $SG21357                   0000000180017268     model_sfun_registry.obj
 0003:00002270       $SG21385                   0000000180017270     model_sfun_registry.obj
 0003:00002290       $SG21387                   0000000180017290     model_sfun_registry.obj
 0003:00002298       $SG21415                   0000000180017298     model_sfun_registry.obj
 0003:000022b8       $SG21417                   00000001800172b8     model_sfun_registry.obj
 0003:000022c0       $SG21433                   00000001800172c0     model_sfun_registry.obj
 0003:000022d0       $SG21447                   00000001800172d0     model_sfun_registry.obj
 0003:000022e8       $SG21467                   00000001800172e8     model_sfun_registry.obj
 0003:000022f0       $SG21540                   00000001800172f0     model_sfun_registry.obj
 0003:000022f8       $SG21541                   00000001800172f8     model_sfun_registry.obj
 0003:0000230c       $SG21545                   000000018001730c     model_sfun_registry.obj
 0003:00002318       $SG21546                   0000000180017318     model_sfun_registry.obj
 0003:00002338       $SG21660                   0000000180017338     model_sfun_registry.obj
 0003:00002360       _sfcnName                  0000000180017360     model_sfun_registry.obj
 0003:00002380       $SG21675                   0000000180017380     model_sfun_registry.obj
 0003:000023f8       $SG21980                   00000001800173f8     model_sfun_registry.obj
 0003:00002400       $SG21981                   0000000180017400     model_sfun_registry.obj
 0003:00002408       $SG21993                   0000000180017408     model_sfun_registry.obj
 0003:00002418       $SG22129                   0000000180017418     model_sfun_registry.obj
 0003:00002458       $SG22130                   0000000180017458     model_sfun_registry.obj
 0003:00002468       $SG22131                   0000000180017468     model_sfun_registry.obj
 0003:00002470       $SG22135                   0000000180017470     model_sfun_registry.obj
 0003:000024b8       $SG22136                   00000001800174b8     model_sfun_registry.obj
 0003:000024c8       $SG22137                   00000001800174c8     model_sfun_registry.obj
 0003:000024d0       $SG22138                   00000001800174d0     model_sfun_registry.obj
 0003:00002528       $SG22139                   0000000180017528     model_sfun_registry.obj
 0003:00002538       $SG22140                   0000000180017538     model_sfun_registry.obj
 0003:00002540       $SG22160                   0000000180017540     model_sfun_registry.obj
 0003:00002580       $SG22161                   0000000180017580     model_sfun_registry.obj
 0003:00002590       $SG22162                   0000000180017590     model_sfun_registry.obj
 0003:000025a0       $SG22166                   00000001800175a0     model_sfun_registry.obj
 0003:000025e8       $SG22167                   00000001800175e8     model_sfun_registry.obj
 0003:000025f8       $SG22168                   00000001800175f8     model_sfun_registry.obj
 0003:00002600       $SG22169                   0000000180017600     model_sfun_registry.obj
 0003:00002658       $SG22170                   0000000180017658     model_sfun_registry.obj
 0003:00002668       $SG22171                   0000000180017668     model_sfun_registry.obj
 0003:00002670       $SG22190                   0000000180017670     model_sfun_registry.obj
 0003:000026c0       $SG22191                   00000001800176c0     model_sfun_registry.obj
 0003:000026d0       $SG22192                   00000001800176d0     model_sfun_registry.obj
 0003:000026e0       $SG22201                   00000001800176e0     model_sfun_registry.obj
 0003:00002740       $SG22202                   0000000180017740     model_sfun_registry.obj
 0003:00002748       $SG22203                   0000000180017748     model_sfun_registry.obj
 0003:00002750       $SG22212                   0000000180017750     model_sfun_registry.obj
 0003:000027b0       $SG22213                   00000001800177b0     model_sfun_registry.obj
 0003:000027b8       $SG22214                   00000001800177b8     model_sfun_registry.obj
 0003:000027c0       $SG22520                   00000001800177c0     model_sfun_registry.obj
 0003:00002840       $SG22523                   0000000180017840     model_sfun_registry.obj
 0003:000028c0       $SG22528                   00000001800178c0     model_sfun_registry.obj
 0003:00002940       $SG22536                   0000000180017940     model_sfun_registry.obj
 0003:000029b0       $SG22809                   00000001800179b0     model_sfun_registry.obj
 0003:00002a30       $SG22814                   0000000180017a30     model_sfun_registry.obj
 0003:00002aa8       $SG23138                   0000000180017aa8     model_sfun_registry.obj
 0003:00002ac0       $SG23151                   0000000180017ac0     model_sfun_registry.obj
 0003:00002b38       $SG23154                   0000000180017b38     model_sfun_registry.obj
 0003:00002b3c       $SG23206                   0000000180017b3c     model_sfun_registry.obj
 0003:00002b44       $SG23207                   0000000180017b44     model_sfun_registry.obj
 0003:00002b4c       $SG23208                   0000000180017b4c     model_sfun_registry.obj
 0003:00002b60       $SG23209                   0000000180017b60     model_sfun_registry.obj
 0003:00002be0       $SG23211                   0000000180017be0     model_sfun_registry.obj
 0003:00002c5c       $SG23214                   0000000180017c5c     model_sfun_registry.obj
 0003:00002c64       $SG23217                   0000000180017c64     model_sfun_registry.obj
 0003:00002c6c       $SG23220                   0000000180017c6c     model_sfun_registry.obj
 0003:00002c80       $SG23221                   0000000180017c80     model_sfun_registry.obj
 0003:00002d00       $SG23222                   0000000180017d00     model_sfun_registry.obj
 0003:00002d10       $SG23224                   0000000180017d10     model_sfun_registry.obj
 0003:00002d1c       $SG23226                   0000000180017d1c     model_sfun_registry.obj
 0003:00002d24       $SG23228                   0000000180017d24     model_sfun_registry.obj
 0003:00002d30       $SG23230                   0000000180017d30     model_sfun_registry.obj
 0003:00002d3c       $SG23232                   0000000180017d3c     model_sfun_registry.obj
 0003:00002d40       $SG23235                   0000000180017d40     model_sfun_registry.obj
 0003:00002e28       $SG23345                   0000000180017e28     model_sfun_registry.obj
 0003:00002e58       $SG23346                   0000000180017e58     model_sfun_registry.obj
 0003:00002e68       $SG23347                   0000000180017e68     model_sfun_registry.obj
 0003:00002e70       $SG23349                   0000000180017e70     model_sfun_registry.obj
 0003:00002ea8       $SG23350                   0000000180017ea8     model_sfun_registry.obj
 0003:00002eb8       $SG23351                   0000000180017eb8     model_sfun_registry.obj
 0003:00002ec0       $SG23354                   0000000180017ec0     model_sfun_registry.obj
 0003:00002ef8       $SG23355                   0000000180017ef8     model_sfun_registry.obj
 0003:00002f08       $SG23356                   0000000180017f08     model_sfun_registry.obj
 0003:00002f10       $SG23358                   0000000180017f10     model_sfun_registry.obj
 0003:00002f48       $SG23359                   0000000180017f48     model_sfun_registry.obj
 0003:00002f58       $SG23360                   0000000180017f58     model_sfun_registry.obj
 0003:00002f60       $SG23362                   0000000180017f60     model_sfun_registry.obj
 0003:00002f98       $SG23363                   0000000180017f98     model_sfun_registry.obj
 0003:00002fa8       $SG23364                   0000000180017fa8     model_sfun_registry.obj
 0003:00002fb0       $SG23367                   0000000180017fb0     model_sfun_registry.obj
 0003:00002fb8       $SG23369                   0000000180017fb8     model_sfun_registry.obj
 0003:00002fd0       $SG23370                   0000000180017fd0     model_sfun_registry.obj
 0003:00003008       $SG23371                   0000000180018008     model_sfun_registry.obj
 0003:00003018       $SG23372                   0000000180018018     model_sfun_registry.obj
 0003:00003020       $SG23538                   0000000180018020     model_sfun_registry.obj
 0003:00003040       $SG23539                   0000000180018040     model_sfun_registry.obj
 0003:000030d0       $SG23545                   00000001800180d0     model_sfun_registry.obj
 0003:000030f0       $SG23546                   00000001800180f0     model_sfun_registry.obj
 0003:00003180       $SG23552                   0000000180018180     model_sfun_registry.obj
 0003:000031a0       $SG23553                   00000001800181a0     model_sfun_registry.obj
 0003:00003230       $SG23559                   0000000180018230     model_sfun_registry.obj
 0003:00003250       $SG23560                   0000000180018250     model_sfun_registry.obj
 0003:000032e0       $SG23566                   00000001800182e0     model_sfun_registry.obj
 0003:00003300       $SG23567                   0000000180018300     model_sfun_registry.obj
 0003:00003390       $SG23571                   0000000180018390     model_sfun_registry.obj
 0003:000033b0       $SG23572                   00000001800183b0     model_sfun_registry.obj
 0003:00003440       $SG23576                   0000000180018440     model_sfun_registry.obj
 0003:00003470       $SG23577                   0000000180018470     model_sfun_registry.obj
 0003:00003500       $SG23581                   0000000180018500     model_sfun_registry.obj
 0003:00003530       $SG23582                   0000000180018530     model_sfun_registry.obj
 0003:000035c0       $SG23586                   00000001800185c0     model_sfun_registry.obj
 0003:000035e0       $SG23587                   00000001800185e0     model_sfun_registry.obj
 0003:00003670       $SG23591                   0000000180018670     model_sfun_registry.obj
 0003:00003690       $SG23592                   0000000180018690     model_sfun_registry.obj
 0003:00003720       $SG23596                   0000000180018720     model_sfun_registry.obj
 0003:00003740       $SG23597                   0000000180018740     model_sfun_registry.obj
 0003:000037d0       $SG23601                   00000001800187d0     model_sfun_registry.obj
 0003:000037f0       $SG23602                   00000001800187f0     model_sfun_registry.obj
 0003:00003880       $SG23606                   0000000180018880     model_sfun_registry.obj
 0003:000038a0       $SG23607                   00000001800188a0     model_sfun_registry.obj
 0003:00003930       $SG23611                   0000000180018930     model_sfun_registry.obj
 0003:00003950       $SG23612                   0000000180018950     model_sfun_registry.obj
 0003:000039e0       $SG23616                   00000001800189e0     model_sfun_registry.obj
 0003:00003a00       $SG23617                   0000000180018a00     model_sfun_registry.obj
 0003:00003a90       $SG23621                   0000000180018a90     model_sfun_registry.obj
 0003:00003ab0       $SG23622                   0000000180018ab0     model_sfun_registry.obj
 0003:00003b40       $SG23626                   0000000180018b40     model_sfun_registry.obj
 0003:00003b60       $SG23627                   0000000180018b60     model_sfun_registry.obj
 0003:00003bf0       $SG23632                   0000000180018bf0     model_sfun_registry.obj
 0003:00003c10       $SG23633                   0000000180018c10     model_sfun_registry.obj
 0003:00003ca0       $SG23638                   0000000180018ca0     model_sfun_registry.obj
 0003:00003cb0       $SG23639                   0000000180018cb0     model_sfun_registry.obj
 0003:00003d40       $SG23643                   0000000180018d40     model_sfun_registry.obj
 0003:00003d60       $SG23644                   0000000180018d60     model_sfun_registry.obj
 0003:00003df0       $SG23648                   0000000180018df0     model_sfun_registry.obj
 0003:00003e00       $SG23649                   0000000180018e00     model_sfun_registry.obj
 0003:00003e90       $SG23653                   0000000180018e90     model_sfun_registry.obj
 0003:00003eb0       $SG23654                   0000000180018eb0     model_sfun_registry.obj
 0003:00003f40       $SG23658                   0000000180018f40     model_sfun_registry.obj
 0003:00003f60       $SG23659                   0000000180018f60     model_sfun_registry.obj
 0003:00003ff0       $SG23663                   0000000180018ff0     model_sfun_registry.obj
 0003:00004000       $SG23664                   0000000180019000     model_sfun_registry.obj
 0003:00004090       $SG23668                   0000000180019090     model_sfun_registry.obj
 0003:000040a0       $SG23669                   00000001800190a0     model_sfun_registry.obj
 0003:00004130       $SG23673                   0000000180019130     model_sfun_registry.obj
 0003:00004150       $SG23674                   0000000180019150     model_sfun_registry.obj
 0003:000041e0       $SG23678                   00000001800191e0     model_sfun_registry.obj
 0003:00004200       $SG23679                   0000000180019200     model_sfun_registry.obj
 0003:00004290       $SG23683                   0000000180019290     model_sfun_registry.obj
 0003:000042a0       $SG23684                   00000001800192a0     model_sfun_registry.obj
 0003:00004330       $SG23692                   0000000180019330     model_sfun_registry.obj
 0003:00004340       $SG23693                   0000000180019340     model_sfun_registry.obj
 0003:000043d0       $SG23699                   00000001800193d0     model_sfun_registry.obj
 0003:000043e0       $SG23700                   00000001800193e0     model_sfun_registry.obj
 0003:00004470       $SG23704                   0000000180019470     model_sfun_registry.obj
 0003:00004480       $SG23705                   0000000180019480     model_sfun_registry.obj
 0003:00004510       $SG23710                   0000000180019510     model_sfun_registry.obj
 0003:00004520       $SG23711                   0000000180019520     model_sfun_registry.obj
 0003:000045b0       $SG23715                   00000001800195b0     model_sfun_registry.obj
 0003:00004630       $SG23738                   0000000180019630     model_sfun_registry.obj
 0003:00004748       $SG23746                   0000000180019748     model_sfun_registry.obj
 0003:00004758       $SG23753                   0000000180019758     model_sfun_registry.obj
 0003:00004768       $SG23761                   0000000180019768     model_sfun_registry.obj
 0003:00004778       $SG23768                   0000000180019778     model_sfun_registry.obj
 0003:00004788       $SG23776                   0000000180019788     model_sfun_registry.obj
 0003:00004798       $SG23783                   0000000180019798     model_sfun_registry.obj
 0003:000047a8       $SG23789                   00000001800197a8     model_sfun_registry.obj
 0003:000047c8       $SG23799                   00000001800197c8     model_sfun_registry.obj
 0003:000047f8       $SG23800                   00000001800197f8     model_sfun_registry.obj
 0003:00004800       $SG23801                   0000000180019800     model_sfun_registry.obj
 0003:00004808       $SG23811                   0000000180019808     model_sfun_registry.obj
 0003:00004840       $SG23812                   0000000180019840     model_sfun_registry.obj
 0003:00004848       $SG23813                   0000000180019848     model_sfun_registry.obj
 0003:00004900       sRtwOptimizationInfoStruct 0000000180019900     model_sfun.obj
 0003:00004908       sOptimizationInfoFlags     0000000180019908     model_sfun.obj
 0003:00004910       _sfTime_                   0000000180019910     c2_model.obj
 0003:00004918       $SG21781                   0000000180019918     c2_model.obj
 0003:00004919       $SG22306                   0000000180019919     c2_model.obj
 0003:0000491a       $SG22307                   000000018001991a     c2_model.obj
 0003:0000491b       $SG22435                   000000018001991b     c2_model.obj
 0003:00004920       ?newstr@?1??sf_c2_model_get_post_codegen_info@@9@9 0000000180019920     c2_model.obj
 0003:00004e98       sfGlobalMdlStartCallCounts 0000000180019e98     model_sfun_registry.obj
 0003:00004e9c       $SG23202                   0000000180019e9c     model_sfun_registry.obj
 0003:00004e9e       ?warningGuard@?1??ssGetRootSS@@9@9 0000000180019e9e     model_sfun_registry.obj
 0003:00004e9f       ?warningGuard@?1??ssGetParentSS@@9@9 0000000180019e9f     model_sfun_registry.obj
 0003:00004ea0       GS_ExceptionRecord         0000000180019ea0     MSVCRT:gs_report.obj
 0003:00004f40       GS_ContextRecord           0000000180019f40     MSVCRT:gs_report.obj
 0003:00005410       ?__proc_attached@@3HA      000000018001a410     MSVCRT:dll_dllmain.obj
 0003:00005450       ?is_initialized_as_dll@@3_NA 000000018001a450     MSVCRT:utility.obj
 0003:00005451       ?module_local_atexit_table_initialized@@3_NA 000000018001a451     MSVCRT:utility.obj
 0003:00005458       ?module_local_atexit_table@@3U_onexit_table_t@@A 000000018001a458     MSVCRT:utility.obj
 0003:00005470       ?module_local_at_quick_exit_table@@3U_onexit_table_t@@A 000000018001a470     MSVCRT:utility.obj
