 model_sfun

 Timestamp is 6856bb47 (Sat Jun 21 15:01:43 2025)

 Preferred load address is 0000000180000000

 Start         Length     Name                   Class
 0001:00000000 00010840H .text$mn                CODE
 0001:00010840 00000036H .text$mn$00             CODE
 0001:00010876 00000092H .text$x                 CODE
 0002:00000000 00000470H .idata$5                DATA
 0002:00000470 00000028H .00cfg                  DATA
 0002:00000498 00000008H .CRT$XCA                DATA
 0002:000004a0 00000008H .CRT$XCZ                DATA
 0002:000004a8 00000008H .CRT$XIA                DATA
 0002:000004b0 00000008H .CRT$XIZ                DATA
 0002:000004b8 00000008H .CRT$XPA                DATA
 0002:000004c0 00000008H .CRT$XPZ                DATA
 0002:000004c8 00000008H .CRT$XTA                DATA
 0002:000004d0 00000010H .CRT$XTZ                DATA
 0002:000004d8 00000000H .gehcont$y              DATA
 0002:000004d8 00000000H .gfids$y                DATA
 0002:000004e0 000002a0H .rdata                  DATA
 0002:00000780 00000008H .rdata$CastGuardVftablesA DATA
 0002:00000788 00000008H .rdata$CastGuardVftablesC DATA
 0002:00000790 000000f0H .rdata$voltmd           DATA
 0002:00000880 00000278H .rdata$zzzdbg           DATA
 0002:00000af8 00000008H .rtc$IAA                DATA
 0002:00000b00 00000008H .rtc$IZZ                DATA
 0002:00000b08 00000008H .rtc$TAA                DATA
 0002:00000b10 00000008H .rtc$TZZ                DATA
 0002:00000b18 00000a48H .xdata                  DATA
 0002:00001560 00000074H .edata                  DATA
 0002:000015d4 00000104H .idata$2                DATA
 0002:000016d8 00000018H .idata$3                DATA
 0002:000016f0 00000470H .idata$4                DATA
 0002:00001b60 00000c6aH .idata$6                DATA
 0003:00000000 000047f0H .data                   DATA
 0003:000047f0 00000bc0H .bss                    DATA
 0004:00000000 00000c9cH .pdata                  DATA

  Address         Publics by Value              Rva+Base               Lib:Object

 0000:00000000       __AbsoluteZero             0000000000000000     <absolute>
 0000:00000000       __dynamic_value_reloc_table 0000000000000000     <absolute>
 0000:00000000       __x64_code_ranges_to_entry_points 0000000000000000     <absolute>
 0000:00000000       __guard_longjmp_table      0000000000000000     <absolute>
 0000:00000000       __guard_check_icall_a64n_fptr 0000000000000000     <absolute>
 0000:00000000       __guard_fids_count         0000000000000000     <absolute>
 0000:00000000       __arm64x_extra_rfe_table   0000000000000000     <absolute>
 0000:00000000       __guard_fids_table         0000000000000000     <absolute>
 0000:00000000       __hybrid_code_map          0000000000000000     <absolute>
 0000:00000000       __guard_iat_table          0000000000000000     <absolute>
 0000:00000000       __arm64x_extra_rfe_table_size 0000000000000000     <absolute>
 0000:00000000       __hybrid_code_map_count    0000000000000000     <absolute>
 0000:00000000       __x64_code_ranges_to_entry_points_count 0000000000000000     <absolute>
 0000:00000000       ___safe_se_handler_count   0000000000000000     <absolute>
 0000:00000000       __hybrid_auxiliary_iat_copy 0000000000000000     <absolute>
 0000:00000000       __guard_eh_cont_table      0000000000000000     <absolute>
 0000:00000000       __arm64x_redirection_metadata 0000000000000000     <absolute>
 0000:00000000       __guard_longjmp_count      0000000000000000     <absolute>
 0000:00000000       ___safe_se_handler_table   0000000000000000     <absolute>
 0000:00000000       __guard_eh_cont_count      0000000000000000     <absolute>
 0000:00000000       __arm64x_native_entrypoint 0000000000000000     <absolute>
 0000:00000000       __hybrid_auxiliary_iat     0000000000000000     <absolute>
 0000:00000000       __arm64x_redirection_metadata_count 0000000000000000     <absolute>
 0000:00000000       __guard_iat_count          0000000000000000     <absolute>
 0000:00000000       __enclave_config           0000000000000000     <absolute>
 0000:00000100       __guard_flags              0000000000000100     <absolute>
 0000:00000000       __ImageBase                0000000180000000     <linker-defined>
 0001:00000000       model_initializer          0000000180001000 f   model_sfun.obj
 0001:00000010       model_terminator           0000000180001010 f   model_sfun.obj
 0001:00000020       load_model_optimization_info 0000000180001020 f   model_sfun.obj
 0001:000000d0       unload_model_optimization_info 00000001800010d0 f   model_sfun.obj
 0001:00000100       sf_model_method_dispatcher 0000000180001100 f   model_sfun.obj
 0001:00000150       sf_model_process_check_sum_call 0000000180001150 f   model_sfun.obj
 0001:00000640       sf_model_get_eml_resolved_functions_info 0000000180001640 f   model_sfun.obj
 0001:00000820       sf_model_third_party_uses_info 0000000180001820 f   model_sfun.obj
 0001:000009f0       sf_model_jit_fallback_info 00000001800019f0 f   model_sfun.obj
 0001:00000bc0       sf_model_get_post_codegen_info 0000000180001bc0 f   model_sfun.obj
 0001:00000da0       sf_model_updateBuildInfo_args_info 0000000180001da0 f   model_sfun.obj
 0001:00000f60       sf_c2_model_get_eml_resolved_functions_info 0000000180001f60 f   c2_model.obj
 0001:00000fe0       sf_c2_model_get_check_sum  0000000180001fe0 f   c2_model.obj
 0001:000010b0       c2_model_method_dispatcher 00000001800020b0 f   c2_model.obj
 0001:00003950       sf_c2_model_third_party_uses_info 0000000180004950 f   c2_model.obj
 0001:000039a0       sf_c2_model_jit_fallback_info 00000001800049a0 f   c2_model.obj
 0001:00003b30       sf_c2_model_updateBuildInfo_args_info 0000000180004b30 f   c2_model.obj
 0001:00003e50       sf_c2_model_get_post_codegen_info 0000000180004e50 f   c2_model.obj
 0001:00004320       mexFunction                0000000180005320 f   model_sfun_registry.obj
 0001:00006bf0       _ssSetInputPortDirectFeedThroughFcn 0000000180007bf0 f   model_sfun_registry.obj
 0001:00006d60       _ssSetRWorkValueFcn        0000000180007d60 f   model_sfun_registry.obj
 0001:00006de0       _ssGetRWorkValueFcn        0000000180007de0 f   model_sfun_registry.obj
 0001:00006e50       _ssSetIWorkValueFcn        0000000180007e50 f   model_sfun_registry.obj
 0001:00006ed0       _ssGetIWorkValueFcn        0000000180007ed0 f   model_sfun_registry.obj
 0001:00006f40       _ssSetPWorkValueFcn        0000000180007f40 f   model_sfun_registry.obj
 0001:00006fc0       _ssGetPWorkValueFcn        0000000180007fc0 f   model_sfun_registry.obj
 0001:00007030       _ssGetInputPortSignalFcn   0000000180008030 f   model_sfun_registry.obj
 0001:000073c0       _ssGetInputPortBufferDstPortFcn 00000001800083c0 f   model_sfun_registry.obj
 0001:00007440       _ssGetInputPortSignalPtrsFcn 0000000180008440 f   model_sfun_registry.obj
 0001:000077d0       ssGetParameterTuningCompliance 00000001800087d0 f   model_sfun_registry.obj
 0001:00007840       _ssReadInputStringFcn      0000000180008840 f   model_sfun_registry.obj
 0001:000078b0       ssGetDTypeIdFromMxArray    00000001800088b0 f   model_sfun_registry.obj
 0001:000079d0       ssWriteRTWMx2dMatParam     00000001800089d0 f   model_sfun_registry.obj
 0001:00007a60       ssWriteRTWMxVectParam      0000000180008a60 f   model_sfun_registry.obj
 0001:00007ae0       ssWriteRTWParameters       0000000180008ae0 f   model_sfun_registry.obj
 0001:000080a0       ssWriteRTWParamSettings    00000001800090a0 f   model_sfun_registry.obj
 0001:00008790       ssWriteRTWStr              0000000180009790 f   model_sfun_registry.obj
 0001:000087f0       ssWriteRTWWorkVect         00000001800097f0 f   model_sfun_registry.obj
 0001:00008d50       ssWarning                  0000000180009d50 f   model_sfun_registry.obj
 0001:00008e40       ssGetRootSS                0000000180009e40 f   model_sfun_registry.obj
 0001:00008f00       ssGetParentSS              0000000180009f00 f   model_sfun_registry.obj
 0001:00008fc0       ssWriteRTWNameValuePair    0000000180009fc0 f   model_sfun_registry.obj
 0001:000094c0       _ssSetInputPortMatrixDimensions 000000018000a4c0 f   model_sfun_registry.obj
 0001:00009610       _ssSetOutputPortMatrixDimensions 000000018000a610 f   model_sfun_registry.obj
 0001:00009760       _ssSetInputPortVectorDimension 000000018000a760 f   model_sfun_registry.obj
 0001:00009810       _ssSetOutputPortVectorDimension 000000018000a810 f   model_sfun_registry.obj
 0001:000098c0       ssIsRunTimeParamTunable    000000018000a8c0 f   model_sfun_registry.obj
 0001:00009930       ssGetSFuncBlockHandle      000000018000a930 f   model_sfun_registry.obj
 0001:000099a0       _ssGetCallSystemNumFcnCallDestinations 000000018000a9a0 f   model_sfun_registry.obj
 0001:00009a10       _ssGetCurrentInputPortWidth 000000018000aa10 f   model_sfun_registry.obj
 0001:00009b50       _ssGetCurrentOutputPortWidth 000000018000ab50 f   model_sfun_registry.obj
 0001:00009c90       ssGetIsZeroCrossControlDisabled 000000018000ac90 f   model_sfun_registry.obj
 0001:00009d00       ssSetIsInputPortUsedForContZcSignal 000000018000ad00 f   model_sfun_registry.obj
 0001:00009d70       ssSetZcSignalIsZcElementDisc 000000018000ad70 f   model_sfun_registry.obj
 0001:00009e20       ssSetZcSignalName          000000018000ae20 f   model_sfun_registry.obj
 0001:00009e90       ssSetZcSignalWidth         000000018000ae90 f   model_sfun_registry.obj
 0001:00009f00       ssSetZcSignalZcEventType   000000018000af00 f   model_sfun_registry.obj
 0001:00009f70       ssSetZcSignalType          000000018000af70 f   model_sfun_registry.obj
 0001:00009fe0       ssSetZcSignalZcTol         000000018000afe0 f   model_sfun_registry.obj
 0001:0000a050       ssSetZcSignalNeedsEventNotification 000000018000b050 f   model_sfun_registry.obj
 0001:0000a0c0       ssCreateAndAddZcSignalInfo 000000018000b0c0 f   model_sfun_registry.obj
 0001:0000a130       ssCloneAndAddZcSignalInfo  000000018000b130 f   model_sfun_registry.obj
 0001:0000a1a0       ssGetNumZcSignals          000000018000b1a0 f   model_sfun_registry.obj
 0001:0000a210       ssGetZcSignalVector        000000018000b210 f   model_sfun_registry.obj
 0001:0000a280       ssGetZcSignalName          000000018000b280 f   model_sfun_registry.obj
 0001:0000a2f0       ssGetZcSignalWidth         000000018000b2f0 f   model_sfun_registry.obj
 0001:0000a360       ssGetZcSignalZcEventType   000000018000b360 f   model_sfun_registry.obj
 0001:0000a3d0       ssGetZcSignalZcEvents      000000018000b3d0 f   model_sfun_registry.obj
 0001:0000a440       ssGetZcSignalType          000000018000b440 f   model_sfun_registry.obj
 0001:0000a4b0       ssGetZcSignalZcTol         000000018000b4b0 f   model_sfun_registry.obj
 0001:0000a530       ssGetZcSignalNeedsEventNotification 000000018000b530 f   model_sfun_registry.obj
 0001:0000a5a0       ssGetZcSignalIsZcElementDisc 000000018000b5a0 f   model_sfun_registry.obj
 0001:0000a640       ssGetIsInputPortElementContinuous 000000018000b640 f   model_sfun_registry.obj
 0001:0000a6e0       _ssGetAbsTol               000000018000b6e0 f   model_sfun_registry.obj
 0001:0000a750       _ssSetStateAbsTol          000000018000b750 f   model_sfun_registry.obj
 0001:0000a830       _ssSetInputPortReusableFcn 000000018000b830 f   model_sfun_registry.obj
 0001:0000a930       _ssSetOutputPortReusableFcn 000000018000b930 f   model_sfun_registry.obj
 0001:0000aa30       _ssSetSymbolicDimsSupport  000000018000ba30 f   model_sfun_registry.obj
 0001:0000aaa0       _ssRegisterSymbolicDimsExpr 000000018000baa0 f   model_sfun_registry.obj
 0001:0000ab20       _ssRegisterSymbolicDimsMATLABExpr 000000018000bb20 f   model_sfun_registry.obj
 0001:0000abb0       _ssRegisterSymbolicDims    000000018000bbb0 f   model_sfun_registry.obj
 0001:0000ac50       _ssRegisterSymbolicDimsString 000000018000bc50 f   model_sfun_registry.obj
 0001:0000acd0       _ssRegisterSymbolicDimsIntValue 000000018000bcd0 f   model_sfun_registry.obj
 0001:0000ad40       _ssRegisterSymbolicEqualRelation 000000018000bd40 f   model_sfun_registry.obj
 0001:0000adb0       _ssRegisterSymbolicEqualValue 000000018000bdb0 f   model_sfun_registry.obj
 0001:0000ae20       _ssAmendLeadingSymbolicDims 000000018000be20 f   model_sfun_registry.obj
 0001:0000aea0       _ssAmendTrailingSymbolicDims 000000018000bea0 f   model_sfun_registry.obj
 0001:0000af20       _ssRegisterSymbolicDimsPlus 000000018000bf20 f   model_sfun_registry.obj
 0001:0000afa0       _ssRegisterSymbolicDimsMinus 000000018000bfa0 f   model_sfun_registry.obj
 0001:0000b020       _ssRegisterSymbolicDimsMultiply 000000018000c020 f   model_sfun_registry.obj
 0001:0000b0a0       _ssRegisterSymbolicDimsDivide 000000018000c0a0 f   model_sfun_registry.obj
 0001:0000b120       _ssGetNumSymbolicDims      000000018000c120 f   model_sfun_registry.obj
 0001:0000b190       _ssGetSymbolicDim          000000018000c190 f   model_sfun_registry.obj
 0001:0000b210       _ssSetInputPortSymbolicDimsId 000000018000c210 f   model_sfun_registry.obj
 0001:0000b280       _ssGetCompInputPortSymbolicDimsId 000000018000c280 f   model_sfun_registry.obj
 0001:0000b2f0       _ssSetCompInputPortSymbolicDimsId 000000018000c2f0 f   model_sfun_registry.obj
 0001:0000b360       _ssSetOutputPortSymbolicDimsId 000000018000c360 f   model_sfun_registry.obj
 0001:0000b3d0       _ssGetCompOutputPortSymbolicDimsId 000000018000c3d0 f   model_sfun_registry.obj
 0001:0000b440       _ssSetCompOutputPortSymbolicDimsId 000000018000c440 f   model_sfun_registry.obj
 0001:0000b4b0       _ssGetDWorkSymbolicDimsId  000000018000c4b0 f   model_sfun_registry.obj
 0001:0000b520       _ssSetDWorkSymbolicDimsId  000000018000c520 f   model_sfun_registry.obj
 0001:0000b590       _ssGetCompDWorkSymbolicDimsId 000000018000c590 f   model_sfun_registry.obj
 0001:0000b600       _ssSetCompDWorkSymbolicDimsId 000000018000c600 f   model_sfun_registry.obj
 0001:0000b670       _ssCreateSLCGStringBuffer  000000018000c670 f   model_sfun_registry.obj
 0001:0000b6e0       _ssAddToSLCGStringBuffer   000000018000c6e0 f   model_sfun_registry.obj
 0001:0000b750       _ssGetPointerContainedData 000000018000c750 f   model_sfun_registry.obj
 0001:0000b7e0       _ssGetPointerContainedDataWidth 000000018000c7e0 f   model_sfun_registry.obj
 0001:0000b870       _ssRegisterDynamicArrayDataTypeFcn 000000018000c870 f   model_sfun_registry.obj
 0001:0000b910       _ssGetDynamicArrayContainedDataCurrentWidthFcn 000000018000c910 f   model_sfun_registry.obj
 0001:0000b9e0       _ssGetDynamicArrayContainedDataFcn 000000018000c9e0 f   model_sfun_registry.obj
 0001:0000bab0       _ssGetInputPortDynamicArrayDataFcn 000000018000cab0 f   model_sfun_registry.obj
 0001:0000bb70       _ssGetOutputPortDynamicArrayDataFcn 000000018000cb70 f   model_sfun_registry.obj
 0001:0000bc30       _ssGetInputPortDynamicArrayContainedDataFcn 000000018000cc30 f   model_sfun_registry.obj
 0001:0000bcf0       _ssGetOutputPortDynamicArrayContainedDataFcn 000000018000ccf0 f   model_sfun_registry.obj
 0001:0000bdb0       _ssGetDynamicArrayDWorkContainedDataFcn 000000018000cdb0 f   model_sfun_registry.obj
 0001:0000be70       sf_process_check_sum_call  000000018000ce70 f   model_sfun_registry.obj
 0001:0000bec0       sf_process_get_third_party_uses_info_call 000000018000cec0 f   model_sfun_registry.obj
 0001:0000c0f0       sf_process_get_jit_fallback_info_call 000000018000d0f0 f   model_sfun_registry.obj
 0001:0000c320       sf_process_get_post_codegen_info_call 000000018000d320 f   model_sfun_registry.obj
 0001:0000c550       sf_process_get_updateBuildInfo_args_info_call 000000018000d550 f   model_sfun_registry.obj
 0001:0000c780       sf_process_get_eml_resolved_functions_info_call 000000018000d780 f   model_sfun_registry.obj
 0001:0000c9b0       sf_mex_unlock_call         000000018000d9b0 f   model_sfun_registry.obj
 0001:0000cbd0       sf_machine_global_initializer_called 000000018000dbd0 f   model_sfun_registry.obj
 0001:0000cc00       sf_machine_global_method_dispatcher 000000018000dc00 f   model_sfun_registry.obj
 0001:0000cc60       sf_machine_global_terminator 000000018000dc60 f   model_sfun_registry.obj
 0001:0000cc90       callCustomFcn              000000018000dc90 f   model_sfun_registry.obj
 0001:0000cca0       sf_machine_global_initializer 000000018000dca0 f   model_sfun_registry.obj
 0001:0000ccd0       mdlGetSimState             000000018000dcd0 f   model_sfun_registry.obj
 0001:0000cd10       mdlSetSimState             000000018000dd10 f   model_sfun_registry.obj
 0001:0000d6a0       ProcessMexSfunctionEveryCall 000000018000e6a0 f   model_sfun_registry.obj
 0001:0000e820       __local_stdio_printf_options 000000018000f820 f i model_sfun_registry.obj
 0001:0000e830       _vsnprintf_l               000000018000f830 f i model_sfun_registry.obj
 0001:0000e8b0       _vsprintf_l                000000018000f8b0 f i model_sfun_registry.obj
 0001:0000e900       sprintf                    000000018000f900 f i model_sfun_registry.obj
 0001:0000e950       mexfilerequiredapiversion  000000018000f950 f   c_mexapi_version.obj
 0001:0000e980       getBitfieldFromFloat       000000018000f980 f   half_type.obj
 0001:0000e9b0       getFloatFromBitfield       000000018000f9b0 f   half_type.obj
 0001:0000e9e0       getBitfieldFromHalf        000000018000f9e0 f   half_type.obj
 0001:0000ea00       getHalfFromBitfield        000000018000fa00 f   half_type.obj
 0001:0000ea30       halfToFloat                000000018000fa30 f   half_type.obj
 0001:0000ebb0       halfToDouble               000000018000fbb0 f   half_type.obj
 0001:0000ebe0       floatToHalf                000000018000fbe0 f   half_type.obj
 0001:0000ee40       doubleToHalf               000000018000fe40 f   half_type.obj
 0001:0000f12b       kdtreeDeleteObj_single     000000018001012b f   libmwkdtree:libmwkdtree.dll
 0001:0000f131       kdtreeDeleteLocationDataPointer_single 0000000180010131 f   libmwkdtree:libmwkdtree.dll
 0001:0000f137       sf_load_rtw_optimization_info 0000000180010137 f   sf_runtime:sf_runtime.dll
 0001:0000f13d       sf_mex_decode              000000018001013d f   sf_runtime:sf_runtime.dll
 0001:0000f143       sf_init_ChartRunTimeInfo   0000000180010143 f   sf_runtime:sf_runtime.dll
 0001:0000f149       sf_free_ChartRunTimeInfo   0000000180010149 f   sf_runtime:sf_runtime.dll
 0001:0000f14f       sf_reset_warnings_ChartRunTimeInfo 000000018001014f f   sf_runtime:sf_runtime.dll
 0001:0000f155       sfrtGetEmlrtCtx            0000000180010155 f   sf_runtime:sf_runtime.dll
 0001:0000f15b       sfrtGetCovrtInstance       000000018001015b f   sf_runtime:sf_runtime.dll
 0001:0000f161       sf_get_chart_instance_ptr  0000000180010161 f   sf_runtime:sf_runtime.dll
 0001:0000f167       sfSetAnimationVectors      0000000180010167 f   sf_runtime:sf_runtime.dll
 0001:0000f16d       sim_mode_is_rtw_gen        000000018001016d f   sf_runtime:sf_runtime.dll
 0001:0000f173       sim_mode_is_external       0000000180010173 f   sf_runtime:sf_runtime.dll
 0001:0000f179       sf_clear_rtw_identifier    0000000180010179 f   sf_runtime:sf_runtime.dll
 0001:0000f17f       sf_get_time                000000018001017f f   sf_runtime:sf_runtime.dll
 0001:0000f185       sf_set_work_widths         0000000180010185 f   sf_runtime:sf_runtime.dll
 0001:0000f18b       mdlProcessParamsCommon     000000018001018b f   sf_runtime:sf_runtime.dll
 0001:0000f191       sf_mex_error_message       0000000180010191 f   sf_runtime:sf_runtime.dll
 0001:0000f197       sf_mex_create              0000000180010197 f   sf_runtime:sf_runtime.dll
 0001:0000f19d       sf_mex_createcellmatrix    000000018001019d f   sf_runtime:sf_runtime.dll
 0001:0000f1a3       sf_mex_setcell             00000001800101a3 f   sf_runtime:sf_runtime.dll
 0001:0000f1a9       sf_mex_getcell             00000001800101a9 f   sf_runtime:sf_runtime.dll
 0001:0000f1af       sf_mex_assign              00000001800101af f   sf_runtime:sf_runtime.dll
 0001:0000f1b5       sf_mex_dup                 00000001800101b5 f   sf_runtime:sf_runtime.dll
 0001:0000f1bb       sf_mex_destroy             00000001800101bb f   sf_runtime:sf_runtime.dll
 0001:0000f1c1       sf_mex_import              00000001800101c1 f   sf_runtime:sf_runtime.dll
 0001:0000f1c7       ssGetInputPortSignal_wrapper 00000001800101c7 f   sf_runtime:sf_runtime.dll
 0001:0000f1cd       ssGetOutputPortSignal_wrapper 00000001800101cd f   sf_runtime:sf_runtime.dll
 0001:0000f1d3       sf_get_ChartInfoStruct_CodeGen 00000001800101d3 f   sf_runtime:sf_runtime.dll
 0001:0000f1d9       sf_get_hasSeparateUpdateOutputs 00000001800101d9 f   sf_runtime:sf_runtime.dll
 0001:0000f1df       callMdlMethodAndReportError 00000001800101df f   sf_runtime:sf_runtime.dll
 0001:0000f1e5       call_sf_machine_global_method_dispatcher 00000001800101e5 f   sf_runtime:sf_runtime.dll
 0001:0000f1eb       getRuntimeInstanceInfoAsVoid 00000001800101eb f   sf_runtime:sf_runtime.dll
 0001:0000f1f1       sf_mex_error_direct_call   00000001800101f1 f   sf_runtime:sf_runtime.dll
 0001:0000f1f7       sf_clear_error_manager_info 00000001800101f7 f   sf_runtime:sf_runtime.dll
 0001:0000f1fd       mxIsChar_800               00000001800101fd f   libmx:libmx.dll
 0001:0000f203       mxGetScalar_800            0000000180010203 f   libmx:libmx.dll
 0001:0000f209       mxGetPr_800                0000000180010209 f   libmx:libmx.dll
 0001:0000f20f       mxDestroyArray_800         000000018001020f f   libmx:libmx.dll
 0001:0000f215       mxCreateDoubleMatrix_800   0000000180010215 f   libmx:libmx.dll
 0001:0000f21b       mxGetString_800            000000018001021b f   libmx:libmx.dll
 0001:0000f221       mxDuplicateArray_800       0000000180010221 f   libmx:libmx.dll
 0001:0000f227       mxSetCell_800              0000000180010227 f   libmx:libmx.dll
 0001:0000f22d       mxSetField_800             000000018001022d f   libmx:libmx.dll
 0001:0000f233       mxCreateString_800         0000000180010233 f   libmx:libmx.dll
 0001:0000f239       mxCreateCellMatrix_800     0000000180010239 f   libmx:libmx.dll
 0001:0000f23f       mxCreateStructMatrix_800   000000018001023f f   libmx:libmx.dll
 0001:0000f245       mxCalloc_800               0000000180010245 f   libmx:libmx.dll
 0001:0000f24b       mxGetM_800                 000000018001024b f   libmx:libmx.dll
 0001:0000f251       mxGetClassID_800           0000000180010251 f   libmx:libmx.dll
 0001:0000f257       mxIsNumeric_800            0000000180010257 f   libmx:libmx.dll
 0001:0000f25d       mxIsComplex_800            000000018001025d f   libmx:libmx.dll
 0001:0000f263       mxGetN_800                 0000000180010263 f   libmx:libmx.dll
 0001:0000f269       mxCreateDoubleScalar_800   0000000180010269 f   libmx:libmx.dll
 0001:0000f26f       mexMakeArrayPersistent_800 000000018001026f f   libmex:libmex.dll
 0001:0000f275       mexErrMsgTxt_800           0000000180010275 f   libmex:libmex.dll
 0001:0000f27b       mexWarnMsgTxt_800          000000018001027b f   libmex:libmex.dll
 0001:0000f281       mexCallMATLAB_800          0000000180010281 f   libmex:libmex.dll
 0001:0000f287       mexLock_800                0000000180010287 f   libmex:libmex.dll
 0001:0000f28d       mexUnlock_800              000000018001028d f   libmex:libmex.dll
 0001:0000f293       mexIsLocked_800            0000000180010293 f   libmex:libmex.dll
 0001:0000f299       utMalloc                   0000000180010299 f   libut:libut.dll
 0001:0000f29f       utFree                     000000018001029f f   libut:libut.dll
 0001:0000f2a5       emlrtLicenseCheckR2022a    00000001800102a5 f   libemlrt:libemlrt.dll
 0001:0000f2ab       emlrtSizeMulR2012b         00000001800102ab f   libemlrt:libemlrt.dll
 0001:0000f2b1       emlrtMallocMex             00000001800102b1 f   libemlrt:libemlrt.dll
 0001:0000f2b7       emlrtFreeMex               00000001800102b7 f   libemlrt:libemlrt.dll
 0001:0000f2bd       emlrtHeapReferenceStackEnterFcnR2012b 00000001800102bd f   libemlrt:libemlrt.dll
 0001:0000f2c3       emlrtHeapReferenceStackLeaveFcnR2012b 00000001800102c3 f   libemlrt:libemlrt.dll
 0001:0000f2c9       emlrtPushHeapReferenceStackR2021a 00000001800102c9 f   libemlrt:libemlrt.dll
 0001:0000f2cf       emlrtHeapAllocationErrorR2012b 00000001800102cf f   libemlrt:libemlrt.dll
 0001:0000f2d5       covrtCreateStateflowInstanceData 00000001800102d5 f   libcovrt:libcovrt.dll
 0001:0000f2db       covrtDeleteStateflowInstanceData 00000001800102db f   libcovrt:libcovrt.dll
 0001:0000f2e1       covrtTransInitFcn          00000001800102e1 f   libcovrt:libcovrt.dll
 0001:0000f2e7       covrtStateInitFcn          00000001800102e7 f   libcovrt:libcovrt.dll
 0001:0000f2ed       covrtChartInitFcn          00000001800102ed f   libcovrt:libcovrt.dll
 0001:0000f2f3       covrtRelationalopUpdateFcn 00000001800102f3 f   libcovrt:libcovrt.dll
 0001:0000f2f9       covrtSigUpdateFcnAssumingCovEnabled 00000001800102f9 f   libcovrt:libcovrt.dll
 0001:0000f2ff       covrtIsSigCovEnabledFcn    00000001800102ff f   libcovrt:libcovrt.dll
 0001:0000f305       covrtEmlInitFcn            0000000180010305 f   libcovrt:libcovrt.dll
 0001:0000f30b       covrtEmlFcnInitFcn         000000018001030b f   libcovrt:libcovrt.dll
 0001:0000f311       covrtEmlIfInitFcn          0000000180010311 f   libcovrt:libcovrt.dll
 0001:0000f317       covrtEmlMCDCInitFcn        0000000180010317 f   libcovrt:libcovrt.dll
 0001:0000f31d       covrtEmlRelationalInitFcn  000000018001031d f   libcovrt:libcovrt.dll
 0001:0000f323       covrtEmlFcnEval            0000000180010323 f   libcovrt:libcovrt.dll
 0001:0000f329       covrtEmlIfEval             0000000180010329 f   libcovrt:libcovrt.dll
 0001:0000f32f       covrtEmlCondEval           000000018001032f f   libcovrt:libcovrt.dll
 0001:0000f335       covrtEmlMcdcEval           0000000180010335 f   libcovrt:libcovrt.dll
 0001:0000f33c       __raise_securityfailure    000000018001033c f   MSVCRT:gs_report.obj
 0001:0000f370       __report_gsfailure         0000000180010370 f   MSVCRT:gs_report.obj
 0001:0000f444       __report_rangecheckfailure 0000000180010444 f   MSVCRT:gs_report.obj
 0001:0000f458       __report_securityfailure   0000000180010458 f   MSVCRT:gs_report.obj
 0001:0000f4f4       __report_securityfailureEx 00000001800104f4 f   MSVCRT:gs_report.obj
 0001:0000f6e8       __GSHandlerCheck           00000001800106e8 f   MSVCRT:gshandler.obj
 0001:0000f708       __GSHandlerCheckCommon     0000000180010708 f   MSVCRT:gshandler.obj
 0001:0000f780       __security_check_cookie    0000000180010780 f   MSVCRT:amdsecgs.obj
 0001:0000fadc       _CRT_INIT                  0000000180010adc f   MSVCRT:dll_dllmain.obj
 0001:0000fae4       _DllMainCRTStartup         0000000180010ae4 f   MSVCRT:dll_dllmain.obj
 0001:0000fb90       __security_init_cookie     0000000180010b90 f   MSVCRT:gs_support.obj
 0001:0000fc3c       DllMain                    0000000180010c3c f   MSVCRT:dll_dllmain_stub.obj
 0001:0000fc60       ?__scrt_initialize_type_info@@YAXXZ 0000000180010c60 f   MSVCRT:tncleanup.obj
 0001:0000fc70       ?__scrt_uninitialize_type_info@@YAXXZ 0000000180010c70 f   MSVCRT:tncleanup.obj
 0001:0000fc7c       __local_stdio_scanf_options 0000000180010c7c f i MSVCRT:default_local_stdio_options.obj
 0001:0000fc84       __scrt_initialize_default_local_stdio_options 0000000180010c84 f   MSVCRT:default_local_stdio_options.obj
 0001:0000fca0       ?configure_argv@__scrt_narrow_argv_policy@@SAHXZ 0000000180010ca0 f i MSVCRT:utility.obj
 0001:0000fd00       ?initialize_environment@__scrt_narrow_environment_policy@@SAHXZ 0000000180010d00 f i MSVCRT:utility.obj
 0001:0000fd38       NtCurrentTeb               0000000180010d38 f i MSVCRT:utility.obj
 0001:0000fd44       __scrt_acquire_startup_lock 0000000180010d44 f   MSVCRT:utility.obj
 0001:0000fd80       __scrt_dllmain_after_initialize_c 0000000180010d80 f   MSVCRT:utility.obj
 0001:0000fdb4       __scrt_dllmain_before_initialize_c 0000000180010db4 f   MSVCRT:utility.obj
 0001:0000fdcc       __scrt_dllmain_crt_thread_attach 0000000180010dcc f   MSVCRT:utility.obj
 0001:0000fdf4       __scrt_dllmain_crt_thread_detach 0000000180010df4 f   MSVCRT:utility.obj
 0001:0000fe0c       __scrt_dllmain_exception_filter 0000000180010e0c f   MSVCRT:utility.obj
 0001:0000fe6c       __scrt_dllmain_uninitialize_c 0000000180010e6c f   MSVCRT:utility.obj
 0001:0000fe9c       __scrt_dllmain_uninitialize_critical 0000000180010e9c f   MSVCRT:utility.obj
 0001:0000feb0       __scrt_initialize_crt      0000000180010eb0 f   MSVCRT:utility.obj
 0001:0000fefc       __scrt_initialize_onexit_tables 0000000180010efc f   MSVCRT:utility.obj
 0001:0000ff88       __scrt_is_nonwritable_in_current_image 0000000180010f88 f   MSVCRT:utility.obj
 0001:00010020       __scrt_release_startup_lock 0000000180011020 f   MSVCRT:utility.obj
 0001:00010044       __scrt_uninitialize_crt    0000000180011044 f   MSVCRT:utility.obj
 0001:00010070       _onexit                    0000000180011070 f   MSVCRT:utility.obj
 0001:000100ac       at_quick_exit              00000001800110ac f   MSVCRT:utility.obj
 0001:000100cc       atexit                     00000001800110cc f   MSVCRT:utility.obj
 0001:000100e4       __scrt_get_dyn_tls_init_callback 00000001800110e4 f   MSVCRT:dyn_tls_init.obj
 0001:000100ec       __crt_debugger_hook        00000001800110ec f   MSVCRT:utility_desktop.obj
 0001:000100f4       __scrt_fastfail            00000001800110f4 f   MSVCRT:utility_desktop.obj
 0001:00010240       __scrt_get_show_window_mode 0000000180011240 f   MSVCRT:utility_desktop.obj
 0001:0001027c       __scrt_initialize_mta      000000018001127c f   MSVCRT:utility_desktop.obj
 0001:00010284       __scrt_initialize_winrt    0000000180011284 f   MSVCRT:utility_desktop.obj
 0001:00010288       __scrt_is_managed_app      0000000180011288 f   MSVCRT:utility_desktop.obj
 0001:000102dc       __scrt_set_unhandled_exception_filter 00000001800112dc f   MSVCRT:utility_desktop.obj
 0001:000102ec       __scrt_exe_initialize_mta  00000001800112ec f   MSVCRT:utility_desktop.obj
 0001:000102ec       __scrt_stub_for_initialize_mta 00000001800112ec f   MSVCRT:utility_desktop.obj
 0001:000102f0       __scrt_unhandled_exception_filter 00000001800112f0 f   MSVCRT:utility_desktop.obj
 0001:0001034c       _RTC_Initialize            000000018001134c f   MSVCRT:initsect.obj
 0001:00010388       _RTC_Terminate             0000000180011388 f   MSVCRT:initsect.obj
 0001:000103c4       _guard_check_icall_nop     00000001800113c4 f i MSVCRT:guard_support.obj
 0001:000103c8       ReadNoFence64              00000001800113c8 f i MSVCRT:guard_support.obj
 0001:000103cc       ReadPointerNoFence         00000001800113cc f i MSVCRT:guard_support.obj
 0001:000103d0       __castguard_check_failure_debugbreak 00000001800113d0 f i MSVCRT:guard_support.obj
 0001:000103ec       __castguard_check_failure_fastfail 00000001800113ec f i MSVCRT:guard_support.obj
 0001:00010410       __castguard_check_failure_nop 0000000180011410 f i MSVCRT:guard_support.obj
 0001:00010414       __castguard_check_failure_os_handled 0000000180011414 f i MSVCRT:guard_support.obj
 0001:00010474       __castguard_slow_path_check_debugbreak 0000000180011474 f i MSVCRT:guard_support.obj
 0001:000104a8       __castguard_slow_path_check_fastfail 00000001800114a8 f i MSVCRT:guard_support.obj
 0001:000104e4       __castguard_slow_path_check_nop 00000001800114e4 f i MSVCRT:guard_support.obj
 0001:000104e8       __castguard_slow_path_check_os_handled 00000001800114e8 f i MSVCRT:guard_support.obj
 0001:0001055c       _guard_icall_checks_enforced 000000018001155c f i MSVCRT:guard_support.obj
 0001:00010574       _guard_rf_checks_enforced  0000000180011574 f i MSVCRT:guard_support.obj
 0001:00010578       __isa_available_init       0000000180011578 f   MSVCRT:cpu_disp.obj
 0001:0001071c       _get_startup_argv_mode     000000018001171c f   MSVCRT:argv_mode.obj
 0001:00010724       __scrt_is_ucrt_dll_in_use  0000000180011724 f   MSVCRT:ucrt_detection.obj
 0001:00010730       RtlCaptureContext          0000000180011730 f   kernel32:KERNEL32.dll
 0001:00010736       RtlLookupFunctionEntry     0000000180011736 f   kernel32:KERNEL32.dll
 0001:0001073c       RtlVirtualUnwind           000000018001173c f   kernel32:KERNEL32.dll
 0001:00010742       UnhandledExceptionFilter   0000000180011742 f   kernel32:KERNEL32.dll
 0001:00010748       SetUnhandledExceptionFilter 0000000180011748 f   kernel32:KERNEL32.dll
 0001:0001074e       GetCurrentProcess          000000018001174e f   kernel32:KERNEL32.dll
 0001:00010754       TerminateProcess           0000000180011754 f   kernel32:KERNEL32.dll
 0001:0001075a       IsProcessorFeaturePresent  000000018001175a f   kernel32:KERNEL32.dll
 0001:00010760       QueryPerformanceCounter    0000000180011760 f   kernel32:KERNEL32.dll
 0001:00010766       GetCurrentProcessId        0000000180011766 f   kernel32:KERNEL32.dll
 0001:0001076c       GetCurrentThreadId         000000018001176c f   kernel32:KERNEL32.dll
 0001:00010772       GetSystemTimeAsFileTime    0000000180011772 f   kernel32:KERNEL32.dll
 0001:00010778       DisableThreadLibraryCalls  0000000180011778 f   kernel32:KERNEL32.dll
 0001:0001077e       InitializeSListHead        000000018001177e f   kernel32:KERNEL32.dll
 0001:00010784       IsDebuggerPresent          0000000180011784 f   kernel32:KERNEL32.dll
 0001:0001078a       GetStartupInfoW            000000018001178a f   kernel32:KERNEL32.dll
 0001:00010790       GetModuleHandleW           0000000180011790 f   kernel32:KERNEL32.dll
 0001:00010796       memcpy                     0000000180011796 f   vcruntime:VCRUNTIME140.dll
 0001:0001079c       memset                     000000018001179c f   vcruntime:VCRUNTIME140.dll
 0001:000107a2       __C_specific_handler       00000001800117a2 f   vcruntime:VCRUNTIME140.dll
 0001:000107a8       __std_type_info_destroy_list 00000001800117a8 f   vcruntime:VCRUNTIME140.dll
 0001:000107ae       __current_exception        00000001800117ae f   vcruntime:VCRUNTIME140.dll
 0001:000107b4       __current_exception_context 00000001800117b4 f   vcruntime:VCRUNTIME140.dll
 0001:000107ba       strcmp                     00000001800117ba f   ucrt:api-ms-win-crt-string-l1-1-0.dll
 0001:000107c0       strcat                     00000001800117c0 f   ucrt:api-ms-win-crt-string-l1-1-0.dll
 0001:000107c6       __stdio_common_vsprintf    00000001800117c6 f   ucrt:api-ms-win-crt-stdio-l1-1-0.dll
 0001:000107cc       free                       00000001800117cc f   ucrt:api-ms-win-crt-heap-l1-1-0.dll
 0001:000107d2       malloc                     00000001800117d2 f   ucrt:api-ms-win-crt-heap-l1-1-0.dll
 0001:000107d8       strlen                     00000001800117d8 f   ucrt:api-ms-win-crt-string-l1-1-0.dll
 0001:000107de       _initterm                  00000001800117de f   ucrt:api-ms-win-crt-runtime-l1-1-0.dll
 0001:000107e4       _initterm_e                00000001800117e4 f   ucrt:api-ms-win-crt-runtime-l1-1-0.dll
 0001:000107ea       _seh_filter_dll            00000001800117ea f   ucrt:api-ms-win-crt-runtime-l1-1-0.dll
 0001:000107f0       _configure_narrow_argv     00000001800117f0 f   ucrt:api-ms-win-crt-runtime-l1-1-0.dll
 0001:000107f6       _initialize_narrow_environment 00000001800117f6 f   ucrt:api-ms-win-crt-runtime-l1-1-0.dll
 0001:000107fc       _initialize_onexit_table   00000001800117fc f   ucrt:api-ms-win-crt-runtime-l1-1-0.dll
 0001:00010802       _register_onexit_function  0000000180011802 f   ucrt:api-ms-win-crt-runtime-l1-1-0.dll
 0001:00010808       _execute_onexit_table      0000000180011808 f   ucrt:api-ms-win-crt-runtime-l1-1-0.dll
 0001:0001080e       _crt_atexit                000000018001180e f   ucrt:api-ms-win-crt-runtime-l1-1-0.dll
 0001:00010814       _crt_at_quick_exit         0000000180011814 f   ucrt:api-ms-win-crt-runtime-l1-1-0.dll
 0001:0001081a       _cexit                     000000018001181a f   ucrt:api-ms-win-crt-runtime-l1-1-0.dll
 0001:00010820       terminate                  0000000180011820 f   ucrt:api-ms-win-crt-runtime-l1-1-0.dll
 0001:00010828       __vcrt_initialize          0000000180011828 f   MSVCRT:ucrt_stubs.obj
 0001:00010828       __acrt_initialize          0000000180011828 f   MSVCRT:ucrt_stubs.obj
 0001:00010828       __scrt_stub_for_acrt_initialize 0000000180011828 f   MSVCRT:ucrt_stubs.obj
 0001:0001082c       __acrt_thread_attach       000000018001182c f   MSVCRT:ucrt_stubs.obj
 0001:0001082c       __scrt_stub_for_acrt_thread_attach 000000018001182c f   MSVCRT:ucrt_stubs.obj
 0001:0001082c       __vcrt_thread_attach       000000018001182c f   MSVCRT:ucrt_stubs.obj
 0001:00010830       __vcrt_thread_detach       0000000180011830 f   MSVCRT:ucrt_stubs.obj
 0001:00010830       __acrt_thread_detach       0000000180011830 f   MSVCRT:ucrt_stubs.obj
 0001:00010830       __scrt_stub_for_acrt_thread_detach 0000000180011830 f   MSVCRT:ucrt_stubs.obj
 0001:00010834       __acrt_uninitialize        0000000180011834 f   MSVCRT:ucrt_stubs.obj
 0001:00010834       __scrt_stub_for_acrt_uninitialize 0000000180011834 f   MSVCRT:ucrt_stubs.obj
 0001:00010834       __vcrt_uninitialize        0000000180011834 f   MSVCRT:ucrt_stubs.obj
 0001:00010838       __acrt_uninitialize_critical 0000000180011838 f   MSVCRT:ucrt_stubs.obj
 0001:00010838       __vcrt_uninitialize_critical 0000000180011838 f   MSVCRT:ucrt_stubs.obj
 0001:00010838       __scrt_stub_for_acrt_uninitialize_critical 0000000180011838 f   MSVCRT:ucrt_stubs.obj
 0001:0001083c       _is_c_termination_complete 000000018001183c f   MSVCRT:ucrt_stubs.obj
 0001:0001083c       __scrt_stub_for_is_c_termination_complete 000000018001183c f   MSVCRT:ucrt_stubs.obj
 0001:00010850       _guard_dispatch_icall_nop  0000000180011850 f   MSVCRT:guard_dispatch.obj
 0001:00010870       _guard_xfg_dispatch_icall_nop 0000000180011870 f   MSVCRT:guard_xfg_dispatch.obj
 0002:00000000       __imp_IsDebuggerPresent    0000000180012000     kernel32:KERNEL32.dll
 0002:00000008       __imp_IsProcessorFeaturePresent 0000000180012008     kernel32:KERNEL32.dll
 0002:00000010       __imp_RtlCaptureContext    0000000180012010     kernel32:KERNEL32.dll
 0002:00000018       __imp_RtlLookupFunctionEntry 0000000180012018     kernel32:KERNEL32.dll
 0002:00000020       __imp_QueryPerformanceCounter 0000000180012020     kernel32:KERNEL32.dll
 0002:00000028       __imp_GetCurrentProcessId  0000000180012028     kernel32:KERNEL32.dll
 0002:00000030       __imp_GetCurrentThreadId   0000000180012030     kernel32:KERNEL32.dll
 0002:00000038       __imp_GetSystemTimeAsFileTime 0000000180012038     kernel32:KERNEL32.dll
 0002:00000040       __imp_DisableThreadLibraryCalls 0000000180012040     kernel32:KERNEL32.dll
 0002:00000048       __imp_InitializeSListHead  0000000180012048     kernel32:KERNEL32.dll
 0002:00000050       __imp_GetStartupInfoW      0000000180012050     kernel32:KERNEL32.dll
 0002:00000058       __imp_GetModuleHandleW     0000000180012058     kernel32:KERNEL32.dll
 0002:00000060       __imp_GetCurrentProcess    0000000180012060     kernel32:KERNEL32.dll
 0002:00000068       __imp_SetUnhandledExceptionFilter 0000000180012068     kernel32:KERNEL32.dll
 0002:00000070       __imp_UnhandledExceptionFilter 0000000180012070     kernel32:KERNEL32.dll
 0002:00000078       __imp_RtlVirtualUnwind     0000000180012078     kernel32:KERNEL32.dll
 0002:00000080       __imp_TerminateProcess     0000000180012080     kernel32:KERNEL32.dll
 0002:00000088       \177KERNEL32_NULL_THUNK_DATA 0000000180012088     kernel32:KERNEL32.dll
 0002:00000090       __imp_memcpy               0000000180012090     vcruntime:VCRUNTIME140.dll
 0002:00000098       __imp_memset               0000000180012098     vcruntime:VCRUNTIME140.dll
 0002:000000a0       __imp___C_specific_handler 00000001800120a0     vcruntime:VCRUNTIME140.dll
 0002:000000a8       __imp___std_type_info_destroy_list 00000001800120a8     vcruntime:VCRUNTIME140.dll
 0002:000000b0       __imp___current_exception  00000001800120b0     vcruntime:VCRUNTIME140.dll
 0002:000000b8       __imp___current_exception_context 00000001800120b8     vcruntime:VCRUNTIME140.dll
 0002:000000c0       \177VCRUNTIME140_NULL_THUNK_DATA 00000001800120c0     vcruntime:VCRUNTIME140.dll
 0002:000000c8       __imp_malloc               00000001800120c8     ucrt:api-ms-win-crt-heap-l1-1-0.dll
 0002:000000d0       __imp_free                 00000001800120d0     ucrt:api-ms-win-crt-heap-l1-1-0.dll
 0002:000000d8       \177api-ms-win-crt-heap-l1-1-0_NULL_THUNK_DATA 00000001800120d8     ucrt:api-ms-win-crt-heap-l1-1-0.dll
 0002:000000e0       __imp__initterm_e          00000001800120e0     ucrt:api-ms-win-crt-runtime-l1-1-0.dll
 0002:000000e8       __imp__seh_filter_dll      00000001800120e8     ucrt:api-ms-win-crt-runtime-l1-1-0.dll
 0002:000000f0       __imp__initialize_narrow_environment 00000001800120f0     ucrt:api-ms-win-crt-runtime-l1-1-0.dll
 0002:000000f8       __imp__initialize_onexit_table 00000001800120f8     ucrt:api-ms-win-crt-runtime-l1-1-0.dll
 0002:00000100       __imp__configure_narrow_argv 0000000180012100     ucrt:api-ms-win-crt-runtime-l1-1-0.dll
 0002:00000108       __imp__register_onexit_function 0000000180012108     ucrt:api-ms-win-crt-runtime-l1-1-0.dll
 0002:00000110       __imp__execute_onexit_table 0000000180012110     ucrt:api-ms-win-crt-runtime-l1-1-0.dll
 0002:00000118       __imp__crt_atexit          0000000180012118     ucrt:api-ms-win-crt-runtime-l1-1-0.dll
 0002:00000120       __imp__crt_at_quick_exit   0000000180012120     ucrt:api-ms-win-crt-runtime-l1-1-0.dll
 0002:00000128       __imp__cexit               0000000180012128     ucrt:api-ms-win-crt-runtime-l1-1-0.dll
 0002:00000130       __imp_terminate            0000000180012130     ucrt:api-ms-win-crt-runtime-l1-1-0.dll
 0002:00000138       __imp__initterm            0000000180012138     ucrt:api-ms-win-crt-runtime-l1-1-0.dll
 0002:00000140       \177api-ms-win-crt-runtime-l1-1-0_NULL_THUNK_DATA 0000000180012140     ucrt:api-ms-win-crt-runtime-l1-1-0.dll
 0002:00000148       __imp___stdio_common_vsprintf 0000000180012148     ucrt:api-ms-win-crt-stdio-l1-1-0.dll
 0002:00000150       \177api-ms-win-crt-stdio-l1-1-0_NULL_THUNK_DATA 0000000180012150     ucrt:api-ms-win-crt-stdio-l1-1-0.dll
 0002:00000158       __imp_strlen               0000000180012158     ucrt:api-ms-win-crt-string-l1-1-0.dll
 0002:00000160       __imp_strcat               0000000180012160     ucrt:api-ms-win-crt-string-l1-1-0.dll
 0002:00000168       __imp_strcmp               0000000180012168     ucrt:api-ms-win-crt-string-l1-1-0.dll
 0002:00000170       \177api-ms-win-crt-string-l1-1-0_NULL_THUNK_DATA 0000000180012170     ucrt:api-ms-win-crt-string-l1-1-0.dll
 0002:00000178       __imp_covrtDeleteStateflowInstanceData 0000000180012178     libcovrt:libcovrt.dll
 0002:00000180       __imp_covrtEmlMcdcEval     0000000180012180     libcovrt:libcovrt.dll
 0002:00000188       __imp_covrtEmlCondEval     0000000180012188     libcovrt:libcovrt.dll
 0002:00000190       __imp_covrtEmlIfEval       0000000180012190     libcovrt:libcovrt.dll
 0002:00000198       __imp_covrtEmlFcnEval      0000000180012198     libcovrt:libcovrt.dll
 0002:000001a0       __imp_covrtEmlRelationalInitFcn 00000001800121a0     libcovrt:libcovrt.dll
 0002:000001a8       __imp_covrtEmlMCDCInitFcn  00000001800121a8     libcovrt:libcovrt.dll
 0002:000001b0       __imp_covrtEmlIfInitFcn    00000001800121b0     libcovrt:libcovrt.dll
 0002:000001b8       __imp_covrtEmlFcnInitFcn   00000001800121b8     libcovrt:libcovrt.dll
 0002:000001c0       __imp_covrtEmlInitFcn      00000001800121c0     libcovrt:libcovrt.dll
 0002:000001c8       __imp_covrtIsSigCovEnabledFcn 00000001800121c8     libcovrt:libcovrt.dll
 0002:000001d0       __imp_covrtSigUpdateFcnAssumingCovEnabled 00000001800121d0     libcovrt:libcovrt.dll
 0002:000001d8       __imp_covrtRelationalopUpdateFcn 00000001800121d8     libcovrt:libcovrt.dll
 0002:000001e0       __imp_covrtChartInitFcn    00000001800121e0     libcovrt:libcovrt.dll
 0002:000001e8       __imp_covrtStateInitFcn    00000001800121e8     libcovrt:libcovrt.dll
 0002:000001f0       __imp_covrtTransInitFcn    00000001800121f0     libcovrt:libcovrt.dll
 0002:000001f8       __imp_covrtCreateStateflowInstanceData 00000001800121f8     libcovrt:libcovrt.dll
 0002:00000200       \177libcovrt_NULL_THUNK_DATA 0000000180012200     libcovrt:libcovrt.dll
 0002:00000208       __imp_emlrtHeapAllocationErrorR2012b 0000000180012208     libemlrt:libemlrt.dll
 0002:00000210       __imp_emlrtPushHeapReferenceStackR2021a 0000000180012210     libemlrt:libemlrt.dll
 0002:00000218       __imp_emlrtHeapReferenceStackLeaveFcnR2012b 0000000180012218     libemlrt:libemlrt.dll
 0002:00000220       __imp_emlrtLicenseCheckR2022a 0000000180012220     libemlrt:libemlrt.dll
 0002:00000228       __imp_emlrtSizeMulR2012b   0000000180012228     libemlrt:libemlrt.dll
 0002:00000230       __imp_emlrtMallocMex       0000000180012230     libemlrt:libemlrt.dll
 0002:00000238       __imp_emlrtFreeMex         0000000180012238     libemlrt:libemlrt.dll
 0002:00000240       __imp_emlrtHeapReferenceStackEnterFcnR2012b 0000000180012240     libemlrt:libemlrt.dll
 0002:00000248       \177libemlrt_NULL_THUNK_DATA 0000000180012248     libemlrt:libemlrt.dll
 0002:00000250       __imp_mexWarnMsgTxt_800    0000000180012250     libmex:libmex.dll
 0002:00000258       __imp_mexErrMsgTxt_800     0000000180012258     libmex:libmex.dll
 0002:00000260       __imp_mexUnlock_800        0000000180012260     libmex:libmex.dll
 0002:00000268       __imp_mexCallMATLAB_800    0000000180012268     libmex:libmex.dll
 0002:00000270       __imp_mexIsLocked_800      0000000180012270     libmex:libmex.dll
 0002:00000278       __imp_mexMakeArrayPersistent_800 0000000180012278     libmex:libmex.dll
 0002:00000280       __imp_mexLock_800          0000000180012280     libmex:libmex.dll
 0002:00000288       \177libmex_NULL_THUNK_DATA 0000000180012288     libmex:libmex.dll
 0002:00000290       __imp_kdtreeDeleteLocationDataPointer_single 0000000180012290     libmwkdtree:libmwkdtree.dll
 0002:00000298       __imp_kdtreeDeleteObj_single 0000000180012298     libmwkdtree:libmwkdtree.dll
 0002:000002a0       \177libmwkdtree_NULL_THUNK_DATA 00000001800122a0     libmwkdtree:libmwkdtree.dll
 0002:000002a8       __imp_mxSetField_800       00000001800122a8     libmx:libmx.dll
 0002:000002b0       __imp_mxCreateDoubleScalar_800 00000001800122b0     libmx:libmx.dll
 0002:000002b8       __imp_mxGetN_800           00000001800122b8     libmx:libmx.dll
 0002:000002c0       __imp_mxIsComplex_800      00000001800122c0     libmx:libmx.dll
 0002:000002c8       __imp_mxIsNumeric_800      00000001800122c8     libmx:libmx.dll
 0002:000002d0       __imp_mxIsChar_800         00000001800122d0     libmx:libmx.dll
 0002:000002d8       __imp_mxGetM_800           00000001800122d8     libmx:libmx.dll
 0002:000002e0       __imp_mxCalloc_800         00000001800122e0     libmx:libmx.dll
 0002:000002e8       __imp_mxCreateStructMatrix_800 00000001800122e8     libmx:libmx.dll
 0002:000002f0       __imp_mxCreateCellMatrix_800 00000001800122f0     libmx:libmx.dll
 0002:000002f8       __imp_mxCreateString_800   00000001800122f8     libmx:libmx.dll
 0002:00000300       __imp_mxGetClassID_800     0000000180012300     libmx:libmx.dll
 0002:00000308       __imp_mxSetCell_800        0000000180012308     libmx:libmx.dll
 0002:00000310       __imp_mxDuplicateArray_800 0000000180012310     libmx:libmx.dll
 0002:00000318       __imp_mxGetString_800      0000000180012318     libmx:libmx.dll
 0002:00000320       __imp_mxCreateDoubleMatrix_800 0000000180012320     libmx:libmx.dll
 0002:00000328       __imp_mxDestroyArray_800   0000000180012328     libmx:libmx.dll
 0002:00000330       __imp_mxGetPr_800          0000000180012330     libmx:libmx.dll
 0002:00000338       __imp_mxGetScalar_800      0000000180012338     libmx:libmx.dll
 0002:00000340       \177libmx_NULL_THUNK_DATA  0000000180012340     libmx:libmx.dll
 0002:00000348       __imp_utFree               0000000180012348     libut:libut.dll
 0002:00000350       __imp_utMalloc             0000000180012350     libut:libut.dll
 0002:00000358       \177libut_NULL_THUNK_DATA  0000000180012358     libut:libut.dll
 0002:00000360       __imp_getRuntimeInstanceInfoAsVoid 0000000180012360     sf_runtime:sf_runtime.dll
 0002:00000368       __imp_call_sf_machine_global_method_dispatcher 0000000180012368     sf_runtime:sf_runtime.dll
 0002:00000370       __imp_callMdlMethodAndReportError 0000000180012370     sf_runtime:sf_runtime.dll
 0002:00000378       __imp_sf_get_hasSeparateUpdateOutputs 0000000180012378     sf_runtime:sf_runtime.dll
 0002:00000380       __imp_sf_get_ChartInfoStruct_CodeGen 0000000180012380     sf_runtime:sf_runtime.dll
 0002:00000388       __imp_ssGetOutputPortSignal_wrapper 0000000180012388     sf_runtime:sf_runtime.dll
 0002:00000390       __imp_ssGetInputPortSignal_wrapper 0000000180012390     sf_runtime:sf_runtime.dll
 0002:00000398       __imp_sf_mex_import        0000000180012398     sf_runtime:sf_runtime.dll
 0002:000003a0       __imp_sf_mex_destroy       00000001800123a0     sf_runtime:sf_runtime.dll
 0002:000003a8       __imp_sf_mex_dup           00000001800123a8     sf_runtime:sf_runtime.dll
 0002:000003b0       __imp_sf_mex_assign        00000001800123b0     sf_runtime:sf_runtime.dll
 0002:000003b8       __imp_sf_mex_getcell       00000001800123b8     sf_runtime:sf_runtime.dll
 0002:000003c0       __imp_sf_mex_setcell       00000001800123c0     sf_runtime:sf_runtime.dll
 0002:000003c8       __imp_sf_mex_createcellmatrix 00000001800123c8     sf_runtime:sf_runtime.dll
 0002:000003d0       __imp_sf_mex_create        00000001800123d0     sf_runtime:sf_runtime.dll
 0002:000003d8       __imp_sf_mex_error_message 00000001800123d8     sf_runtime:sf_runtime.dll
 0002:000003e0       __imp_mdlProcessParamsCommon 00000001800123e0     sf_runtime:sf_runtime.dll
 0002:000003e8       __imp_sf_set_work_widths   00000001800123e8     sf_runtime:sf_runtime.dll
 0002:000003f0       __imp_sf_get_time          00000001800123f0     sf_runtime:sf_runtime.dll
 0002:000003f8       __imp_sf_clear_rtw_identifier 00000001800123f8     sf_runtime:sf_runtime.dll
 0002:00000400       __imp_sim_mode_is_external 0000000180012400     sf_runtime:sf_runtime.dll
 0002:00000408       __imp_sim_mode_is_rtw_gen  0000000180012408     sf_runtime:sf_runtime.dll
 0002:00000410       __imp_sfSetAnimationVectors 0000000180012410     sf_runtime:sf_runtime.dll
 0002:00000418       __imp_sf_get_chart_instance_ptr 0000000180012418     sf_runtime:sf_runtime.dll
 0002:00000420       __imp_sfrtGetCovrtInstance 0000000180012420     sf_runtime:sf_runtime.dll
 0002:00000428       __imp_sfrtGetEmlrtCtx      0000000180012428     sf_runtime:sf_runtime.dll
 0002:00000430       __imp_sf_reset_warnings_ChartRunTimeInfo 0000000180012430     sf_runtime:sf_runtime.dll
 0002:00000438       __imp_sf_free_ChartRunTimeInfo 0000000180012438     sf_runtime:sf_runtime.dll
 0002:00000440       __imp_sf_init_ChartRunTimeInfo 0000000180012440     sf_runtime:sf_runtime.dll
 0002:00000448       __imp_sf_mex_decode        0000000180012448     sf_runtime:sf_runtime.dll
 0002:00000450       __imp_sf_load_rtw_optimization_info 0000000180012450     sf_runtime:sf_runtime.dll
 0002:00000458       __imp_sf_clear_error_manager_info 0000000180012458     sf_runtime:sf_runtime.dll
 0002:00000460       __imp_sf_mex_error_direct_call 0000000180012460     sf_runtime:sf_runtime.dll
 0002:00000468       \177sf_runtime_NULL_THUNK_DATA 0000000180012468     sf_runtime:sf_runtime.dll
 0002:00000470       __guard_check_icall_fptr   0000000180012470     MSVCRT:guard_support.obj
 0002:00000478       __guard_xfg_check_icall_fptr 0000000180012478     MSVCRT:guard_support.obj
 0002:00000480       __guard_dispatch_icall_fptr 0000000180012480     MSVCRT:guard_support.obj
 0002:00000488       __guard_xfg_dispatch_icall_fptr 0000000180012488     MSVCRT:guard_support.obj
 0002:00000490       __guard_xfg_table_dispatch_icall_fptr 0000000180012490     MSVCRT:guard_support.obj
 0002:00000498       __xc_a                     0000000180012498     MSVCRT:initializers.obj
 0002:000004a0       __xc_z                     00000001800124a0     MSVCRT:initializers.obj
 0002:000004a8       __xi_a                     00000001800124a8     MSVCRT:initializers.obj
 0002:000004b0       __xi_z                     00000001800124b0     MSVCRT:initializers.obj
 0002:000004b8       __xp_a                     00000001800124b8     MSVCRT:initializers.obj
 0002:000004c0       __xp_z                     00000001800124c0     MSVCRT:initializers.obj
 0002:000004c8       __xt_a                     00000001800124c8     MSVCRT:initializers.obj
 0002:000004d0       __xt_z                     00000001800124d0     MSVCRT:initializers.obj
 0002:000004e0       __real@41910e6dc0000000    00000001800124e0     model_sfun.obj
 0002:000004e8       __real@41a935fb7a000000    00000001800124e8     model_sfun.obj
 0002:000004f0       __real@41b82a9620000000    00000001800124f0     model_sfun.obj
 0002:000004f8       __real@41bc2fdec6000000    00000001800124f8     model_sfun.obj
 0002:00000500       __real@41c25c6bf7000000    0000000180012500     model_sfun.obj
 0002:00000508       __real@41d458ddc1800000    0000000180012508     model_sfun.obj
 0002:00000510       __real@41d6fe0789400000    0000000180012510     model_sfun.obj
 0002:00000518       __real@41e151093b600000    0000000180012518     model_sfun.obj
 0002:00000520       __real@41e32cc2e3400000    0000000180012520     model_sfun.obj
 0002:00000528       __real@41e33ad0f2200000    0000000180012528     model_sfun.obj
 0002:00000530       __real@41eb09d283600000    0000000180012530     model_sfun.obj
 0002:00000538       __real@41ed7962bea00000    0000000180012538     model_sfun.obj
 0002:00000568       __real@3ff0000000000000    0000000180012568     c2_model.obj
 0002:00000570       __real@40a1940000000000    0000000180012570     c2_model.obj
 0002:00000578       __real@4170e670b0000000    0000000180012578     c2_model.obj
 0002:00000580       __real@41cbb80e42000000    0000000180012580     c2_model.obj
 0002:00000588       __real@41dae7099dc00000    0000000180012588     c2_model.obj
 0002:00000590       __real@41efc3a0a0e00000    0000000180012590     c2_model.obj
 0002:00000598       DYNAMIC_DIMENSION_DEF      0000000180012598     model_sfun_registry.obj
 0002:000005b0       __real@0000000000000000    00000001800125b0     model_sfun_registry.obj
 0002:000005b8       __real@4010000000000000    00000001800125b8     model_sfun_registry.obj
 0002:000005c0       __real@41602cbca0000000    00000001800125c0     model_sfun_registry.obj
 0002:000005c8       __real@bff0000000000000    00000001800125c8     model_sfun_registry.obj
 0002:000005e0       _pDefaultRawDllMain        00000001800125e0     MSVCRT:dll_dllmain.obj
 0002:000005e0       _pRawDllMain               00000001800125e0     MSVCRT:dll_dllmain.obj
 0002:000005f0       __xmm@ffffffffffffffffffffffffffffffff 00000001800125f0     MSVCRT:utility.obj
 0002:00000620       _load_config_used          0000000180012620     MSVCRT:loadcfg.obj
 0002:00000780       __CastGuardVftablesStart   0000000180012780     MSVCRT:guard_support.obj
 0002:00000788       __CastGuardVftablesEnd     0000000180012788     MSVCRT:guard_support.obj
 0002:00000790       __volatile_metadata        0000000180012790     <linker-defined>
 0002:00000af8       __rtc_iaa                  0000000180012af8     MSVCRT:initsect.obj
 0002:00000b00       __rtc_izz                  0000000180012b00     MSVCRT:initsect.obj
 0002:00000b08       __rtc_taa                  0000000180012b08     MSVCRT:initsect.obj
 0002:00000b10       __rtc_tzz                  0000000180012b10     MSVCRT:initsect.obj
 0002:000015d4       __IMPORT_DESCRIPTOR_libmwkdtree 00000001800135d4     libmwkdtree:libmwkdtree.dll
 0002:000015e8       __IMPORT_DESCRIPTOR_sf_runtime 00000001800135e8     sf_runtime:sf_runtime.dll
 0002:000015fc       __IMPORT_DESCRIPTOR_libmx  00000001800135fc     libmx:libmx.dll
 0002:00001610       __IMPORT_DESCRIPTOR_libmex 0000000180013610     libmex:libmex.dll
 0002:00001624       __IMPORT_DESCRIPTOR_libut  0000000180013624     libut:libut.dll
 0002:00001638       __IMPORT_DESCRIPTOR_libemlrt 0000000180013638     libemlrt:libemlrt.dll
 0002:0000164c       __IMPORT_DESCRIPTOR_libcovrt 000000018001364c     libcovrt:libcovrt.dll
 0002:00001660       __IMPORT_DESCRIPTOR_KERNEL32 0000000180013660     kernel32:KERNEL32.dll
 0002:00001674       __IMPORT_DESCRIPTOR_VCRUNTIME140 0000000180013674     vcruntime:VCRUNTIME140.dll
 0002:00001688       __IMPORT_DESCRIPTOR_api-ms-win-crt-string-l1-1-0 0000000180013688     ucrt:api-ms-win-crt-string-l1-1-0.dll
 0002:0000169c       __IMPORT_DESCRIPTOR_api-ms-win-crt-stdio-l1-1-0 000000018001369c     ucrt:api-ms-win-crt-stdio-l1-1-0.dll
 0002:000016b0       __IMPORT_DESCRIPTOR_api-ms-win-crt-heap-l1-1-0 00000001800136b0     ucrt:api-ms-win-crt-heap-l1-1-0.dll
 0002:000016c4       __IMPORT_DESCRIPTOR_api-ms-win-crt-runtime-l1-1-0 00000001800136c4     ucrt:api-ms-win-crt-runtime-l1-1-0.dll
 0002:000016d8       __NULL_IMPORT_DESCRIPTOR   00000001800136d8     libmwkdtree:libmwkdtree.dll
 0003:00002200       DYNAMIC_DIMENSION          0000000180017200     model_sfun_registry.obj
 0003:000047b0       __security_cookie_complement 00000001800197b0     MSVCRT:gs_cookie.obj
 0003:000047b8       __security_cookie          00000001800197b8     MSVCRT:gs_cookie.obj
 0003:000047c0       _fltused                   00000001800197c0     MSVCRT:fltused.obj
 0003:000047c4       __scrt_native_dllmain_reason 00000001800197c4     MSVCRT:utility.obj
 0003:000047c8       __isa_available            00000001800197c8     MSVCRT:cpu_disp.obj
 0003:000047cc       __isa_enabled              00000001800197cc     MSVCRT:cpu_disp.obj
 0003:000047d0       __memcpy_nt_iters          00000001800197d0     MSVCRT:cpu_disp.obj
 0003:000047d8       __memset_nt_iters          00000001800197d8     MSVCRT:cpu_disp.obj
 0003:000047e0       __scrt_ucrt_dll_is_in_use  00000001800197e0     MSVCRT:ucrt_stubs.obj
 0003:00005320       ?__type_info_root_node@@3U__type_info_node@@A 000000018001a320     MSVCRT:tncleanup.obj
 0003:00005330       ?_OptionsStorage@?1??__local_stdio_printf_options@@9@4_KA 000000018001a330     MSVCRT:default_local_stdio_options.obj
 0003:00005338       ?_OptionsStorage@?1??__local_stdio_scanf_options@@9@4_KA 000000018001a338     MSVCRT:default_local_stdio_options.obj
 0003:00005340       __scrt_current_native_startup_state 000000018001a340     MSVCRT:utility.obj
 0003:00005348       __scrt_native_startup_lock 000000018001a348     MSVCRT:utility.obj
 0003:00005388       __scrt_debugger_hook_flag  000000018001a388     MSVCRT:utility_desktop.obj
 0003:00005390       __castguard_check_failure_os_handled_fptr 000000018001a390     MSVCRT:guard_support.obj
 0003:00005398       __favor                    000000018001a398     MSVCRT:cpu_disp.obj
 0003:000053a0       ?_OptionsStorage@?1??__local_stdio_printf_options@@9@9 000000018001a3a0     <common>
 0003:000053a8       __dyn_tls_init_callback    000000018001a3a8     <common>

 entry point at        0001:0000fae4

 Static symbols

 0000:fffe4000       _volmd                     0000000180000000     c2_model.obj
 0000:00000000       .debug$S                   0000000180000000     model_sfun.exp
 0000:fffe4000       _volmd                     0000000180000000     model_sfun.obj
 0000:fffe4000       _volmd                     0000000180000000     model_sfun_registry.obj
 0000:fffe4000       _volmd                     0000000180000000     MSVCRT:cpu_disp.obj
 0002:fffee000       __guard_ehcont_?dllmain_dispatch@@YAHQEAUHINSTANCE__@@KQEAX@Z 0000000180000000     MSVCRT:dll_dllmain.obj
 0002:fffee000       __guard_fids_?dllmain_dispatch@@YAHQEAUHINSTANCE__@@KQEAX@Z 0000000180000000     MSVCRT:dll_dllmain.obj
 0000:fffe4000       _volmd                     0000000180000000     MSVCRT:gs_report.obj
 0000:fffe4000       _volmd                     0000000180000000     MSVCRT:gs_report.obj
 0000:fffe4000       _volmd                     0000000180000000     MSVCRT:gs_report.obj
 0002:fffee000       __guard_fids__             0000000180000000     MSVCRT:guard_support.obj
 0002:fffee000       __guard_fids__             0000000180000000     MSVCRT:guard_support.obj
 0002:fffee000       __guard_fids__guard_icall_checks_enforced 0000000180000000     MSVCRT:guard_support.obj
 0000:fffe4000       _volmd                     0000000180000000     MSVCRT:guard_support.obj
 0000:fffe4000       _volmd                     0000000180000000     MSVCRT:guard_support.obj
 0000:fffe4000       _volmd                     0000000180000000     MSVCRT:guard_support.obj
 0000:fffe4000       _volmd                     0000000180000000     MSVCRT:guard_support.obj
 0000:fffe4000       _volmd                     0000000180000000     MSVCRT:guard_support.obj
 0002:fffee000       __guard_ehcont___scrt_is_nonwritable_in_current_image 0000000180000000     MSVCRT:utility.obj
 0000:fffe4000       _volmd                     0000000180000000     MSVCRT:utility.obj
 0000:fffe4000       _volmd                     0000000180000000     MSVCRT:utility.obj
 0000:fffe4000       _volmd                     0000000180000000     MSVCRT:utility.obj
 0002:fffee000       __guard_fids___scrt_set_unhandled_exception_filter 0000000180000000     MSVCRT:utility_desktop.obj
 0000:fffe4000       _volmd                     0000000180000000     MSVCRT:utility_desktop.obj
 0000:00000000       .debug$S                   0000000180000000     vcruntime:VCRUNTIME140.dll
 0000:00000000       .debug$S                   0000000180000000     vcruntime:VCRUNTIME140.dll
 0000:00000000       .debug$S                   0000000180000000     vcruntime:VCRUNTIME140.dll
 0000:00000000       .debug$S                   0000000180000000     vcruntime:VCRUNTIME140.dll
 0000:00000000       .debug$S                   0000000180000000     vcruntime:VCRUNTIME140.dll
 0000:00000000       .debug$S                   0000000180000000     vcruntime:VCRUNTIME140.dll
 0000:00000000       .debug$S                   0000000180000000     ucrt:api-ms-win-crt-heap-l1-1-0.dll
 0000:00000000       .debug$S                   0000000180000000     ucrt:api-ms-win-crt-heap-l1-1-0.dll
 0000:00000000       .debug$S                   0000000180000000     ucrt:api-ms-win-crt-runtime-l1-1-0.dll
 0000:00000000       .debug$S                   0000000180000000     ucrt:api-ms-win-crt-runtime-l1-1-0.dll
 0000:00000000       .debug$S                   0000000180000000     ucrt:api-ms-win-crt-runtime-l1-1-0.dll
 0000:00000000       .debug$S                   0000000180000000     ucrt:api-ms-win-crt-runtime-l1-1-0.dll
 0000:00000000       .debug$S                   0000000180000000     ucrt:api-ms-win-crt-runtime-l1-1-0.dll
 0000:00000000       .debug$S                   0000000180000000     ucrt:api-ms-win-crt-runtime-l1-1-0.dll
 0000:00000000       .debug$S                   0000000180000000     ucrt:api-ms-win-crt-runtime-l1-1-0.dll
 0000:00000000       .debug$S                   0000000180000000     ucrt:api-ms-win-crt-runtime-l1-1-0.dll
 0000:00000000       .debug$S                   0000000180000000     ucrt:api-ms-win-crt-runtime-l1-1-0.dll
 0000:00000000       .debug$S                   0000000180000000     ucrt:api-ms-win-crt-runtime-l1-1-0.dll
 0000:00000000       .debug$S                   0000000180000000     ucrt:api-ms-win-crt-runtime-l1-1-0.dll
 0000:00000000       .debug$S                   0000000180000000     ucrt:api-ms-win-crt-runtime-l1-1-0.dll
 0000:00000000       .debug$S                   0000000180000000     ucrt:api-ms-win-crt-stdio-l1-1-0.dll
 0000:00000000       .debug$S                   0000000180000000     ucrt:api-ms-win-crt-string-l1-1-0.dll
 0000:00000000       .debug$S                   0000000180000000     ucrt:api-ms-win-crt-string-l1-1-0.dll
 0000:00000000       .debug$S                   0000000180000000     ucrt:api-ms-win-crt-string-l1-1-0.dll
 0000:00000000       .debug$S                   0000000180000000     kernel32:KERNEL32.dll
 0000:00000000       .debug$S                   0000000180000000     kernel32:KERNEL32.dll
 0000:00000000       .debug$S                   0000000180000000     kernel32:KERNEL32.dll
 0000:00000000       .debug$S                   0000000180000000     kernel32:KERNEL32.dll
 0000:00000000       .debug$S                   0000000180000000     kernel32:KERNEL32.dll
 0000:00000000       .debug$S                   0000000180000000     kernel32:KERNEL32.dll
 0000:00000000       .debug$S                   0000000180000000     kernel32:KERNEL32.dll
 0000:00000000       .debug$S                   0000000180000000     kernel32:KERNEL32.dll
 0000:00000000       .debug$S                   0000000180000000     kernel32:KERNEL32.dll
 0000:00000000       .debug$S                   0000000180000000     kernel32:KERNEL32.dll
 0000:00000000       .debug$S                   0000000180000000     kernel32:KERNEL32.dll
 0000:00000000       .debug$S                   0000000180000000     kernel32:KERNEL32.dll
 0000:00000000       .debug$S                   0000000180000000     kernel32:KERNEL32.dll
 0000:00000000       .debug$S                   0000000180000000     kernel32:KERNEL32.dll
 0000:00000000       .debug$S                   0000000180000000     kernel32:KERNEL32.dll
 0000:00000000       .debug$S                   0000000180000000     kernel32:KERNEL32.dll
 0000:00000000       .debug$S                   0000000180000000     kernel32:KERNEL32.dll
 0000:00000000       .debug$S                   0000000180000000     libcovrt:libcovrt.dll
 0000:00000000       .debug$S                   0000000180000000     libcovrt:libcovrt.dll
 0000:00000000       .debug$S                   0000000180000000     libcovrt:libcovrt.dll
 0000:00000000       .debug$S                   0000000180000000     libcovrt:libcovrt.dll
 0000:00000000       .debug$S                   0000000180000000     libcovrt:libcovrt.dll
 0000:00000000       .debug$S                   0000000180000000     libcovrt:libcovrt.dll
 0000:00000000       .debug$S                   0000000180000000     libcovrt:libcovrt.dll
 0000:00000000       .debug$S                   0000000180000000     libcovrt:libcovrt.dll
 0000:00000000       .debug$S                   0000000180000000     libcovrt:libcovrt.dll
 0000:00000000       .debug$S                   0000000180000000     libcovrt:libcovrt.dll
 0000:00000000       .debug$S                   0000000180000000     libcovrt:libcovrt.dll
 0000:00000000       .debug$S                   0000000180000000     libcovrt:libcovrt.dll
 0000:00000000       .debug$S                   0000000180000000     libcovrt:libcovrt.dll
 0000:00000000       .debug$S                   0000000180000000     libcovrt:libcovrt.dll
 0000:00000000       .debug$S                   0000000180000000     libcovrt:libcovrt.dll
 0000:00000000       .debug$S                   0000000180000000     libcovrt:libcovrt.dll
 0000:00000000       .debug$S                   0000000180000000     libcovrt:libcovrt.dll
 0000:00000000       .debug$S                   0000000180000000     libemlrt:libemlrt.dll
 0000:00000000       .debug$S                   0000000180000000     libemlrt:libemlrt.dll
 0000:00000000       .debug$S                   0000000180000000     libemlrt:libemlrt.dll
 0000:00000000       .debug$S                   0000000180000000     libemlrt:libemlrt.dll
 0000:00000000       .debug$S                   0000000180000000     libemlrt:libemlrt.dll
 0000:00000000       .debug$S                   0000000180000000     libemlrt:libemlrt.dll
 0000:00000000       .debug$S                   0000000180000000     libemlrt:libemlrt.dll
 0000:00000000       .debug$S                   0000000180000000     libemlrt:libemlrt.dll
 0000:00000000       .debug$S                   0000000180000000     libmex:libmex.dll
 0000:00000000       .debug$S                   0000000180000000     libmex:libmex.dll
 0000:00000000       .debug$S                   0000000180000000     libmex:libmex.dll
 0000:00000000       .debug$S                   0000000180000000     libmex:libmex.dll
 0000:00000000       .debug$S                   0000000180000000     libmex:libmex.dll
 0000:00000000       .debug$S                   0000000180000000     libmex:libmex.dll
 0000:00000000       .debug$S                   0000000180000000     libmex:libmex.dll
 0000:00000000       .debug$S                   0000000180000000     libmwkdtree:libmwkdtree.dll
 0000:00000000       .debug$S                   0000000180000000     libmwkdtree:libmwkdtree.dll
 0000:00000000       .debug$S                   0000000180000000     libmx:libmx.dll
 0000:00000000       .debug$S                   0000000180000000     libmx:libmx.dll
 0000:00000000       .debug$S                   0000000180000000     libmx:libmx.dll
 0000:00000000       .debug$S                   0000000180000000     libmx:libmx.dll
 0000:00000000       .debug$S                   0000000180000000     libmx:libmx.dll
 0000:00000000       .debug$S                   0000000180000000     libmx:libmx.dll
 0000:00000000       .debug$S                   0000000180000000     libmx:libmx.dll
 0000:00000000       .debug$S                   0000000180000000     libmx:libmx.dll
 0000:00000000       .debug$S                   0000000180000000     libmx:libmx.dll
 0000:00000000       .debug$S                   0000000180000000     libmx:libmx.dll
 0000:00000000       .debug$S                   0000000180000000     libmx:libmx.dll
 0000:00000000       .debug$S                   0000000180000000     libmx:libmx.dll
 0000:00000000       .debug$S                   0000000180000000     libmx:libmx.dll
 0000:00000000       .debug$S                   0000000180000000     libmx:libmx.dll
 0000:00000000       .debug$S                   0000000180000000     libmx:libmx.dll
 0000:00000000       .debug$S                   0000000180000000     libmx:libmx.dll
 0000:00000000       .debug$S                   0000000180000000     libmx:libmx.dll
 0000:00000000       .debug$S                   0000000180000000     libmx:libmx.dll
 0000:00000000       .debug$S                   0000000180000000     libmx:libmx.dll
 0000:00000000       .debug$S                   0000000180000000     libut:libut.dll
 0000:00000000       .debug$S                   0000000180000000     libut:libut.dll
 0000:00000000       .debug$S                   0000000180000000     sf_runtime:sf_runtime.dll
 0000:00000000       .debug$S                   0000000180000000     sf_runtime:sf_runtime.dll
 0000:00000000       .debug$S                   0000000180000000     sf_runtime:sf_runtime.dll
 0000:00000000       .debug$S                   0000000180000000     sf_runtime:sf_runtime.dll
 0000:00000000       .debug$S                   0000000180000000     sf_runtime:sf_runtime.dll
 0000:00000000       .debug$S                   0000000180000000     sf_runtime:sf_runtime.dll
 0000:00000000       .debug$S                   0000000180000000     sf_runtime:sf_runtime.dll
 0000:00000000       .debug$S                   0000000180000000     sf_runtime:sf_runtime.dll
 0000:00000000       .debug$S                   0000000180000000     sf_runtime:sf_runtime.dll
 0000:00000000       .debug$S                   0000000180000000     sf_runtime:sf_runtime.dll
 0000:00000000       .debug$S                   0000000180000000     sf_runtime:sf_runtime.dll
 0000:00000000       .debug$S                   0000000180000000     sf_runtime:sf_runtime.dll
 0000:00000000       .debug$S                   0000000180000000     sf_runtime:sf_runtime.dll
 0000:00000000       .debug$S                   0000000180000000     sf_runtime:sf_runtime.dll
 0000:00000000       .debug$S                   0000000180000000     sf_runtime:sf_runtime.dll
 0000:00000000       .debug$S                   0000000180000000     sf_runtime:sf_runtime.dll
 0000:00000000       .debug$S                   0000000180000000     sf_runtime:sf_runtime.dll
 0000:00000000       .debug$S                   0000000180000000     sf_runtime:sf_runtime.dll
 0000:00000000       .debug$S                   0000000180000000     sf_runtime:sf_runtime.dll
 0000:00000000       .debug$S                   0000000180000000     sf_runtime:sf_runtime.dll
 0000:00000000       .debug$S                   0000000180000000     sf_runtime:sf_runtime.dll
 0000:00000000       .debug$S                   0000000180000000     sf_runtime:sf_runtime.dll
 0000:00000000       .debug$S                   0000000180000000     sf_runtime:sf_runtime.dll
 0000:00000000       .debug$S                   0000000180000000     sf_runtime:sf_runtime.dll
 0000:00000000       .debug$S                   0000000180000000     sf_runtime:sf_runtime.dll
 0000:00000000       .debug$S                   0000000180000000     sf_runtime:sf_runtime.dll
 0000:00000000       .debug$S                   0000000180000000     sf_runtime:sf_runtime.dll
 0000:00000000       .debug$S                   0000000180000000     sf_runtime:sf_runtime.dll
 0000:00000000       .debug$S                   0000000180000000     sf_runtime:sf_runtime.dll
 0000:00000000       .debug$S                   0000000180000000     sf_runtime:sf_runtime.dll
 0000:00000000       .debug$S                   0000000180000000     sf_runtime:sf_runtime.dll
 0000:00000000       .debug$S                   0000000180000000     sf_runtime:sf_runtime.dll
 0000:00000000       .debug$S                   0000000180000000     sf_runtime:sf_runtime.dll
 0000:fffe4010       _volmd                     0000000180000010     c2_model.obj
 0000:fffe4010       _volmd                     0000000180000010     model_sfun.obj
 0000:fffe4010       _volmd                     0000000180000010     model_sfun_registry.obj
 0000:fffe4020       _volmd                     0000000180000020     c2_model.obj
 0000:fffe4020       _volmd                     0000000180000020     model_sfun.obj
 0000:fffe4020       _volmd                     0000000180000020     model_sfun_registry.obj
 0000:fffe4030       _volmd                     0000000180000030     model_sfun.obj
 0000:fffe4030       _volmd                     0000000180000030     model_sfun_registry.obj
 0000:fffe4040       _volmd                     0000000180000040     model_sfun.obj
 0000:fffe4040       _volmd                     0000000180000040     model_sfun_registry.obj
 0000:fffe4050       _volmd                     0000000180000050     model_sfun.obj
 0000:fffe4050       _volmd                     0000000180000050     model_sfun_registry.obj
 0000:fffe4060       _volmd                     0000000180000060     model_sfun_registry.obj
 0000:fffe4070       _volmd                     0000000180000070     model_sfun_registry.obj
 0000:fffe4080       _volmd                     0000000180000080     model_sfun_registry.obj
 0000:fffe4090       _volmd                     0000000180000090     model_sfun_registry.obj
 0000:fffe40a0       _volmd                     00000001800000a0     model_sfun_registry.obj
 0000:fffe40b0       _volmd                     00000001800000b0     model_sfun_registry.obj
 0000:fffe40c0       _volmd                     00000001800000c0     model_sfun_registry.obj
 0000:fffe40d0       _volmd                     00000001800000d0     model_sfun_registry.obj
 0000:fffe40e0       _volmd                     00000001800000e0     model_sfun_registry.obj
 0000:fffe40f0       _volmd                     00000001800000f0     model_sfun_registry.obj
 0000:fffe4100       _volmd                     0000000180000100     model_sfun_registry.obj
 0001:00001130       initialize_c2_model        0000000180002130 f   c2_model.obj
 0001:000011d0       initialize_params_c2_model 00000001800021d0 f   c2_model.obj
 0001:000011e0       mdl_start_c2_model         00000001800021e0 f   c2_model.obj
 0001:00001210       mdl_terminate_c2_model     0000000180002210 f   c2_model.obj
 0001:00001220       mdl_setup_runtime_resources_c2_model 0000000180002220 f   c2_model.obj
 0001:00001520       mdl_cleanup_runtime_resources_c2_model 0000000180002520 f   c2_model.obj
 0001:00001550       enable_c2_model            0000000180002550 f   c2_model.obj
 0001:00001580       disable_c2_model           0000000180002580 f   c2_model.obj
 0001:000015b0       sf_gateway_c2_model        00000001800025b0 f   c2_model.obj
 0001:00001a00       get_sim_state_c2_model     0000000180002a00 f   c2_model.obj
 0001:00001af0       set_sim_state_c2_model     0000000180002af0 f   c2_model.obj
 0001:00001bd0       c2_pointCloud_pointCloud   0000000180002bd0 f   c2_model.obj
 0001:00001f80       c2_pointCloud_initializePointCloudArray 0000000180002f80 f   c2_model.obj
 0001:00002510       c2_handle_matlabCodegenDestructor 0000000180003510 f   c2_model.obj
 0001:000025c0       c2_emlrt_marshallIn        00000001800035c0 f   c2_model.obj
 0001:00002630       c2_b_emlrt_marshallIn      0000000180003630 f   c2_model.obj
 0001:00002720       c2_array_uint8_T_3D_SetSize 0000000180003720 f   c2_model.obj
 0001:00002920       c2_array_real32_T_3D_SetSize 0000000180003920 f   c2_model.obj
 0001:00002b30       c2_array_real32_T_2D_SetSize 0000000180003b30 f   c2_model.obj
 0001:00002cf0       c2_array_pointclouds_internal_code 0000000180003cf0 f   c2_model.obj
 0001:00002f50       c2_array_real32_T_3D_Destructor 0000000180003f50 f   c2_model.obj
 0001:00002f90       c2_b_array_pointclouds_internal_code 0000000180003f90 f   c2_model.obj
 0001:00003000       c2_array_uint8_T_3D_Destructor 0000000180004000 f   c2_model.obj
 0001:00003040       c2_array_real32_T_2D_Destructor 0000000180004040 f   c2_model.obj
 0001:00003080       c2_c_array_pointclouds_internal_code 0000000180004080 f   c2_model.obj
 0001:000030f0       c2_array_real32_T_3D_Constructor 00000001800040f0 f   c2_model.obj
 0001:00003170       c2_array_uint8_T_3D_Constructor 0000000180004170 f   c2_model.obj
 0001:000031f0       c2_array_real32_T_2D_Constructor 00000001800041f0 f   c2_model.obj
 0001:00003260       c2_array_pointCloud_Constructor 0000000180004260 f   c2_model.obj
 0001:00003340       c2_d_array_pointclouds_internal_code 0000000180004340 f   c2_model.obj
 0001:000033b0       c2_array_pointCloud_Destructor 00000001800043b0 f   c2_model.obj
 0001:00003490       c2_e_array_pointclouds_internal_code 0000000180004490 f   c2_model.obj
 0001:00003520       c2_f_array_pointclouds_internal_code 0000000180004520 f   c2_model.obj
 0001:00003600       c2_array_real32_T_32x2250x3s_Copy 0000000180004600 f   c2_model.obj
 0001:00003660       c2_array_real32_T_3D_Copy  0000000180004660 f   c2_model.obj
 0001:00003730       c2_array_uint8_T_3D_Copy   0000000180004730 f   c2_model.obj
 0001:00003800       c2_array_real32_T_2D_Copy  0000000180004800 f   c2_model.obj
 0001:000038c0       init_dsm_address_info      00000001800048c0 f   c2_model.obj
 0001:000038d0       init_simulink_io_address   00000001800048d0 f   c2_model.obj
 0001:00003b60       sf_get_sim_state_info_c2_model 0000000180004b60 f   c2_model.obj
 0001:00003c20       sf_opaque_initialize_c2_model 0000000180004c20 f   c2_model.obj
 0001:00003c50       sf_opaque_enable_c2_model  0000000180004c50 f   c2_model.obj
 0001:00003c70       sf_opaque_disable_c2_model 0000000180004c70 f   c2_model.obj
 0001:00003c90       sf_opaque_gateway_c2_model 0000000180004c90 f   c2_model.obj
 0001:00003cb0       sf_opaque_get_sim_state_c2_model 0000000180004cb0 f   c2_model.obj
 0001:00003ce0       sf_opaque_set_sim_state_c2_model 0000000180004ce0 f   c2_model.obj
 0001:00003d10       sf_opaque_cleanup_runtime_resources_c2_model 0000000180004d10 f   c2_model.obj
 0001:00003db0       sf_opaque_mdl_start_c2_model 0000000180004db0 f   c2_model.obj
 0001:00003df0       sf_opaque_mdl_terminate_c2_model 0000000180004df0 f   c2_model.obj
[...]
 0003:00001ad0       $SG27155                   0000000180016ad0     c2_model.obj
 0003:00001b68       $SG27275                   0000000180016b68     c2_model.obj
 0003:00001ba0       $SG27239                   0000000180016ba0     c2_model.obj
 0003:00001bf0       $SG27241                   0000000180016bf0     c2_model.obj
 0003:00001c40       $SG27243                   0000000180016c40     c2_model.obj
 0003:00001c90       $SG27245                   0000000180016c90     c2_model.obj
 0003:00001ce0       $SG27247                   0000000180016ce0     c2_model.obj
 0003:00001d30       $SG27249                   0000000180016d30     c2_model.obj
 0003:00001d80       $SG27251                   0000000180016d80     c2_model.obj
 0003:00001dd0       $SG27253                   0000000180016dd0     c2_model.obj
 0003:00001e20       $SG27255                   0000000180016e20     c2_model.obj
 0003:00001e70       $SG27257                   0000000180016e70     c2_model.obj
 0003:00001ec0       $SG27259                   0000000180016ec0     c2_model.obj
 0003:00001f10       $SG27261                   0000000180016f10     c2_model.obj
 0003:00001f60       $SG27263                   0000000180016f60     c2_model.obj
 0003:00001fb0       $SG27265                   0000000180016fb0     c2_model.obj
 0003:00002000       $SG27267                   0000000180017000     c2_model.obj
 0003:00002050       $SG27269                   0000000180017050     c2_model.obj
 0003:000020a0       $SG27271                   00000001800170a0     c2_model.obj
 0003:000020f0       $SG27273                   00000001800170f0     c2_model.obj
 0003:00002140       $SG27288                   0000000180017140     c2_model.obj
 0003:00002150       $SG27289                   0000000180017150     c2_model.obj
 0003:00002168       $SG27311                   0000000180017168     c2_model.obj
 0003:000021a0       $SG27326                   00000001800171a0     c2_model.obj
 0003:00002208       $SG25916                   0000000180017208     model_sfun_registry.obj
 0003:00002224       $SG25918                   0000000180017224     model_sfun_registry.obj
 0003:0000222c       $SG26228                   000000018001722c     model_sfun_registry.obj
 0003:00002234       $SG28092                   0000000180017234     model_sfun_registry.obj
 0003:00002238       $SG25954                   0000000180017238     model_sfun_registry.obj
 0003:00002250       $SG25956                   0000000180017250     model_sfun_registry.obj
 0003:00002258       $SG25992                   0000000180017258     model_sfun_registry.obj
 0003:00002270       $SG25994                   0000000180017270     model_sfun_registry.obj
 0003:00002278       $SG26030                   0000000180017278     model_sfun_registry.obj
 0003:00002298       $SG26032                   0000000180017298     model_sfun_registry.obj
 0003:000022a0       $SG26068                   00000001800172a0     model_sfun_registry.obj
 0003:000022c0       $SG26070                   00000001800172c0     model_sfun_registry.obj
 0003:000022c8       $SG26090                   00000001800172c8     model_sfun_registry.obj
 0003:000022d8       $SG26108                   00000001800172d8     model_sfun_registry.obj
 0003:000022f0       $SG26139                   00000001800172f0     model_sfun_registry.obj
 0003:000022f8       $SG26229                   00000001800172f8     model_sfun_registry.obj
 0003:0000230c       $SG26234                   000000018001730c     model_sfun_registry.obj
 0003:00002314       $SG28173                   0000000180017314     model_sfun_registry.obj
 0003:00002318       $SG26235                   0000000180017318     model_sfun_registry.obj
 0003:00002334       $SG27005                   0000000180017334     model_sfun_registry.obj
 0003:0000233c       $SG28591                   000000018001733c     model_sfun_registry.obj
 0003:00002348       $SG26377                   0000000180017348     model_sfun_registry.obj
 0003:00002370       _sfcnName                  0000000180017370     model_sfun_registry.obj
 0003:00002390       $SG26394                   0000000180017390     model_sfun_registry.obj
 0003:00002408       $SG26798                   0000000180017408     model_sfun_registry.obj
 0003:00002410       $SG26799                   0000000180017410     model_sfun_registry.obj
 0003:00002418       $SG26813                   0000000180017418     model_sfun_registry.obj
 0003:00002428       $SG27003                   0000000180017428     model_sfun_registry.obj
 0003:00002468       $SG27004                   0000000180017468     model_sfun_registry.obj
 0003:00002478       $SG27011                   0000000180017478     model_sfun_registry.obj
 0003:00002480       $SG27009                   0000000180017480     model_sfun_registry.obj
 0003:000024c8       $SG27010                   00000001800174c8     model_sfun_registry.obj
 0003:000024d8       $SG27014                   00000001800174d8     model_sfun_registry.obj
 0003:000024e0       $SG27012                   00000001800174e0     model_sfun_registry.obj
 0003:00002538       $SG27013                   0000000180017538     model_sfun_registry.obj
 0003:00002548       $SG27036                   0000000180017548     model_sfun_registry.obj
 0003:00002588       $SG27037                   0000000180017588     model_sfun_registry.obj
 0003:00002598       $SG27038                   0000000180017598     model_sfun_registry.obj
 0003:000025a0       $SG27042                   00000001800175a0     model_sfun_registry.obj
 0003:000025e8       $SG27043                   00000001800175e8     model_sfun_registry.obj
 0003:000025f8       $SG27044                   00000001800175f8     model_sfun_registry.obj
 0003:00002600       $SG27045                   0000000180017600     model_sfun_registry.obj
 0003:00002658       $SG27046                   0000000180017658     model_sfun_registry.obj
 0003:00002668       $SG27047                   0000000180017668     model_sfun_registry.obj
 0003:00002670       $SG27071                   0000000180017670     model_sfun_registry.obj
 0003:000026c0       $SG27072                   00000001800176c0     model_sfun_registry.obj
 0003:000026d0       $SG27073                   00000001800176d0     model_sfun_registry.obj
 0003:000026d8       $SG27086                   00000001800176d8     model_sfun_registry.obj
 0003:000026e0       $SG27085                   00000001800176e0     model_sfun_registry.obj
 0003:00002740       $SG27087                   0000000180017740     model_sfun_registry.obj
 0003:00002748       $SG27100                   0000000180017748     model_sfun_registry.obj
 0003:00002750       $SG27099                   0000000180017750     model_sfun_registry.obj
 0003:000027b0       $SG27101                   00000001800177b0     model_sfun_registry.obj
 0003:000027b8       $SG28076                   00000001800177b8     model_sfun_registry.obj
 0003:000027d0       $SG27454                   00000001800177d0     model_sfun_registry.obj
 0003:00002848       $SG28147                   0000000180017848     model_sfun_registry.obj
 0003:00002850       $SG27457                   0000000180017850     model_sfun_registry.obj
 0003:000028c4       $SG28148                   00000001800178c4     model_sfun_registry.obj
 0003:000028d0       $SG27462                   00000001800178d0     model_sfun_registry.obj
 0003:00002948       $SG28149                   0000000180017948     model_sfun_registry.obj
 0003:00002950       $SG27470                   0000000180017950     model_sfun_registry.obj
 0003:000029c0       $SG27745                   00000001800179c0     model_sfun_registry.obj
 0003:00002a38       $SG28155                   0000000180017a38     model_sfun_registry.obj
 0003:00002a40       $SG27750                   0000000180017a40     model_sfun_registry.obj
 0003:00002ab8       $SG28158                   0000000180017ab8     model_sfun_registry.obj
 0003:00002ac0       $SG28089                   0000000180017ac0     model_sfun_registry.obj
 0003:00002b38       $SG28161                   0000000180017b38     model_sfun_registry.obj
 0003:00002b40       $SG28150                   0000000180017b40     model_sfun_registry.obj
 0003:00002bb8       $SG28167                   0000000180017bb8     model_sfun_registry.obj
 0003:00002bc0       $SG28152                   0000000180017bc0     model_sfun_registry.obj
 0003:00002c40       $SG28162                   0000000180017c40     model_sfun_registry.obj
 0003:00002cc0       $SG28163                   0000000180017cc0     model_sfun_registry.obj
 0003:00002cd0       $SG28165                   0000000180017cd0     model_sfun_registry.obj
 0003:00002cdc       $SG28169                   0000000180017cdc     model_sfun_registry.obj
 0003:00002ce8       $SG28171                   0000000180017ce8     model_sfun_registry.obj
 0003:00002cf8       $SG28294                   0000000180017cf8     model_sfun_registry.obj
 0003:00002d28       $SG28296                   0000000180017d28     model_sfun_registry.obj
 0003:00002d30       $SG28176                   0000000180017d30     model_sfun_registry.obj
 0003:00002e18       $SG28295                   0000000180017e18     model_sfun_registry.obj
 0003:00002e28       $SG28298                   0000000180017e28     model_sfun_registry.obj
 0003:00002e60       $SG28299                   0000000180017e60     model_sfun_registry.obj
 0003:00002e70       $SG28300                   0000000180017e70     model_sfun_registry.obj
 0003:00002e78       $SG28303                   0000000180017e78     model_sfun_registry.obj
 0003:00002eb0       $SG28304                   0000000180017eb0     model_sfun_registry.obj
 0003:00002ec0       $SG28305                   0000000180017ec0     model_sfun_registry.obj
 0003:00002ec8       $SG28307                   0000000180017ec8     model_sfun_registry.obj
 0003:00002f00       $SG28308                   0000000180017f00     model_sfun_registry.obj
 0003:00002f10       $SG28309                   0000000180017f10     model_sfun_registry.obj
 0003:00002f18       $SG28311                   0000000180017f18     model_sfun_registry.obj
 0003:00002f50       $SG28312                   0000000180017f50     model_sfun_registry.obj
 0003:00002f60       $SG28313                   0000000180017f60     model_sfun_registry.obj
 0003:00002f68       $SG28316                   0000000180017f68     model_sfun_registry.obj
 0003:00002f70       $SG28318                   0000000180017f70     model_sfun_registry.obj
 0003:00002f88       $SG28319                   0000000180017f88     model_sfun_registry.obj
 0003:00002fc0       $SG28320                   0000000180017fc0     model_sfun_registry.obj
 0003:00002fd0       $SG28321                   0000000180017fd0     model_sfun_registry.obj
 0003:00002fd8       $SG28491                   0000000180017fd8     model_sfun_registry.obj
 0003:00002ff8       $SG28498                   0000000180017ff8     model_sfun_registry.obj
 0003:00003010       $SG28492                   0000000180018010     model_sfun_registry.obj
 0003:000030a0       $SG28499                   00000001800180a0     model_sfun_registry.obj
 0003:00003130       $SG28505                   0000000180018130     model_sfun_registry.obj
 0003:00003148       $SG28524                   0000000180018148     model_sfun_registry.obj
 0003:00003168       $SG28529                   0000000180018168     model_sfun_registry.obj
 0003:00003190       $SG28506                   0000000180018190     model_sfun_registry.obj
 0003:00003220       $SG28512                   0000000180018220     model_sfun_registry.obj
 0003:00003240       $SG28513                   0000000180018240     model_sfun_registry.obj
 0003:000032d0       $SG28519                   00000001800182d0     model_sfun_registry.obj
 0003:000032f0       $SG28520                   00000001800182f0     model_sfun_registry.obj
 0003:00003380       $SG28525                   0000000180018380     model_sfun_registry.obj
 0003:00003410       $SG28530                   0000000180018410     model_sfun_registry.obj
 0003:000034a0       $SG28534                   00000001800184a0     model_sfun_registry.obj
 0003:000034c8       $SG28549                   00000001800184c8     model_sfun_registry.obj
 0003:000034e0       $SG28535                   00000001800184e0     model_sfun_registry.obj
 0003:00003570       $SG28539                   0000000180018570     model_sfun_registry.obj
 0003:00003590       $SG28540                   0000000180018590     model_sfun_registry.obj
 0003:00003620       $SG28544                   0000000180018620     model_sfun_registry.obj
 0003:00003640       $SG28545                   0000000180018640     model_sfun_registry.obj
 0003:000036d0       $SG28550                   00000001800186d0     model_sfun_registry.obj
 0003:00003760       $SG28554                   0000000180018760     model_sfun_registry.obj
 0003:00003780       $SG28555                   0000000180018780     model_sfun_registry.obj
 0003:00003810       $SG28559                   0000000180018810     model_sfun_registry.obj
 0003:00003830       $SG28560                   0000000180018830     model_sfun_registry.obj
 0003:000038c0       $SG28564                   00000001800188c0     model_sfun_registry.obj
 0003:000038e0       $SG28565                   00000001800188e0     model_sfun_registry.obj
 0003:00003970       $SG28569                   0000000180018970     model_sfun_registry.obj
 0003:00003990       $SG28570                   0000000180018990     model_sfun_registry.obj
 0003:00003a20       $SG28574                   0000000180018a20     model_sfun_registry.obj
 0003:00003a40       $SG28575                   0000000180018a40     model_sfun_registry.obj
 0003:00003ad0       $SG28579                   0000000180018ad0     model_sfun_registry.obj
 0003:00003af0       $SG28580                   0000000180018af0     model_sfun_registry.obj
 0003:00003b80       $SG28585                   0000000180018b80     model_sfun_registry.obj
 0003:00003b98       $SG28596                   0000000180018b98     model_sfun_registry.obj
 0003:00003bb0       $SG28586                   0000000180018bb0     model_sfun_registry.obj
 0003:00003c40       $SG28592                   0000000180018c40     model_sfun_registry.obj
 0003:00003cd0       $SG28597                   0000000180018cd0     model_sfun_registry.obj
 0003:00003d60       $SG28601                   0000000180018d60     model_sfun_registry.obj
 0003:00003d70       $SG28602                   0000000180018d70     model_sfun_registry.obj
 0003:00003e00       $SG28606                   0000000180018e00     model_sfun_registry.obj
 0003:00003e20       $SG28607                   0000000180018e20     model_sfun_registry.obj
 0003:00003eb0       $SG28611                   0000000180018eb0     model_sfun_registry.obj
 0003:00003ed0       $SG28612                   0000000180018ed0     model_sfun_registry.obj
 0003:00003f60       $SG28616                   0000000180018f60     model_sfun_registry.obj
 0003:00003f70       $SG28617                   0000000180018f70     model_sfun_registry.obj
 0003:00004000       $SG28621                   0000000180019000     model_sfun_registry.obj
 0003:00004010       $SG28622                   0000000180019010     model_sfun_registry.obj
 0003:000040a0       $SG28626                   00000001800190a0     model_sfun_registry.obj
 0003:000040b8       $SG28631                   00000001800190b8     model_sfun_registry.obj
 0003:000040d0       $SG28627                   00000001800190d0     model_sfun_registry.obj
 0003:00004160       $SG28632                   0000000180019160     model_sfun_registry.obj
 0003:000041f0       $SG28636                   00000001800191f0     model_sfun_registry.obj
 0003:00004200       $SG28637                   0000000180019200     model_sfun_registry.obj
 0003:00004290       $SG28645                   0000000180019290     model_sfun_registry.obj
 0003:000042a0       $SG28646                   00000001800192a0     model_sfun_registry.obj
 0003:00004330       $SG28652                   0000000180019330     model_sfun_registry.obj
 0003:00004340       $SG28653                   0000000180019340     model_sfun_registry.obj
 0003:000043d0       $SG28657                   00000001800193d0     model_sfun_registry.obj
 0003:000043e0       $SG28658                   00000001800193e0     model_sfun_registry.obj
 0003:00004470       $SG28663                   0000000180019470     model_sfun_registry.obj
 0003:00004480       $SG28664                   0000000180019480     model_sfun_registry.obj
 0003:00004510       $SG28668                   0000000180019510     model_sfun_registry.obj
 0003:00004588       $SG28711                   0000000180019588     model_sfun_registry.obj
 0003:00004598       $SG28792                   0000000180019598     model_sfun_registry.obj
 0003:000045a0       $SG28698                   00000001800195a0     model_sfun_registry.obj
 0003:000046b8       $SG28722                   00000001800196b8     model_sfun_registry.obj
 0003:000046c8       $SG28735                   00000001800196c8     model_sfun_registry.obj
 0003:000046d8       $SG28746                   00000001800196d8     model_sfun_registry.obj
 0003:000046e8       $SG28759                   00000001800196e8     model_sfun_registry.obj
 0003:000046f8       $SG28770                   00000001800196f8     model_sfun_registry.obj
 0003:00004708       $SG28780                   0000000180019708     model_sfun_registry.obj
 0003:00004728       $SG28791                   0000000180019728     model_sfun_registry.obj
 0003:00004758       $SG28793                   0000000180019758     model_sfun_registry.obj
 0003:00004760       $SG28804                   0000000180019760     model_sfun_registry.obj
 0003:00004798       $SG28805                   0000000180019798     model_sfun_registry.obj
 0003:000047a0       $SG28806                   00000001800197a0     model_sfun_registry.obj
 0003:000047f0       sRtwOptimizationInfoStruct 00000001800197f0     model_sfun.obj
 0003:000047f8       sOptimizationInfoFlags     00000001800197f8     model_sfun.obj
 0003:00004800       _sfTime_                   0000000180019800     c2_model.obj
 0003:00004808       $SG26506                   0000000180019808     c2_model.obj
 0003:00004809       $SG27137                   0000000180019809     c2_model.obj
 0003:0000480a       $SG27138                   000000018001980a     c2_model.obj
 0003:0000480b       $SG27277                   000000018001980b     c2_model.obj
 0003:00004810       ?newstr@?1??sf_c2_model_get_post_codegen_info@@9@9 0000000180019810     c2_model.obj
 0003:00004d90       sfGlobalMdlStartCallCounts 0000000180019d90     model_sfun_registry.obj
 0003:00004d94       $SG28143                   0000000180019d94     model_sfun_registry.obj
 0003:00004d96       ?warningGuard@?1??ssGetRootSS@@9@9 0000000180019d96     model_sfun_registry.obj
 0003:00004d97       ?warningGuard@?1??ssGetParentSS@@9@9 0000000180019d97     model_sfun_registry.obj
 0003:00004da0       GS_ExceptionRecord         0000000180019da0     MSVCRT:gs_report.obj
 0003:00004e40       GS_ContextRecord           0000000180019e40     MSVCRT:gs_report.obj
 0003:00005310       ?__proc_attached@@3HA      000000018001a310     MSVCRT:dll_dllmain.obj
 0003:00005350       ?is_initialized_as_dll@@3_NA 000000018001a350     MSVCRT:utility.obj
 0003:00005351       ?module_local_atexit_table_initialized@@3_NA 000000018001a351     MSVCRT:utility.obj
 0003:00005358       ?module_local_atexit_table@@3U_onexit_table_t@@A 000000018001a358     MSVCRT:utility.obj
 0003:00005370       ?module_local_at_quick_exit_table@@3U_onexit_table_t@@A 000000018001a370     MSVCRT:utility.obj
